boot/vbe_request.c:74:12:vbe_req_random_seed	0	static
boot/vbe_request.c:79:12:vbe_req_aslr_move	0	static
boot/vbe_request.c:84:12:vbe_req_aslr_rand	0	static
boot/vbe_request.c:89:12:vbe_req_efi_runtime_rand	0	static
boot/vbe_simple.c:146:12:vbe_simple_read_bootflow	0	static
boot/vbe_simple.c:204:12:bootmeth_vbe_simple_bind	0	static
cmd/panic.c:9:12:do_panic	16	static
cmd/date.c:98:12:cnvrt2	0	static
cmd/dm.c:21:12:do_dm_dump_devres	0	static
cmd/eficonfig.c:136:13:eficonfig_menu_adjust	0	static
cmd/eficonfig.c:304:14:eficonfig_process_quit	0	static
cmd/eficonfig.c:487:21:eficonfig_volume_selected	0	static
cmd/eficonfig.c:1017:14:eficonfig_process_clear_file_selection	0	static
cmd/eficonfig.c:1618:21:eficonfig_process_boot_selected	0	static
cmd/bootflow.c:68:13:show_bootflow	32	static
cmd/bootflow.c:78:13:show_header	16	static
cmd/bootflow.c:499:12:do_bootflow_menu	16	static
cmd/bdinfo.c:36:6:bdinfo_print_num_l	0	static
cmd/efidebug.c:526:12:do_efi_show_defaults	16	static
cmd/eficonfig.c:209:6:eficonfig_display_statusline	32	static
cmd/console.c:15:12:do_coninfo	64	static
cmd/dm.c:13:12:do_dm_dump_driver_compat	64	static
cmd/dm.c:50:12:do_dm_dump_static_driver_info	48	static
cmd/eficonfig.c:184:6:eficonfig_print_entry	48	static
cmd/eficonfig.c:1841:13:eficonfig_print_change_boot_order_entry	48	static
cmd/cache.c:77:12:parse_argv	32	static
cmd/eficonfig.c:280:6:eficonfig_destroy	64	static
boot/vbe_request.c:151:12:bootmeth_vbe_ft_fixup	224	static
boot/vbe_simple.c:92:5:vbe_simple_read_state	672	static
boot/vbe_simple.c:127:12:vbe_simple_get_state_desc	320	static
boot/vbe_simple.c:162:12:vbe_simple_read_file	16	static
boot/vbe_simple.c:184:12:bootmeth_vbe_simple_probe	48	static
boot/vbe_simple_os.c:52:12:bootmeth_vbe_simple_ft_fixup	352	static
cmd/boot.c:24:12:do_go	48	static
cmd/bootm.c:135:5:do_bootm	144	static
cmd/bootdev.c:147:1:do_bootdev	48	static
cmd/bootflow.c:609:1:do_bootflow	48	static
cmd/bootmeth.c:130:1:do_bootmeth	48	static
cmd/blkcache.c:49:12:do_blkcache	48	static
cmd/dm.c:123:1:do_dm	48	static
cmd/efidebug.c:1430:12:do_efi_boot_opt	48	static
cmd/efidebug.c:1506:12:do_efi_test	48	static
cmd/bootm.c:239:5:do_bootd	32	static
cmd/help.c:9:12:do_help	96	dynamic
cmd/version.c:15:12:do_version	224	static
cmd/bootdev.c:34:12:do_bootdev_list	96	static
cmd/bootdev.c:45:12:do_bootdev_select	64	static
cmd/bootflow.c:443:12:do_bootflow_read	32	static
cmd/bootmeth.c:17:12:do_bootmeth_list	112	static
cmd/bootdev.c:67:12:do_bootdev_info	80	static
cmd/bootdev.c:147:1:complete_bootdev	0	static
cmd/bootflow.c:609:1:complete_bootflow	0	static
cmd/bootmeth.c:130:1:complete_bootmeth	0	static
cmd/dm.c:123:1:complete_dm	0	static
cmd/bootflow.c:472:12:do_bootflow_boot	32	static
cmd/bootflow.c:248:12:do_bootflow_list	64	static
cmd/bootflow.c:291:12:do_bootflow_select	96	static
cmd/eeprom.c:205:13:parse_numeric_param	32	static
cmd/echo.c:9:12:do_echo	48	static
cmd/bootflow.c:358:12:do_bootflow_info	64	static
cmd/bootflow.c:526:12:do_bootflow_cmdline	160	static
cmd/bootmeth.c:91:12:do_bootmeth_order	32	static
cmd/bootmeth.c:106:12:do_bootmeth_set	64	static
cmd/source.c:26:12:do_source	64	static
cmd/eficonfig.c:318:14:eficonfig_append_menu_entry	64	static
cmd/eficonfig.c:348:14:eficonfig_append_quit_entry	32	static
cmd/eficonfig.c:371:7:eficonfig_create_fixed_menu	64	static
cmd/bdinfo.c:180:5:do_bdinfo	80	static
cmd/bind.c:50:12:find_dev	48	static
cmd/bind.c:198:12:do_bind_unbind	64	static
cmd/blkcache.c:29:12:blkc_configure	48	static
cmd/efidebug.c:1612:12:do_efidebug	48	static
cmd/bootefi.c:130:12:do_bootefi	128	static
cmd/bootz.c:73:5:do_bootz	128	static
cmd/cache.c:16:12:do_icache	16	static
cmd/cache.c:45:12:do_dcache	16	static
cmd/date.c:26:12:do_date	112	static
cmd/dm.c:29:12:do_dm_dump_drivers	96	static
cmd/dm.c:58:12:do_dm_dump_tree	80	static
cmd/dm.c:85:12:do_dm_dump_uclass	80	static
cmd/eeprom.c:146:12:eeprom_rw	128	static
cmd/eeprom.c:449:5:do_eeprom	80	static
cmd/efidebug.c:398:12:do_efi_show_drivers	112	static
cmd/efidebug.c:506:12:do_efi_show_images	16	static
cmd/efidebug.c:610:12:do_efi_show_memmap	112	static
cmd/efidebug.c:668:12:do_efi_show_tables	64	static
cmd/efidebug.c:699:25:create_lo_dp_part	144	static
cmd/efidebug.c:1311:12:do_efi_boot_next	64	static
cmd/eficonfig.c:1984:21:eficonfig_process_save_boot_order	96	static
cmd/efidebug.c:848:12:do_efi_boot_add	176	static
cmd/efidebug.c:1037:12:do_efi_boot_rm	96	static
cmd/efidebug.c:1164:12:do_efi_boot_dump	144	static
cmd/efidebug.c:1360:12:do_efi_boot_order	160	static
cmd/efidebug.c:1463:27:do_efi_test_bootmgr	64	static
cmd/efidebug.c:1537:12:do_efi_query_info	112	static
cmd/eficonfig.c:165:6:eficonfig_print_msg	32	static
cmd/eficonfig.c:231:7:eficonfig_choice_entry	64	static
cmd/eficonfig.c:1874:7:eficonfig_choice_change_boot_order	64	static
cmd/eficonfig.c:507:25:eficonfig_create_device_path	48	static
cmd/eficonfig.c:991:21:eficonfig_boot_edit_save	32	static
cmd/eficonfig.c:546:21:eficonfig_file_selected	64	static
cmd/eficonfig.c:734:12:sort_file	0	static
cmd/eficonfig.c:923:21:handle_user_input	112	static
cmd/eficonfig.c:959:21:eficonfig_boot_add_enter_description	0	static
cmd/eficonfig.c:975:21:eficonfig_boot_add_optional_data	0	static
cmd/eficonfig.c:1041:14:eficonfig_process_show_file_option	32	static
cmd/eficonfig.c:1187:21:create_boot_option_entry	80	static
cmd/eficonfig.c:2047:21:eficonfig_add_change_boot_order_entry	160	static
cmd/eficonfig.c:2196:21:eficonfig_process_change_boot_order	144	static
cmd/eficonfig.c:2342:12:do_eficonfig	96	static
boot/image-fit.c:752:5:fit_image_get_type	48	static
boot/image-fit.c:784:5:fit_image_get_comp	48	static
boot/image-fit.c:835:12:fit_image_get_address	48	static
boot/image-fit.c:1049:5:fit_image_get_data_and_size	80	static
boot/image-fit.c:1124:5:fit_image_hash_get_value	48	static
boot/image-fit-sig.c:257:12:fit_config_check_sig	640	dynamic
boot/image-fit.c:1536:5:fit_image_check_os	48	static
boot/image-fit.c:1591:5:fit_image_check_type	48	static
boot/image-fit.c:1632:12:fdt_check_no_at	32	static
boot/image-fit.c:1886:5:fit_conf_get_prop_node_index	48	static
boot/common_fit.c:12:7:fdt_getprop_u32	32	static
boot/common_fit.c:34:5:fit_find_config_node	80	static
boot/image-fit-sig.c:546:5:fit_config_verify	128	static
cmd/bootm.c:175:5:bootm_maybe_autostart	64	static
boot/image-fit.c:1419:5:fit_image_verify	320	static
cmd/bootm.c:282:12:image_info	144	static
cmd/bootm.c:263:12:do_iminfo	64	static
cmd/efidebug.c:451:12:do_efi_show_handles	128	static
cmd/eficonfig.c:1636:21:eficonfig_add_boot_selection_entry	160	static
cmd/eficonfig.c:1704:21:eficonfig_show_boot_selection	128	static
cmd/eficonfig.c:2257:21:eficonfig_process_delete_boot_option	32	static
boot/image-fit.c:1821:5:fit_conf_get_node	64	static
cmd/bootdev.c:109:12:do_bootdev_hunt	144	static
cmd/bootflow.c:129:12:do_bootflow_scan	576	static
cmd/blkcache.c:13:12:blkc_show	64	static
cmd/eficonfig.c:1072:14:eficonfig_process_select_file	224	static
cmd/eficonfig.c:1217:21:prepare_file_selection_entry	112	static
cmd/eficonfig.c:1387:21:eficonfig_edit_boot_option	256	static
cmd/eficonfig.c:1581:21:eficonfig_process_add_boot_option	64	static
cmd/eficonfig.c:1791:21:eficonfig_process_edit_boot_option	112	static
cmd/booti.c:103:5:do_booti	176	static
