drivers/dma/ti/k3-udma-common.c:65:6:udma_is_chan_running	0	static
drivers/dma/ti/k3-udma-common.c:152:6:udma_reset_counters	0	static
drivers/dma/ti/k3-udma-common.c:213:5:udma_start	16	static
drivers/dma/ti/k3-udma-common.c:519:13:udma_put_rchan	0	static
drivers/dma/ti/k3-udma-common.c:531:13:udma_put_tchan	0	static
drivers/dma/ti/k3-udma-common.c:545:13:udma_put_rflow	0	static
drivers/dma/ti/k3-udma-common.c:840:13:bcdma_put_bchan	0	static
drivers/dfu/dfu.c:32:12:on_dfu_alt_info	0	static
drivers/dfu/dfu_sf.c:16:12:dfu_get_medium_size_sf	0	static
drivers/dfu/dfu_ram.c:44:5:dfu_get_medium_size_ram	0	static
drivers/dfu/dfu_mtd.c:194:12:dfu_get_medium_size_mtd	0	static
drivers/dfu/dfu_mtd.c:273:21:dfu_polltimeout_mtd	0	static
drivers/dfu/dfu_sf.c:84:21:dfu_polltimeout_sf	0	static
drivers/gpio/gpio-uclass.c:1518:12:gpio_post_bind	0	static
drivers/gpio/pca953x_gpio.c:276:12:pca953x_get_function	0	static
drivers/gpio/pca953x_gpio.c:284:12:pca953x_xlate	0	static
drivers/gpio/da8xx_gpio.c:435:29:davinci_get_gpio_bank	0	static
drivers/gpio/da8xx_gpio.c:451:12:davinci_gpio_direction_input	16	static
drivers/gpio/da8xx_gpio.c:462:12:davinci_gpio_direction_output	16	static
drivers/gpio/da8xx_gpio.c:471:12:davinci_gpio_get_value	16	static
drivers/gpio/da8xx_gpio.c:478:12:davinci_gpio_set_value	16	static
drivers/gpio/da8xx_gpio.c:488:12:davinci_gpio_get_function	16	static
drivers/gpio/da8xx_gpio.c:501:12:davinci_gpio_xlate	0	static
drivers/sysreset/sysreset_psci.c:11:12:psci_sysreset_get_status	0	static
drivers/firmware/psci.c:344:12:psci_power_domain_xlate	0	static
drivers/firmware/psci.c:354:12:psci_power_domain_probe	0	static
drivers/i2c/i2c-uclass.c:58:12:i2c_setup_offset	0	static
drivers/dfu/dfu_mmc.c:319:6:dfu_free_entity_mmc	32	static
drivers/dma/ti/k3-udma-common.c:57:6:udma_reset_uchan	32	static
drivers/dma/ti/k3-udma-common.c:923:5:udma_enable	16	static
drivers/dma/ti/k3-udma-common.c:1180:5:udma_get_cfg	16	static
drivers/firmware/scmi/scmi_agent-uclass.c:50:13:scmi_protocol_is_supported	16	static
drivers/firmware/scmi/scmi_agent-uclass.c:122:12:scmi_add_protocol	16	static
drivers/firmware/scmi/scmi_agent-uclass.c:172:24:find_scmi_protocol_device	16	static
drivers/dma/ti/k3-udma-common.c:357:5:udma_stop	48	static
drivers/dma/ti/k3-udma-common.c:940:5:udma_disable	16	static
drivers/i2c/omap24xx_i2c.c:254:12:wait_for_event	64	static
drivers/dma/ti/k3-udma-common.c:381:6:udma_poll_completion	64	static
drivers/dma/ti/k3-udma-common.c:393:20:__udma_reserve_rflow	144	static
drivers/dma/ti/k3-udma-common.c:557:6:udma_free_tx_resources	32	static
drivers/dma/ti/k3-udma-common.c:619:6:udma_free_rx_resources	32	static
drivers/dma/ti/k3-udma-common.c:853:6:bcdma_free_bchan_resources	32	static
drivers/dma/ti/k3-udma-am62l.c:413:12:am62l_udma_rfree	32	static
drivers/dma/ti/k3-udma-am62l.c:535:12:am62l_udma_remove	16	static
drivers/dma/ti/k3-udma-common.c:1019:5:udma_receive	80	static
drivers/dma/ti/k3-udma-common.c:1069:5:udma_of_xlate	32	static
drivers/dma/ti/k3-udma-am62l.c:66:12:bcdma_v2_alloc_chan_resources	64	static
drivers/dma/ti/k3-udma-am62l.c:197:12:am62l_udma_request	80	static
drivers/dfu/dfu.c:217:16:dfu_get_buf	48	static
drivers/dfu/dfu.c:601:5:dfu_alt_init	48	static
drivers/dfu/dfu_sf.c:23:12:dfu_read_medium_sf	32	static
drivers/dfu/dfu_sf.c:65:12:dfu_flush_medium_sf	0	static
drivers/dfu/dfu_mtd.c:235:12:dfu_flush_medium_mtd	144	static
drivers/dfu/dfu.c:624:5:dfu_alt_add	320	static
drivers/dfu/dfu_mmc.c:25:12:mmc_block_op	80	static
drivers/dfu/dfu_mtd.c:34:12:mtd_block_op	288	static
drivers/dfu/dfu_sf.c:46:12:dfu_write_medium_sf	48	static
drivers/gpio/gpio-uclass.c:1363:12:gpio_renumber	48	static
drivers/gpio/gpio-uclass.c:1400:12:gpio_post_probe	32	static
drivers/gpio/gpio-uclass.c:1419:12:gpio_pre_remove	48	static
drivers/gpio/da8xx_gpio.c:543:12:davinci_gpio_of_to_plat	64	static
drivers/gpio/da8xx_gpio.c:522:12:davinci_gpio_probe	48	static
drivers/firmware/psci.c:240:28:do_psci_probe	32	static
drivers/sysreset/sysreset_psci.c:16:12:psci_sysreset_request	32	static
drivers/firmware/psci.c:307:5:do_poweroff	16	static
drivers/firmware/scmi/smccc_agent.c:40:12:scmi_smccc_process_msg	96	static
drivers/firmware/scmi/mailbox_agent.c:41:12:scmi_mbox_process_msg	96	static
drivers/i2c/i2c-uclass.c:774:12:i2c_post_bind	0	static
drivers/core/regmap.c:648:5:regmap_update_bits	64	static
drivers/core/ofnode.c:387:5:ofnode_read_u32_index	48	static
drivers/core/ofnode.c:374:5:ofnode_read_u32	0	static
drivers/core/ofnode.c:379:5:ofnode_read_u32_default	32	static
drivers/i2c/i2c-uclass.c:761:12:i2c_child_post_bind	32	static
drivers/core/ofnode.c:543:13:ofnode_read_string	48	static
drivers/firmware/psci.c:208:12:psci_probe	32	static
drivers/core/ofnode.c:561:5:ofnode_read_size	32	static
drivers/core/ofnode.c:571:8:ofnode_find_subnode	16	static
drivers/core/ofnode.c:597:5:ofnode_read_u32_array	48	static
drivers/core/ofnode.c:625:6:ofnode_is_enabled	16	static
drivers/core/ofnode.c:635:8:ofnode_first_subnode	16	static
drivers/core/ofnode.c:645:8:ofnode_next_subnode	16	static
drivers/i2c/i2c-uclass.c:724:12:i2c_pre_probe	64	static
drivers/core/ofnode.c:656:8:ofnode_get_parent	16	static
drivers/core/ofnode.c:670:13:ofnode_get_name	0	static
drivers/firmware/psci.c:173:12:psci_bind	48	static
drivers/firmware/scmi/scmi_agent-uclass.c:360:12:scmi_bind_protocols	112	static
drivers/core/ofnode.c:807:5:ofnode_stringlist_search	16	static
drivers/core/ofnode.c:944:8:ofnode_path	16	static
drivers/core/ofnode.c:1186:13:ofnode_get_property	0	static
drivers/core/of_extra.c:136:6:ofnode_phy_is_fixed_link	64	static
drivers/core/ofnode.c:1195:6:ofnode_has_property	16	static
drivers/core/ofnode.c:1278:16:ofnode_read_u8_array_ptr	48	static
drivers/core/ofnode.c:1451:5:ofnode_read_simple_addr_cells	0	static
drivers/core/ofnode.c:1460:5:ofnode_read_simple_size_cells	0	static
drivers/core/syscon-uclass.c:43:12:syscon_pre_probe	96	static
drivers/core/ofnode.c:1469:6:ofnode_pre_reloc	32	static
drivers/core/ofnode.c:1507:5:ofnode_read_resource	48	static
drivers/core/ofnode.c:1631:5:ofnode_write_string	48	static
drivers/core/ofnode.c:1641:5:ofnode_write_u32	48	static
drivers/core/ofnode.c:1716:5:ofnode_conf_read_int	32	static
drivers/core/ofnode.c:1851:17:ofnode_read_phy_mode	48	static
drivers/core/ofnode.c:1874:5:ofnode_add_subnode	48	static
drivers/core/ofnode.c:1932:5:ofnode_copy_props	48	static
drivers/dma/dma-uclass.c:137:5:dma_enable	0	static
drivers/dma/dma-uclass.c:234:5:dma_memcpy	96	static
drivers/dfu/dfu.c:163:5:dfu_init_env_entities	112	static
drivers/dfu/dfu.c:264:12:dfu_write_buffer_drain	48	static
drivers/dfu/dfu.c:293:6:dfu_transaction_cleanup	32	static
drivers/dfu/dfu.c:583:6:dfu_free_entities	48	static
drivers/dfu/dfu.c:673:13:dfu_get_layout	112	static
drivers/dfu/dfu_mtd.c:201:12:dfu_read_medium_mtd	16	static
drivers/dfu/dfu_mtd.c:218:12:dfu_write_medium_mtd	16	static
drivers/dfu/dfu_mmc.c:97:12:mmc_file_op	80	static
drivers/dfu/dfu_mmc.c:249:5:dfu_get_medium_size_mmc	16	static
drivers/dfu/dfu_mmc.c:224:5:dfu_flush_medium_mmc	32	static
drivers/dfu/dfu.c:699:20:dfu_get_entity	0	static
drivers/gpio/gpio-uclass.c:59:12:gpio_to_device	48	static
drivers/gpio/gpio-uclass.c:385:5:dm_gpio_request	64	static
drivers/gpio/gpio-uclass.c:413:12:dm_gpio_requestf	224	static
drivers/gpio/gpio-uclass.c:519:12:check_reserved	48	static
drivers/gpio/gpio-uclass.c:593:5:dm_gpio_get_value	32	static
drivers/gpio/gpio-uclass.c:604:5:dm_gpio_set_value	32	static
drivers/gpio/gpio-uclass.c:741:5:dm_gpio_set_dir_flags	0	static
drivers/gpio/gpio-uclass.c:808:5:gpio_get_value	48	static
drivers/gpio/gpio-uclass.c:860:12:get_function	48	static
drivers/sysreset/sysreset-uclass.c:35:5:sysreset_get_status	0	static
drivers/firmware/scmi/scmi_agent-uclass.c:158:5:scmi_to_linux_errno	0	static
drivers/firmware/scmi/scmi_agent-uclass.c:217:5:devm_scmi_of_get_channel	32	static
drivers/firmware/scmi/scmi_agent-uclass.c:264:5:devm_scmi_process_msg	32	static
drivers/firmware/scmi/base.c:78:12:scmi_protocol_attrs_int	80	static
drivers/firmware/scmi/base.c:113:12:scmi_protocol_message_attrs_int	96	static
drivers/firmware/scmi/base.c:148:12:scmi_base_discover_vendor_int	96	static
drivers/firmware/scmi/base.c:185:12:scmi_base_discover_sub_vendor_int	96	static
drivers/firmware/scmi/base.c:222:12:scmi_base_discover_impl_version_int	80	static
drivers/firmware/scmi/base.c:258:12:scmi_base_discover_list_protocols_int	144	static
drivers/firmware/scmi/base.c:319:12:scmi_base_discover_agent_int	112	static
drivers/firmware/scmi/base.c:362:12:scmi_base_set_device_permissions_int	80	static
drivers/firmware/scmi/base.c:405:12:scmi_base_set_protocol_permissions_int	80	static
drivers/firmware/scmi/base.c:446:12:scmi_base_reset_agent_configuration_int	80	static
drivers/firmware/scmi/base.c:28:5:scmi_generic_protocol_version	80	static
drivers/firmware/scmi/base.c:60:12:scmi_base_protocol_version_int	0	static
drivers/firmware/scmi/base.c:481:12:scmi_base_probe	48	static
drivers/firmware/scmi/pwdom.c:104:5:scmi_pwd_state_set	80	static
drivers/i2c/i2c-uclass.c:133:5:dm_i2c_read	144	static
drivers/gpio/pca953x_gpio.c:142:12:pca953x_read_regs	16	static
drivers/gpio/pca953x_gpio.c:201:12:pca953x_get_value	64	static
drivers/i2c/i2c-uclass.c:486:5:dm_i2c_set_bus_speed	32	static
drivers/i2c/i2c-uclass.c:747:12:i2c_post_probe	32	static
drivers/i2c/i2c-uclass.c:544:5:i2c_set_chip_offset_len	0	static
drivers/i2c/i2c-uclass.c:579:13:i2c_gpio_set_pin.part.0	0	static
drivers/i2c/omap24xx_i2c.c:222:12:wait_for_bb	64	static
drivers/i2c/omap24xx_i2c.c:284:13:flush_fifo	32	static
drivers/i2c/omap24xx_i2c.c:1062:12:omap_i2c_xfer	144	static
drivers/i2c/omap24xx_i2c.c:1117:12:omap_i2c_probe_chip	64	static
drivers/i2c/omap24xx_i2c.c:304:12:__omap24_i2c_setspeed	16	static
drivers/i2c/omap24xx_i2c.c:1107:12:omap_i2c_set_bus_speed	0	static
drivers/core/ofnode.c:900:5:ofnode_parse_phandle_with_args	112	static
drivers/dma/dma-uclass.c:94:5:dma_get_by_name	144	static
drivers/gpio/gpio-uclass.c:1219:5:gpio_request_by_name	144	static
drivers/firmware/scmi/smt.c:27:5:scmi_dt_get_smt_buffer	240	static
drivers/firmware/scmi/smccc_agent.c:63:12:setup_channel	48	static
drivers/firmware/scmi/smccc_agent.c:82:12:scmi_smccc_get_channel	64	static
drivers/firmware/scmi/smccc_agent.c:114:12:scmi_smccc_of_to_plat	0	static
drivers/firmware/scmi/mailbox_agent.c:74:12:setup_channel	160	static
drivers/firmware/scmi/mailbox_agent.c:95:12:scmi_mbox_get_channel	48	static
drivers/firmware/scmi/mailbox_agent.c:126:5:scmi_mbox_of_to_plat	0	static
drivers/dma/ti/k3-udma-common.c:705:12:udma_push_to_ring	64	static
drivers/dma/ti/k3-udma-common.c:907:5:udma_transfer	128	static
drivers/dma/ti/k3-udma-common.c:960:5:udma_send	112	static
drivers/dma/ti/k3-udma-common.c:1133:5:udma_prepare_rcv_buf	80	static
drivers/dfu/dfu_mmc.c:197:5:dfu_write_medium_mmc	64	static
drivers/dfu/dfu_mmc.c:298:5:dfu_read_medium_mmc	64	static
drivers/dfu/dfu_ram.c:38:12:dfu_write_medium_ram	16	static
drivers/dfu/dfu_ram.c:51:12:dfu_read_medium_ram	16	static
drivers/i2c/i2c-uclass.c:163:5:dm_i2c_write	192	static
drivers/gpio/pca953x_gpio.c:105:12:pca953x_write_single	48	static
drivers/gpio/pca953x_gpio.c:216:12:pca953x_set_value	32	static
drivers/gpio/pca953x_gpio.c:238:12:pca953x_set_direction	32	static
drivers/gpio/pca953x_gpio.c:260:12:pca953x_direction_input	0	static
drivers/gpio/pca953x_gpio.c:265:12:pca953x_direction_output	32	static
drivers/gpio/pca953x_gpio.c:302:12:pca953x_probe	128	static
drivers/core/ofnode.c:1568:5:ofnode_device_is_compatible	80	static
drivers/core/syscon-uclass.c:113:16:syscon_regmap_lookup_by_phandle	80	static
drivers/dma/ti/k3-udma-am62l.c:437:12:am62l_udma_probe	96	static
drivers/sysreset/sysreset-uclass.c:94:6:sysreset_walk_halt	48	static
drivers/sysreset/sysreset-uclass.c:121:5:do_reset.part.0	32	static
drivers/sysreset/sysreset-uclass.c:121:5:do_reset	16	static
