drivers/mtd/spi/sf-uclass.c:88:12:spi_flash_post_bind	0	static
drivers/mtd/spi/sf_probe.c:165:12:spi_flash_std_read	32	static
drivers/mtd/spi/sf_probe.c:175:12:spi_flash_std_write	32	static
drivers/mtd/spi/spi-nor-core.c:597:12:read_cr	32	static
drivers/mtd/spi/spi-nor-core.c:1297:13:stm_get_locked_range	0	static
drivers/mtd/spi/spi-nor-core.c:1342:12:stm_is_locked_sr	32	static
drivers/mtd/spi/spi-nor-core.c:1592:12:spi_nor_read	64	static
drivers/mtd/spi/spi-nor-core.c:2365:12:spi_nor_read_sfdp	64	static
drivers/mtd/spi/spi-nor-core.c:2548:1:spi_nor_post_bfpt_fixups	0	static
drivers/mtd/spi/spi-nor-core.c:3266:12:spi_nor_hwcaps2cmd	0	static
drivers/mtd/spi/spi-nor-core.c:3712:13:s25fs_s_late_init	0	static
drivers/mtd/spi/spi-nor-core.c:3718:12:s25fs_s_post_bfpt_fixup	0	static
drivers/mtd/spi/spi-nor-core.c:3737:13:s25fs_s_post_sfdp_fixup	0	static
drivers/mtd/spi/spi-nor-core.c:3849:13:s25_late_init	0	static
drivers/mtd/spi/spi-nor-core.c:3921:13:s25_post_sfdp_fixup	0	static
drivers/mtd/spi/spi-nor-core.c:4019:13:s28hx_t_late_init	0	static
drivers/mtd/spi/spi-nor-core.c:4033:13:s28hx_t_post_sfdp_fixup	0	static
drivers/mtd/spi/spi-nor-core.c:4119:13:mt35xu512aba_late_init	0	static
drivers/mtd/spi/spi-nor-core.c:4125:13:mt35xu512aba_post_sfdp_fixup	0	static
drivers/mtd/spi/sf_probe.c:185:12:spi_flash_std_erase	144	static
drivers/mtd/spi/spi-nor-core.c:291:12:spi_nor_read_write_reg	0	static
drivers/mtd/spi/spi-nor-core.c:370:12:spansion_write_any_reg	96	static
drivers/mtd/ubi/attach.c:1167:13:destroy_ai	48	static
drivers/mtd/ubi/vmt.c:134:13:vol_release	32	static
drivers/mtd/spi/spi-nor-core.c:3327:12:spi_nor_check_op	32	static
drivers/mtd/spi/spi-nor-core.c:3680:12:s25fs_s_erase_non_uniform	0	static
drivers/mtd/spi/spi-nor-core.c:3796:12:s25_s28_erase_non_uniform	0	static
drivers/mtd/ubi/attach.c:119:12:add_to_list	64	static
drivers/mtd/ubi/attach.c:192:12:validate_vid_hdr	48	static
drivers/mtd/ubi/attach.c:449:5:ubi_add_to_av	144	static
drivers/mtd/ubi/attach.c:631:6:ubi_remove_av	64	static
drivers/mtd/ubi/attach.c:1504:12:self_check_ai	112	static
drivers/mtd/ubi/vtbl.c:299:12:create_vtbl	112	static
drivers/mtd/spi/sf-uclass.c:21:5:spi_flash_read_dm	0	static
drivers/mtd/spi/sf-uclass.c:26:5:spi_flash_write_dm	0	static
drivers/mtd/spi/sf-uclass.c:32:5:spi_flash_erase_dm	0	static
drivers/mtd/spi/sf-uclass.c:50:19:spi_flash_probe	96	static
drivers/mtd/spi/sf-uclass.c:73:5:spi_flash_probe_bus_cs	80	static
drivers/mtd/spi/spi-nor-core.c:255:6:spi_nor_setup_op	0	static
drivers/mtd/spi/spi-nor-core.c:301:12:spi_nor_read_reg	80	static
drivers/mtd/spi/spi-nor-core.c:318:12:spi_nor_write_reg	80	static
drivers/mtd/spi/spi-nor-core.c:334:12:spansion_read_any_reg	96	static
drivers/mtd/spi/spi-nor-core.c:3768:12:s25_s28_mdp_ready	64	static
drivers/mtd/spi/spi-nor-core.c:3862:12:s25_s28_post_bfpt_fixup	80	static
drivers/mtd/spi/spi-nor-core.c:387:26:spi_nor_read_op	80	static
drivers/mtd/spi/spi-nor-core.c:404:16:spi_nor_read_data	128	static
drivers/mtd/spi/spi-nor-core.c:449:16:spi_nor_write_data	96	static
drivers/mtd/spi/spi-nor-core.c:3613:12:spi_nor_default_setup	160	static
drivers/mtd/spi/spi-nor-core.c:3688:12:s25fs_s_setup	64	static
drivers/mtd/spi/spi-nor-core.c:3803:12:s25_s28_setup	64	static
drivers/mtd/spi/spi-nor-core.c:4349:12:spi_nor_soft_reset	112	static
drivers/mtd/spi/sf_probe.c:222:12:spi_flash_std_remove	0	static
drivers/mtd/spi/spi-nor-core.c:489:12:read_sr	80	static
drivers/mtd/spi/sf_probe.c:204:12:spi_flash_std_get_sw_write_prot	16	static
drivers/mtd/spi/spi-nor-core.c:1386:12:stm_lock	48	static
drivers/mtd/spi/spi-nor-core.c:1466:12:stm_unlock	64	static
drivers/mtd/spi/spi-nor-core.c:1551:12:stm_is_unlocked	64	static
drivers/mtd/spi/spi-nor-core.c:655:12:write_enable	0	static
drivers/mtd/spi/spi-nor-core.c:2166:12:spansion_quad_enable_volatile	64	static
drivers/mtd/spi/spi-nor-core.c:3675:12:s25fs_s_quad_enable	0	static
drivers/mtd/spi/spi-nor-core.c:3782:12:s25_quad_enable	48	static
drivers/mtd/spi/spi-nor-core.c:3970:12:spi_nor_cypress_octal_dtr_enable	96	static
drivers/mtd/spi/spi-nor-core.c:663:12:write_disable	0	static
drivers/mtd/spi/spi-nor-core.c:907:12:spi_nor_wait_till_ready_with_timeout	128	static
drivers/mtd/spi/spi-nor-core.c:4072:12:spi_nor_micron_octal_dtr_enable	144	static
drivers/mtd/spi/spi-nor-core.c:1117:12:spi_nor_erase	160	static
drivers/mtd/spi/spi-nor-core.c:2215:12:write_sr_cr	32	static
drivers/mtd/spi/spi-nor-core.c:2251:12:spansion_read_cr_quad_enable	48	static
drivers/mtd/spi/spi-nor-core.c:2305:12:spansion_no_read_cr_quad_enable	48	static
drivers/mtd/ubi/build.c:283:20:ubi_get_device	0	static
drivers/mtd/ubi/build.c:480:13:kill_volumes	0	static
drivers/mtd/ubi/build.c:591:6:ubi_free_internal_volumes	48	static
drivers/mtd/spi/spi-nor-core.c:1967:12:spi_nor_write	112	static
drivers/mtd/spi/spi-nor-core.c:2419:12:spi_nor_read_sfdp_dma_unsafe	64	static
drivers/mtd/spi/spi-nor-core.c:4452:5:spi_nor_scan	656	static
drivers/mtd/spi/sf_probe.c:211:5:spi_flash_std_probe	48	static
drivers/mtd/ubi/vtbl.c:167:12:vtbl_check	128	static
drivers/mtd/ubi/vtbl.c:100:5:ubi_change_vtbl_record	112	static
drivers/mtd/ubi/build.c:874:5:ubi_attach_mtd_dev	336	static
drivers/mtd/ubi/upd.c:82:12:clear_update_marker	224	static
