lib/efi_selftest/efi_selftest_manageprotocols.c:48:14:find_in_buffer	0	static
lib/efi_selftest/efi_selftest_manageprotocols.c:127:12:teardown	0	static
lib/efi_selftest/efi_selftest_mem.c:24:12:setup	0	static
lib/efi_selftest/efi_selftest_register_notify.c:47:20:notify	48	static
lib/efi_selftest/efi_selftest_reset.c:22:12:setup	0	static
lib/efi_selftest/efi_selftest_textinput.c:26:12:setup	0	static
lib/efi_selftest/efi_selftest_textinputex.c:35:28:efi_key_notify_function	0	static
lib/efi_selftest/efi_selftest_util.c:79:6:efi_st_translate_char	0	static
lib/efi_selftest/efi_selftest_variables.c:31:12:setup	0	static
lib/efi_selftest/efi_selftest_variables_runtime.c:31:12:setup	0	static
lib/efi_selftest/efi_selftest_watchdog.c:44:20:notify	32	static
lib/efi_selftest/efi_selftest_rtc.c:24:12:setup	0	static
lib/efi_selftest/efi_selftest_manageprotocols.c:76:12:setup	80	static
lib/efi_selftest/efi_selftest_memory.c:57:12:find_in_memory_map	32	static
lib/efi_selftest/efi_selftest_memory.c:101:12:execute	96	static
lib/efi_selftest/efi_selftest_open_protocol.c:37:12:setup	32	static
lib/efi_selftest/efi_selftest_open_protocol.c:63:12:teardown	16	static
lib/efi_selftest/efi_selftest_open_protocol.c:86:12:execute	80	static
lib/efi_selftest/efi_selftest_register_notify.c:74:12:setup	48	static
lib/efi_selftest/efi_selftest_register_notify.c:103:12:teardown	32	static
lib/efi_selftest/efi_selftest_register_notify.c:123:12:execute	128	static
lib/efi_selftest/efi_selftest_reset.c:34:12:execute	80	static
lib/efi_selftest/efi_selftest_set_virtual_address_map.c:34:20:notify	48	static
lib/efi_selftest/efi_selftest_set_virtual_address_map.c:181:12:execute	32	static
lib/efi_selftest/efi_selftest_startimage_exit.c:84:12:setup	64	static
lib/efi_selftest/efi_selftest_startimage_exit.c:101:12:teardown	16	static
lib/efi_selftest/efi_selftest_startimage_return.c:84:12:setup	64	static
lib/efi_selftest/efi_selftest_startimage_return.c:101:12:teardown	16	static
lib/efi_selftest/efi_selftest_startimage_return.c:122:12:execute	48	static
lib/efi_selftest/efi_selftest_textinput.c:39:12:execute	64	static
lib/efi_selftest/efi_selftest_textinputex.c:50:12:setup	48	static
lib/efi_selftest/efi_selftest_textinputex.c:98:12:teardown	16	static
lib/efi_selftest/efi_selftest_textinputex.c:117:12:execute	96	static
lib/efi_selftest/efi_selftest_textoutput.c:20:12:execute	2096	static
lib/efi_selftest/efi_selftest_tpl.c:42:12:setup	32	static
lib/efi_selftest/efi_selftest_tpl.c:74:12:teardown	32	static
lib/efi_selftest/efi_selftest_tpl.c:112:12:execute	80	static
lib/efi_selftest/efi_selftest_variables_common.c:14:5:efi_st_query_variable_common	80	static
lib/efi_selftest/efi_selftest_watchdog.c:132:12:teardown	32	static
lib/efi_selftest/efi_selftest_watchdog.c:172:12:execute	48	static
lib/efi_selftest/efi_selftest_snp.c:101:21:send_dhcp_discover	448	static
lib/efi_selftest/efi_selftest_snp.c:180:12:setup	32	static
lib/efi_selftest/efi_selftest_snp.c:427:12:teardown	48	static
lib/efi_selftest/efi_selftest_devicepath.c:114:12:setup	112	static
lib/efi_selftest/efi_selftest_devicepath.c:239:12:teardown	80	static
lib/efi_selftest/efi_selftest_unicode_collation.c:26:12:setup	32	static
lib/efi_selftest/efi_selftest_hii.c:33:12:setup	32	static
lib/efi_selftest/efi_selftest_tpl.c:24:20:notify	0	static
lib/efi_selftest/efi_selftest_variables_runtime.c:45:12:execute	131264	static
lib/efi_selftest/efi_selftest_watchdog.c:104:12:setup_timer	0	static
lib/efi_selftest/efi_selftest_watchdog.c:118:12:setup_reboot	0	static
lib/efi_selftest/efi_selftest_util.c:105:5:efi_st_strcmp_16_8	0	static
lib/efi_selftest/efi_selftest_devicepath.c:306:12:execute	144	static
lib/efi_selftest/efi_selftest_unicode_collation.c:243:12:execute	112	static
lib/efi_selftest/efi_selftest_hii.c:1039:12:execute	112	static
lib/efi_selftest/efi_selftest_manageprotocols.c:136:12:execute	160	static
lib/efi_selftest/efi_selftest_mem.c:37:12:execute	96	static
lib/efi_selftest/efi_selftest_memory.c:28:12:setup	80	static
lib/efi_selftest/efi_selftest_startimage_exit.c:122:12:execute	96	static
lib/efi_selftest/efi_selftest_util.c:114:7:efi_st_get_config_table	64	static
lib/efi_selftest/efi_selftest_variables.c:43:12:execute	336	static
lib/efi_selftest/efi_selftest_ecpt.c:39:12:execute	64	static
lib/efi_selftest/efi_selftest_snp.c:287:12:execute	1696	static
lib/efi_selftest/efi_selftest_set_virtual_address_map.c:78:12:setup	96	static
