arch/arm/cpu/armv8/cache_v8.c:381:13:count_range	80	static
arch/arm/mach-k3/arm64/arm64-mmu.c:51:13:k3_mmu_add_cachable_entry	0	static
arch/arm/mach-k3/common.c:335:21:get_device_type	0	static
board/calixto/am62l_stamp_1gb/am62l_stamp_1gb.c:18:5:board_init	0	static
boot/pxe_utils.c:1074:13:eol_or_eof	0	static
boot/bootdev-uclass.c:952:12:bootdev_post_bind	0	static
boot/bootstd-uclass.c:116:12:bootstd_probe	0	static
boot/bootmeth_extlinux.c:58:12:extlinux_get_state_desc	0	static
boot/bootmeth_extlinux.c:233:12:extlinux_bootmeth_bind	0	static
boot/bootmeth_pxe.c:44:12:extlinux_pxe_check	0	static
boot/bootmeth_pxe.c:164:12:extlinux_bootmeth_pxe_bind	0	static
boot/bootmeth_efi.c:407:12:distro_bootmeth_efi_bind	0	static
boot/bootmeth_script.c:26:12:script_check	0	static
boot/bootmeth_script.c:175:12:script_set_bootflow	0	static
boot/bootmeth_script.c:241:12:script_bootmeth_bind	0	static
boot/bootmeth_efi_mgr.c:36:12:efi_mgr_check	0	static
boot/bootmeth_efi_mgr.c:76:12:efi_mgr_read_file	0	static
boot/bootmeth_efi_mgr.c:94:12:bootmeth_efi_mgr_bind	0	static
boot/fdt_support.c:1272:12:of_bus_default_map	0	static
arch/arm/cpu/armv8/cache_v8.c:243:13:create_table	32	static
arch/arm/lib/cache.c:134:5:arch_reserve_mmu	48	static
arch/arm/lib/bootm-fdt.c:34:5:arch_fixup_fdt	32	static
arch/arm/lib/interrupts_64.c:84:6:show_regs	64	static
boot/bootm_os.c:140:12:do_bootm_rtems	32	static
boot/pxe_utils.c:280:13:label_print	0	static
arch/arm/mach-k3/common.c:707:5:misc_init_r	32	static
board/calixto/am62l_stamp_1gb/am62l_stamp_1gb.c:24:5:board_late_init	240	static
board/calixto/common/k3-ddr.c:14:5:dram_init	128	static
board/calixto/common/k3-ddr.c:31:5:dram_init_banksize	96	static
boot/image-board.c:94:12:on_loadaddr	16	static
boot/fdt_support.c:1288:12:of_bus_default_translate	64	static
boot/bootm_os.c:26:12:do_bootm_standalone	32	static
boot/bootm_os.c:45:13:copy_args	64	static
boot/bootm_os.c:206:12:do_bootm_plan9	48	static
boot/bootm_os.c:398:12:do_bootm_elf	16	static
boot/bootm_os.c:489:12:do_bootm_efi	32	static
boot/pxe_utils.c:100:12:get_relfile	624	static
boot/pxe_utils.c:208:12:get_relfile_envaddr	64	static
boot/pxe_utils.c:258:13:label_destroy	32	static
boot/bootdev-uclass.c:262:12:bootdev_get_suffix_start	64	static
boot/bootmeth_extlinux.c:201:12:extlinux_set_property	48	static
boot/pxe_utils.c:1024:13:get_token	64	static
boot/pxe_utils.c:1091:12:parse_sliteral	64	static
boot/pxe_utils.c:1111:12:parse_integer	64	static
boot/bootmeth-uclass.c:279:5:bootmeth_setup_fs	0	static
boot/bootdev-uclass.c:109:5:bootdev_find_in_blk	432	static
boot/bootdev-uclass.c:429:5:bootdev_find_by_label	208	static
boot/bootflow.c:166:13:scan_next_in_uclass	48	static
boot/bootmeth-uclass.c:294:5:bootmeth_try_file	256	static
boot/bootmeth-uclass.c:386:5:bootmeth_common_read_file	80	static
boot/bootstd-uclass.c:25:12:bootstd_of_to_plat	32	static
boot/image-board.c:110:13:env_get_bootm_low	16	static
boot/image-board.c:150:13:env_get_bootm_mapsize	32	static
boot/bootmeth_extlinux.c:71:12:extlinux_getfile	48	static
boot/bootmeth_pxe.c:25:12:extlinux_pxe_getfile	0	static
boot/bootmeth_extlinux.c:90:12:extlinux_check	0	static
boot/bootmeth_efi.c:113:12:distro_efi_check	32	static
boot/bootmeth_extlinux.c:108:12:extlinux_fill_info	288	static
boot/bootmeth_extlinux.c:134:12:extlinux_read_bootflow	64	static
boot/bootmeth_extlinux.c:174:12:extlinux_boot	176	static
boot/bootmeth_pxe.c:140:12:extlinux_pxe_boot	112	static
boot/bootmeth_efi.c:137:12:distro_efi_try_bootflow_files	352	static
boot/bootmeth_efi.c:255:12:distro_efi_read_bootflow_net	496	static
boot/bootmeth_efi.c:336:12:distro_efi_read_bootflow	0	static
boot/bootmeth_efi.c:362:12:distro_efi_boot	288	static
boot/bootmeth_script.c:186:12:script_boot	48	static
boot/bootmeth_efi_mgr.c:48:12:efi_mgr_read_bootflow	48	static
boot/bootmeth_efi_mgr.c:84:12:efi_mgr_boot	16	static
boot/fdt_support.c:612:6:fdt_fixup_ethernet	128	static
boot/fdt_support.c:1255:6:fdt_support_default_count_cells	48	static
boot/image-fdt.c:72:13:boot_fdt_reserve_region	48	static
arch/arm/cpu/armv8/generic_timer.c:91:18:get_ticks	0	static
arch/arm/cpu/armv8/cache_v8.c:271:13:split_block	48	static
arch/arm/cpu/armv8/cache_v8.c:301:13:map_range	96	static
arch/arm/cpu/armv8/cache_v8.c:693:6:setup_pgtables	64	static
arch/arm/cpu/armv8/cache_v8.c:712:13:setup_all_pgtables	32	static
arch/arm/cpu/armv8/cache_v8.c:826:6:dcache_disable	16	static
arch/arm/cpu/armv8/cache_v8.c:852:5:dcache_status	0	static
arch/arm/cpu/armv8/cache_v8.c:1059:6:icache_disable	0	static
arch/arm/cpu/armv8/cache_v8.c:1069:5:mmu_status	0	static
arch/arm/cpu/armv8/cache_v8.c:1074:6:invalidate_icache_all	16	static
arch/arm/cpu/armv8/cache_v8.c:1053:6:icache_enable	16	static
arch/arm/lib/bootm.c:290:13:boot_jump_linux	32	static
arch/arm/cpu/armv8/exception_level.c:43:6:switch_to_non_secure_mode	128	static
arch/arm/lib/bdinfo.c:16:5:arch_setup_bdinfo	0	static
arch/arm/lib/interrupts_64.c:24:6:enable_interrupts	0	static
arch/arm/lib/interrupts_64.c:146:6:do_bad_sync	32	static
arch/arm/lib/interrupts_64.c:159:6:do_bad_irq	32	static
arch/arm/lib/interrupts_64.c:171:6:do_bad_fiq	32	static
arch/arm/lib/interrupts_64.c:183:6:do_bad_error	32	static
arch/arm/lib/interrupts_64.c:195:6:do_sync	32	static
arch/arm/lib/interrupts_64.c:212:6:do_irq	32	static
arch/arm/lib/interrupts_64.c:224:6:do_fiq	32	static
arch/arm/lib/interrupts_64.c:239:13:do_error	32	static
arch/arm/lib/cache.c:20:13:flush_cache	0	static
boot/bootm.c:1164:6:bootm_init	32	static
boot/bootm.c:447:12:check_overlap.part.0	16	static
boot/pxe_utils.c:38:5:pxe_get_file_size	32	static
boot/bootmeth_pxe.c:114:12:extlinux_pxe_read_file	112	static
boot/pxe_utils.c:175:5:get_pxelinux_path	592	static
boot/pxe_utils.c:1403:12:parse_pxefile_top	176	static
boot/pxe_utils.c:1140:12:handle_include	96	static
boot/pxe_utils.c:1496:6:destroy_pxe_menu	48	static
boot/image.c:304:6:image_multi_getimg	0	static
boot/bootm_os.c:67:12:do_bootm_netbsd	96	static
boot/image.c:645:7:get_table_entry_name	0	static
boot/image-board.c:251:5:genimg_get_format	16	static
boot/image-board.c:933:6:genimg_print_time	64	static
boot/bootdev-uclass.c:73:5:bootdev_next_bootflow	0	static
boot/bootdev-uclass.c:274:5:bootdev_setup_for_sibling_blk	96	static
boot/bootdev-uclass.c:488:5:bootdev_find_by_any	80	static
boot/bootflow.c:128:13:bootflow_iter_set_dev	0	static
boot/bootflow.c:341:12:bootflow_check	128	static
boot/bootflow.c:477:6:bootflow_remove	32	static
boot/bootdev-uclass.c:585:6:bootdev_clear_bootflows	32	static
boot/bootdev-uclass.c:961:12:bootdev_pre_unbind	16	static
boot/bootstd-uclass.c:64:12:bootstd_remove	32	static
boot/bootstd-uclass.c:103:5:bootstd_get_priv	48	static
boot/bootdev-uclass.c:802:12:bootdev_hunt_drv	80	static
boot/bootdev-uclass.c:829:5:bootdev_hunt	96	static
boot/bootdev-uclass.c:598:5:bootdev_next_label	64	static
boot/bootdev-uclass.c:894:5:bootdev_hunt_prio	64	static
boot/bootdev-uclass.c:636:5:bootdev_next_prio	64	static
boot/bootflow.c:49:5:bootflow_first_glob	48	static
boot/bootflow.c:67:5:bootflow_next_glob	48	static
boot/bootflow.c:652:12:on_bootargs	64	static
boot/bootmeth-uclass.c:205:5:bootmeth_set_order	96	static
boot/bootmeth-uclass.c:425:12:on_bootmeths	16	static
boot/fdt_support.c:219:5:fdt_initrd	96	static
boot/fdt_support.c:329:5:fdt_chosen	48	static
boot/fdt_support.c:2185:5:fdt_valid	48	static
boot/fdt_support.c:726:5:fdt_shrink_to_minimum.part.0	64	static
boot/image-fdt.c:30:13:fdt_error	32	static
boot/image-fdt.c:156:5:boot_relocate_fdt	64	static
boot/image-fdt.c:98:6:boot_fdt_add_mem_rsv_regions	96	static
boot/image-fdt.c:596:5:image_setup_libfdt	80	static
arch/arm/lib/bootm.c:197:13:boot_prep_linux	48	static
arch/arm/lib/bootm.c:380:5:do_bootm_linux	48	static
boot/bootm_os.c:325:5:do_bootm_vxworks	96	static
boot/image-fit.c:46:12:fit_parse_spec	48	static
boot/image-fit.c:622:5:fit_get_timestamp	48	static
boot/image-fit.c:654:5:fit_image_get_node	32	static
boot/image-fit.c:688:5:fit_image_get_os	48	static
boot/image-fit.c:720:5:fit_image_get_arch	48	static
arch/arm/cpu/armv8/cache_v8.c:810:6:dcache_enable	32	static
arch/arm/cpu/armv8/exception_level.c:26:13:entry_non_secure	32	static
boot/bootm_os.c:360:12:do_bootm_qnxelf	64	static
boot/bootflow.c:522:5:bootflow_run_boot	48	static
boot/image.c:449:5:image_decomp	160	static
boot/bootm.c:964:5:bootm_run_states	160	static
boot/bootdev-uclass.c:702:5:bootdev_setup_iter	144	static
boot/bootflow.c:428:5:bootflow_scan_next	64	static
boot/bootflow.c:695:12:copy_in	80	static
boot/bootflow.c:727:5:cmdline_set_arg	144	static
boot/bootmeth_pxe.c:59:12:extlinux_pxe_read_bootflow	288	static
boot/bootmeth_script.c:150:12:script_read_bootflow	320	static
boot/fdt_support.c:1531:5:fdt_translate_address	128	static
boot/fdt_support.c:2158:5:fdt_overlay_apply_verbose	160	static
boot/pxe_utils.c:548:12:label_boot	2384	static
arch/arm/mach-k3/common.c:383:5:print_cpuinfo	96	static
