include/linux/delay.h:11:20:mdelay	0	static
common/exports.c:10:37:dummy	0	static
common/exports.c:14:15:get_version	0	static
cmd/vbe.c:78:12:do_vbe_state	16	static
cmd/regulator.c:19:12:failure	16	static
cmd/regulator.c:59:12:curr_dev_and_plat	16	static
common/exports.c:28:5:jumptable_init	32	static
cmd/usb_mass_storage.c:43:13:ums_fini	64	static
common/cli_readline.c:28:14:delete_char	64	static
common/cli_hush.c:375:13:syntax_err	0	static
common/cli_hush.c:888:13:b_reset	0	static
common/cli_hush.c:927:12:static_get	0	static
common/cli_hush.c:934:12:static_peek	0	static
common/cli_hush.c:1129:12:file_peek	0	static
common/cli_hush.c:2271:12:is_assignment	0	static
common/cli_hush.c:3141:13:mapset	0	static
common/cli_hush.c:3317:14:xmalloc	16	static
include/bloblist.h:465:19:bloblist_maybe_init	0	static
include/cyclic.h:101:19:cyclic_unregister_all	0	static
include/log.h:679:19:log_init	0	static
common/board_f.c:123:12:display_text_info	0	static
common/board_f.c:203:12:announce_dram_init	16	static
common/board_f.c:284:12:setup_mon_len	0	static
common/board_f.c:308:12:setup_spl_handoff	0	static
common/board_f.c:319:12:arch_cpu_init	0	static
common/board_f.c:324:12:mach_cpu_init	0	static
common/board_f.c:352:12:setup_dest_addr	0	static
common/board_f.c:398:12:reserve_round_4k	0	static
common/board_f.c:440:12:setup_relocaddr_from_bloblist	0	static
common/board_f.c:447:12:reserve_video	0	static
common/board_f.c:465:12:reserve_trace	0	static
common/board_f.c:477:12:reserve_uboot	0	static
common/board_f.c:506:22:reserve_stack_aligned	0	static
common/board_f.c:534:12:reserve_malloc	16	static
common/board_f.c:547:12:reserve_board	16	static
common/board_f.c:560:12:reserve_global_data	16	static
common/board_f.c:569:12:reserve_fdt	16	static
common/board_f.c:593:12:reserve_bootstage	0	static
common/board_f.c:612:12:reserve_stacks	16	static
common/board_f.c:624:12:reserve_bloblist	0	static
common/board_f.c:637:12:display_new_sp	0	static
common/board_f.c:649:5:setup_bdinfo	0	static
common/board_f.c:684:12:reloc_bootstage	0	static
common/board_f.c:696:12:reloc_bloblist	0	static
common/board_f.c:801:12:initf_bootstage	0	static
common/board_f.c:845:12:reserve_arch	0	static
common/board_f.c:850:12:checkcpu	0	static
common/board_f.c:855:12:clear_bss	0	static
common/board_f.c:860:12:initf_upl	0	static
include/log.h:679:19:log_init	0	static
common/board_r.c:85:12:cpu_secondary_init_r	0	static
common/board_r.c:90:12:initr_trace	0	static
common/board_r.c:99:12:initr_reloc	0	static
common/board_r.c:178:12:arch_initr_trap	0	static
common/board_r.c:191:12:initr_barrier	0	static
common/board_r.c:200:12:initr_malloc	0	static
common/board_r.c:219:12:initr_of_live	0	static
common/board_r.c:257:12:initr_dm_devices	0	static
common/board_r.c:281:12:initr_bootstage	0	static
common/board_r.c:288:12:power_init_board	0	static
common/board_r.c:293:12:initr_announce	0	static
common/board_r.c:471:12:initr_status_led	0	static
common/board_r.c:478:12:initr_boot_led_blink	0	static
common/board_r.c:487:12:initr_boot_led_on	0	static
common/usb.c:324:1:usb_set_maxpacket_ep	0	static
cmd/gpt.c:702:12:gpt_enumerate	2272	static
cmd/usb.c:332:13:usb_show_tree_graph	80	static
cmd/usb.c:441:13:usb_show_subtree	64	static
cmd/usb.c:452:13:usb_for_each_root_dev	48	static
cmd/regulator.c:87:12:do_list	48	static
cmd/usb_mass_storage.c:22:12:ums_read_sector	16	static
cmd/usb.c:556:12:do_usbboot	224	static
cmd/usb.c:563:13:do_usb_start	32	static
cmd/usb.c:578:13:usb_show_info	48	static
cmd/usb_mass_storage.c:31:12:ums_write_sector	16	static
common/cli_hush.c:3650:12:do_showvar	96	static
common/cli_hush.c:2130:7:get_local_var	32	static
cmd/vbe.c:16:12:do_vbe_list	96	static
cmd/vbe.c:24:12:do_vbe_select	80	static
cmd/vbe.c:46:12:do_vbe_info	320	static
cmd/vbe.c:112:1:do_vbe	48	static
cmd/regulator.c:442:12:do_regulator	48	static
cmd/vbe.c:112:1:complete_vbe	0	static
cmd/dfu.c:21:12:do_dfu	208	static
cmd/regulator.c:26:12:do_dev	64	static
cmd/regulator.c:143:12:do_info	144	static
cmd/regulator.c:239:12:do_status	112	static
cmd/regulator.c:264:12:do_value	64	static
cmd/regulator.c:354:12:do_mode	64	static
cmd/regulator.c:314:12:do_current	64	static
cmd/regulator.c:390:12:do_enable	48	static
cmd/regulator.c:410:12:do_disable	48	static
common/board_f.c:117:12:init_baud_rate	16	static
common/board_f.c:145:12:print_resetinfo	320	static
common/board_f.c:239:12:show_dram_config	32	static
common/board_f.c:823:12:initf_dm	0	static
common/board_r.c:236:12:initr_dm	0	static
common/board_r.c:112:12:initr_caches	16	static
common/board_r.c:125:12:initr_reloc_global_data	16	static
common/board_r.c:299:12:initr_binman	32	static
common/board_r.c:395:12:initr_mmc	64	static
common/board_r.c:434:12:initr_env	64	static
common/board_r.c:495:12:initr_net	80	static
common/board_r.c:533:12:initr_lmb	64	static
common/board_r.c:541:12:dm_announce	32	static
common/board_info.c:60:5:show_board_info	16	static
cmd/gpt.c:101:14:extract_val	80	static
common/init/board_init.c:78:7:board_init_f_alloc_reserve	0	static
common/init/board_init.c:134:6:board_init_f_init_reserve	32	static
common/cli_getch.c:139:5:cli_ch_process	0	static
common/cli_hush.c:878:12:b_addchr	48	static
common/cli_hush.c:2333:21:new_pipe	16	static
common/cli_hush.c:2441:12:done_word	64	static
common/cli_hush.c:3328:14:xrealloc	16	static
common/cli_hush.c:3506:14:insert_var_value_sub	96	static
common/cli_hush.c:1755:12:run_list_real	192	static
common/cli_hush.c:3175:12:parse_stream_outer	192	static
common/cli_hush.c:3257:5:parse_string_outer	96	static
common/miiphyutil.c:39:17:miiphy_get_dev_by_name	48	static
common/miiphyutil.c:161:5:miiphy_set_current_dev	32	static
common/miiphyutil.c:186:20:mdio_phydev_for_ethname	64	static
common/miiphyutil.c:216:24:miiphy_get_active_dev	48	static
common/miiphyutil.c:240:5:miiphy_read	48	static
common/usb.c:220:5:usb_control_msg	176	static
cmd/usb.c:602:12:do_usb	96	static
common/usb.c:563:12:usb_get_descriptor	112	static
common/usb.c:748:12:usb_get_string	96	static
common/usb.c:782:12:usb_string_sub	48	static
common/usb_hub.c:93:12:usb_get_hub_descriptor	32	static
common/usb.c:303:5:usb_maxpacket	0	static
common/usb.c:647:5:usb_set_interface	32	static
common/usb.c:821:5:usb_string	640	static
common/usb_hub.c:112:12:usb_set_port_feature	32	static
common/usb_hub.c:126:5:usb_get_port_status	64	static
cmd/usb_mass_storage.c:135:12:do_usb_mass_storage	272	static
cmd/gpt.c:1127:12:do_gpt	336	dynamic
common/board_f.c:671:12:reloc_fdt	16	static
common/board_f.c:720:12:setup_reloc	16	static
common/usb.c:943:12:get_descriptor_len	624	static
common/usb.c:968:12:usb_setup_descriptor	32	static
common/usb.c:1151:5:usb_select_config	240	static
common/usb_hub.c:622:12:usb_hub_configure	832	static
common/usb_hub.c:946:12:usb_hub_post_probe	0	static
cmd/ximg.c:32:1:do_imgextract	160	static
cmd/gpt.c:42:12:extract_env	96	static
common/cli_readline.c:646:5:cli_readline_into_buffer	192	static
common/cli_readline.c:526:5:cli_readline	0	static
common/cli_hush.c:1086:12:file_get	64	static
common/board_f.c:1025:6:board_init_f	48	static
common/board_r.c:573:12:run_main_loop	96	static
common/board_r.c:775:6:board_init_r	16	static
