cmd/mtdparts.c:790:20:device_find	0	static
cmd/test.c:195:12:do_false	0	static
cmd/test.c:207:12:do_true	0	static
cmd/mtd.c:56:13:mtd_dump_buf	96	static
cmd/mtd.c:106:13:mtd_show_parts	64	static
cmd/mtdparts.c:1865:26:mtd_part_info	16	static
cmd/mtd.c:25:25:get_mtd_by_name	32	static
cmd/mtd.c:423:12:do_mtd_list	320	static
cmd/mtd.c:703:12:do_mtd_bad	48	static
cmd/mtd.c:468:12:do_mtd_io	192	static
cmd/mtd.c:615:12:do_mtd_erase	160	static
cmd/mtd.c:734:12:mtd_name_complete	80	static
cmd/mtd.c:803:1:do_mtd	48	static
cmd/net-common.c:86:12:do_net	48	static
cmd/nvedit.c:1110:12:do_env	48	static
cmd/pinmux.c:160:12:do_pinmux	48	static
cmd/pxe.c:310:12:do_pxe	48	static
cmd/mtd.c:803:1:complete_mtd	0	static
cmd/mtdparts.c:302:12:get_mtd_info	48	static
cmd/mtdparts.c:412:12:part_validate	48	static
cmd/mtdparts.c:228:13:index_partitions	32	static
cmd/mtdparts.c:271:13:current_save	48	static
cmd/mtdparts.c:513:12:part_sort_add	48	static
cmd/mtdparts.c:968:12:mtd_devices_init	16	static
cmd/mtdparts.c:171:12:memsize_parse	32	static
cmd/mtdparts.c:1039:5:mtd_id_parse	64	static
cmd/pinmux.c:51:12:show_pinmux	176	static
cmd/ubi.c:250:27:ubi_find_volume	64	static
cmd/mtdparts.c:1532:20:env_get_mtdparts	32	static
cmd/net.c:457:12:do_ping	32	static
cmd/net-common.c:14:12:do_net_list	80	static
cmd/net-common.c:29:12:do_net_stats	80	static
cmd/pinmux.c:16:12:do_dev	32	static
cmd/nvedit.c:58:12:env_print	48	static
cmd/nvedit.c:1039:12:do_env_exists	32	static
cmd/nvedit.c:188:12:do_env_set	0	static
cmd/nvedit.c:201:12:do_env_ask	1152	static
cmd/nvedit.c:426:12:do_env_edit	1088	static
cmd/nvedit.c:509:12:do_env_default	16	static
cmd/nvedit.c:547:12:do_env_delete	64	static
cmd/nvedit.c:628:12:do_env_export	144	static
cmd/part.c:54:12:do_part_list	608	static
cmd/part.c:117:12:do_part_info	720	static
cmd/part.c:260:12:do_part	224	static
cmd/pinmux.c:93:12:do_status	64	static
cmd/pinmux.c:134:12:do_list	48	static
cmd/pxe.c:209:1:do_pxe_get	64	static
cmd/pxe.c:261:1:do_pxe_boot	96	static
cmd/sf.c:78:14:bytes_per_second	32	static
cmd/spi.c:99:5:do_spi	144	static
cmd/time.c:26:12:do_time	80	static
cmd/test.c:54:12:do_test	112	static
cmd/ubifs.c:60:5:cmd_ubifs_umount	32	static
cmd/ubi.c:634:12:ubi_detach	48	static
cmd/ubifs.c:74:12:do_ubifs_umount	0	static
cmd/ubifs.c:42:12:do_ubifs_mount	32	static
cmd/ubifs.c:83:12:do_ubifs_ls	32	static
cmd/ubifs.c:107:12:do_ubifs_load	64	static
cmd/unlz4.c:13:12:do_unlz4	64	static
cmd/unzip.c:14:12:do_unzip	64	static
cmd/lzmadec.c:20:12:do_lzmadec	64	static
cmd/usb.c:138:13:usb_display_string	352	static
cmd/mtdparts.c:207:13:memsize_format	0	static
cmd/mtdparts.c:492:13:part_delall	32	static
cmd/mtdparts.c:758:12:device_del	32	static
cmd/mtdparts.c:837:12:device_parse	176	static
cmd/mtdparts.c:1343:5:find_dev_and_part	96	static
cmd/mtdparts.c:1715:5:mtdparts_init	1200	static
cmd/mtdparts.c:1912:12:do_chpart	80	static
cmd/mtdparts.c:1951:12:do_mtdparts	160	static
cmd/net.c:383:12:netboot_common	128	static
cmd/net.c:28:12:do_bootp	0	static
cmd/net.c:42:5:do_tftpb	0	static
cmd/net.c:137:12:do_dhcp	0	static
cmd/net.c:149:5:dhcp_run	176	static
cmd/net.c:183:12:do_nfs	0	static
cmd/pxe.c:29:12:do_get_tftp	64	static
cmd/usb.c:30:14:usb_get_class_desc	0	static
cmd/usb.c:56:13:usb_display_class_sub	32	static
cmd/usb.c:148:13:usb_display_desc	64	static
cmd/usb.c:242:13:usb_display_config	112	static
cmd/usb.c:267:27:usb_find_device	64	static
cmd/nvedit.c:89:12:do_env_print	240	static
cmd/nvedit.c:761:12:do_env_import	112	static
cmd/sf.c:588:12:do_spi_flash	208	static
cmd/setexpr.c:38:12:get_arg	48	static
cmd/ubi.c:216:12:ubi_create_vol	432	static
cmd/ubi.c:357:12:ubi_volume_continue_write	96	static
cmd/ubi.c:397:5:ubi_volume_begin_write	256	static
cmd/ubi.c:689:12:do_ubi	400	static
cmd/unzip.c:48:12:do_gzwrite	272	static
cmd/setexpr.c:147:14:substitute	112	static
cmd/setexpr.c:316:12:regex_sub_var	21696	dynamic
cmd/setexpr.c:367:12:do_setexpr	80	static
