drivers/power/regulator/fixed.c:42:12:fixed_regulator_get_value	0	static
drivers/power/regulator/fixed.c:58:12:fixed_regulator_get_current	0	static
drivers/power/regulator/fixed.c:84:12:fixed_clock_regulator_get_enable	0	static
drivers/serial/serial-uclass.c:235:13:_serial_flush	32	static
drivers/serial/serial-uclass.c:245:13:_serial_putc	48	static
drivers/serial/serial-uclass.c:304:12:__serial_getc	32	static
drivers/serial/serial-uclass.c:318:12:__serial_tstc	0	static
drivers/serial/serial-uclass.c:469:13:serial_stub_putc	0	static
drivers/serial/serial-uclass.c:474:13:serial_stub_puts	32	static
drivers/serial/serial-uclass.c:480:13:serial_stub_flush	0	static
drivers/serial/serial-uclass.c:486:12:serial_stub_getc	0	static
drivers/serial/serial-uclass.c:491:12:serial_stub_tstc	0	static
drivers/serial/serial-uclass.c:596:12:serial_pre_remove	0	static
drivers/serial/ns16550.c:461:5:ns16550_serial_getinfo	0	static
drivers/spi/spi-uclass.c:127:6:spi_release_bus	0	static
drivers/spi/spi-uclass.c:147:5:spi_xfer	0	static
drivers/spi/spi-uclass.c:202:12:spi_child_pre_probe	0	static
drivers/spi/cadence_qspi_apb.c:98:21:cadence_qspi_calc_dummy	0	static
drivers/spi/cadence_qspi_apb.c:113:6:cadence_qspi_apb_op_eligible	0	static
drivers/spi/cadence_qspi_apb.c:130:6:cadence_qspi_apb_op_eligible_sdr	0	static
drivers/spi/cadence_qspi_apb.c:195:12:cadence_qspi_set_protocol	0	static
drivers/spi/cadence_qspi_apb.c:662:12:cadence_qspi_enable_dtr	0	static
drivers/mailbox/k3-sec-proxy.c:133:12:k3_sec_proxy_request	0	static
drivers/mailbox/k3-sec-proxy.c:144:12:k3_sec_proxy_free	0	static
drivers/soc/ti/k3-navss-ringacc.c:1127:12:k3_nav_ringacc_probe	0	static
drivers/usb/dwc3/gadget.c:626:12:dwc3_gadget_ep0_enable	0	static
drivers/usb/dwc3/gadget.c:632:12:dwc3_gadget_ep0_disable	0	static
drivers/usb/dwc3/gadget.c:1294:12:dwc3_gadget_get_frame	0	static
drivers/usb/dwc3/gadget.c:1383:12:dwc3_gadget_set_selfpowered	0	static
drivers/spi/spi-uclass.c:25:12:spi_set_speed_mode	48	static
drivers/spi/spi-uclass.c:122:5:spi_claim_bus	64	static
drivers/mailbox/k3-sec-proxy.c:104:12:k3_sec_proxy_of_xlate	16	static
drivers/mailbox/k3-sec-proxy.c:197:12:k3_sec_proxy_send	48	static
drivers/mailbox/k3-sec-proxy.c:266:12:k3_sec_proxy_recv	16	static
drivers/soc/ti/k3-navss-ringacc.c:526:12:k3_nav_ringacc_ring_cfg_sci	64	static
drivers/power/domain/scmi-power-domain.c:66:12:scmi_power_domain_on	32	static
drivers/power/domain/scmi-power-domain.c:102:12:scmi_power_domain_off	32	static
drivers/mailbox/k3-sec-proxy.c:400:12:k3_sec_proxy_remove	16	static
drivers/usb/dwc3/gadget.c:734:13:dwc3_gadget_ep_free_request	0	static
drivers/power/domain/scmi-power-domain.c:138:12:scmi_power_domain_probe	224	static
drivers/usb/dwc3/gadget.c:1303:12:dwc3_gadget_wakeup	48	static
drivers/usb/dwc3/gadget.c:1450:12:dwc3_gadget_pullup	48	static
drivers/usb/dwc3/gadget.c:1608:23:dwc3_find_ep	48	static
drivers/usb/dwc3/gadget.c:1620:9:dwc3_gadget_match_ep	0	static
drivers/power/regulator/regulator-uclass.c:430:12:regulator_post_bind	80	static
drivers/power/regulator/regulator-uclass.c:457:12:regulator_pre_probe	32	static
drivers/spi/spi-uclass.c:180:12:spi_child_post_bind	64	static
drivers/spi/spi-uclass.c:191:12:spi_post_probe	32	static
drivers/power/regulator/fixed.c:25:12:fixed_regulator_of_to_plat	48	static
drivers/power/regulator/fixed.c:74:12:fixed_regulator_get_enable	0	static
drivers/power/regulator/fixed.c:79:12:fixed_regulator_set_enable	64	static
drivers/power/regulator/fixed.c:91:12:fixed_clock_regulator_set_enable	32	static
drivers/usb/dwc3/gadget.c:718:28:dwc3_gadget_ep_alloc_request	32	static
drivers/power/regulator/fixed.c:116:12:fixed_clock_regulator_probe	48	static
drivers/serial/serial-uclass.c:561:12:serial_post_probe	160	static
drivers/serial/ns16550.c:428:5:ns16550_serial_setconfig	16	static
drivers/serial/ns16550.c:209:6:ns16550_setbrg	48	static
drivers/serial/ns16550.c:415:5:ns16550_serial_setbrg	16	static
drivers/serial/serial_omap.c:186:12:omap_serial_setbrg	48	static
drivers/serial/ns16550.c:375:5:ns16550_serial_putc	32	static
drivers/serial/ns16550.c:395:5:ns16550_serial_pending	16	static
drivers/serial/ns16550.c:405:5:ns16550_serial_getc	32	static
drivers/serial/ns16550.c:540:5:ns16550_serial_of_to_plat	96	static
drivers/serial/serial_omap.c:108:12:omap_serial_of_to_plat	80	static
drivers/rtc/emul_rtc.c:42:12:emul_rtc_set	48	static
drivers/spi/cadence_qspi_apb.c:230:21:cadence_qspi_wait_idle	48	static
drivers/spi/cadence_qspi_apb.c:609:5:cadence_qspi_apb_exec_flash_cmd	32	static
drivers/soc/soc_ti_k3.c:168:5:soc_ti_k3_probe	32	static
drivers/spi/cadence_qspi.c:1656:12:cadence_spi_of_to_plat	80	static
drivers/spi/spi-mem.c:149:13:spi_mem_check_buswidth	32	static
drivers/spi/spi-mem.c:195:6:spi_mem_default_supports_op	0	static
drivers/spi/cadence_qspi.c:1543:13:cadence_spi_mem_supports_op	0	static
drivers/rtc/emul_rtc.c:29:12:emul_rtc_get	32	static
drivers/usb/dwc3/gadget.c:831:13:dwc3_prepare_trbs	32	static
drivers/soc/soc_ti_k3.c:145:12:soc_ti_k3_get_family	16	static
drivers/soc/soc_ti_k3.c:154:12:soc_ti_k3_get_revision	16	static
drivers/usb/dwc3/gadget.c:639:12:dwc3_gadget_ep_enable	32	static
drivers/rtc/emul_rtc.c:61:5:emul_rtc_probe	32	static
drivers/power/regulator/regulator-uclass.c:32:5:regulator_get_value	32	static
drivers/power/regulator/regulator-uclass.c:128:5:regulator_get_current	32	static
drivers/power/regulator/regulator-uclass.c:138:5:regulator_set_current	32	static
drivers/power/regulator/regulator-uclass.c:157:5:regulator_get_enable	32	static
drivers/power/regulator/regulator-uclass.c:52:5:regulator_set_value	64	static
drivers/power/regulator/regulator-uclass.c:167:5:regulator_set_enable	64	static
drivers/power/regulator/regulator-uclass.c:506:12:regulator_post_probe	48	static
drivers/power/regulator/regulator-uclass.c:198:5:regulator_set_enable_if_allowed	32	static
drivers/power/regulator/regulator-uclass.c:235:5:regulator_get_mode	32	static
drivers/serial/serial-uclass.c:374:6:serial_putc	0	static
drivers/serial/serial-uclass.c:380:6:serial_puts	32	static
drivers/serial/serial-uclass.c:387:6:serial_flush	0	static
drivers/serial/serial-uclass.c:396:5:serial_getc	0	static
drivers/serial/serial-uclass.c:404:5:serial_tstc	0	static
drivers/serial/serial-uclass.c:412:6:serial_setbrg	0	static
drivers/serial/serial-uclass.c:503:12:on_baudrate	48	static
drivers/spi/spi-uclass.c:230:5:spi_find_chip_select	64	static
drivers/spi/spi-uclass.c:381:5:_spi_get_bus_and_cs	128	static
drivers/spi/cadence_qspi.c:66:12:cadence_spi_phy_apply_setting	48	static
drivers/spi/cadence_qspi_apb.c:73:6:cadence_qspi_apb_controller_enable	0	static
drivers/spi/cadence_qspi_apb.c:81:6:cadence_qspi_apb_controller_disable	0	static
drivers/spi/cadence_qspi.c:1460:12:cadence_spi_set_mode	16	static
drivers/spi/cadence_qspi_apb.c:300:6:cadence_qspi_apb_readdata_capture	16	static
drivers/spi/cadence_qspi.c:1342:12:cadence_spi_set_speed	112	static
drivers/spi/cadence_qspi_apb.c:334:13:cadence_qspi_apb_phy_enable	16	static
drivers/spi/cadence_qspi_apb.c:387:6:cadence_qspi_apb_phy_pre_config	16	static
drivers/spi/cadence_qspi_apb.c:690:5:cadence_qspi_apb_command_read_setup	32	static
drivers/spi/spi-mem.c:223:6:spi_mem_supports_op	0	static
drivers/spi/spi-mem.c:248:5:spi_mem_exec_op	80	dynamic
drivers/spi/spi-mem.c:467:5:spi_mem_adjust_op_size	0	static
drivers/misc/k3_fuse.c:17:5:fuse_read	80	static
drivers/rtc/rtc-uclass.c:14:5:dm_rtc_get	0	static
drivers/rtc/rtc-uclass.c:24:5:dm_rtc_set	0	static
drivers/reset/reset-uclass.c:215:5:reset_deassert_bulk	32	static
drivers/serial/ns16550.c:502:5:ns16550_serial_probe	48	static
drivers/spi/cadence_qspi.c:1383:12:cadence_spi_probe	96	static
drivers/soc/ti/k3-navss-ringacc.c:245:21:k3_nav_ringacc_request_ring	0	static
drivers/soc/ti/k3-navss-ringacc.c:331:13:k3_ringacc_ring_reset_sci	48	static
drivers/soc/ti/k3-navss-ringacc.c:355:6:k3_nav_ringacc_ring_reset	32	static
drivers/soc/ti/k3-navss-ringacc.c:366:13:k3_ringacc_ring_reconfig_qmode_sci	48	static
drivers/soc/ti/k3-navss-ringacc.c:638:5:k3_nav_ringacc_ring_cfg	64	static
drivers/soc/ti/k3-navss-ringacc.c:886:5:k3_nav_ringacc_ring_pop	0	static
drivers/usb/common/common.c:25:18:usb_get_dr_mode	48	static
drivers/usb/dwc3/core.c:44:13:dwc3_set_mode	0	static
drivers/usb/dwc3/core.c:232:13:dwc3_free_event_buffers	32	static
drivers/usb/dwc3/core.c:310:13:dwc3_event_buffers_cleanup	0	static
drivers/usb/dwc3/core.c:391:13:dwc3_free_scratch_buffers	32	static
drivers/usb/dwc3/gadget.c:230:6:dwc3_gadget_giveback	48	static
drivers/usb/dwc3/gadget.c:570:13:dwc3_remove_requests	32	static
drivers/usb/dwc3/gadget.c:1142:12:dwc3_gadget_ep_dequeue	32	static
drivers/usb/dwc3/gadget.c:272:5:dwc3_send_gadget_generic_command	32	static
drivers/usb/dwc3/gadget.c:299:5:dwc3_send_gadget_ep_cmd	48	static
drivers/usb/dwc3/gadget.c:896:12:__dwc3_gadget_kick_transfer	80	static
drivers/usb/dwc3/gadget.c:1105:12:dwc3_gadget_ep_queue	48	static
drivers/usb/dwc3/gadget.c:1187:5:__dwc3_gadget_ep_set_halt	64	static
drivers/usb/dwc3/gadget.c:600:12:__dwc3_gadget_ep_disable	32	static
drivers/usb/dwc3/gadget.c:688:12:dwc3_gadget_ep_disable	32	static
drivers/usb/dwc3/gadget.c:1489:12:dwc3_gadget_start	64	static
drivers/usb/dwc3/gadget.c:1590:12:dwc3_gadget_stop	32	static
drivers/usb/dwc3/gadget.c:1229:12:dwc3_gadget_ep_set_halt	0	static
drivers/usb/dwc3/gadget.c:1244:12:dwc3_gadget_ep_set_wedge	16	static
drivers/usb/dwc3/gadget.c:1652:12:dwc3_gadget_init_hw_endpoints	96	static
drivers/usb/dwc3/gadget.c:1725:13:dwc3_gadget_free_endpoints	48	static
drivers/usb/dwc3/gadget.c:1874:13:dwc3_endpoint_transfer_complete	64	static
drivers/usb/dwc3/gadget.c:2002:13:dwc3_suspend_gadget	0	static
drivers/usb/dwc3/gadget.c:2117:13:dwc3_gadget_disconnect_interrupt	32	static
drivers/usb/dwc3/gadget.c:2136:13:dwc3_gadget_reset_interrupt	80	static
drivers/spi/cadence_qspi.c:82:12:cadence_spi_phy_check_pattern	112	static
drivers/spi/cadence_qspi.c:138:12:cadence_spi_find_rx_low_sdr	48	static
drivers/spi/cadence_qspi.c:1570:13:cadence_spi_mem_do_calibration	240	static
drivers/spi/cadence_qspi_apb.c:712:5:cadence_qspi_apb_command_read	64	static
drivers/spi/cadence_qspi.c:1480:12:cadence_spi_mem_exec_op	112	static
drivers/crypto/rsa_mod_exp/mod_exp_sw.c:12:12:mod_exp_sw	192	dynamic
drivers/soc/ti/k3-navss-ringacc.c:746:12:k3_dmaring_ring_fwd_pop_mem	48	static
drivers/soc/ti/k3-navss-ringacc.c:780:12:k3_dmaring_ring_reverse_pop_mem	64	static
drivers/soc/ti/k3-navss-ringacc.c:803:12:k3_nav_ringacc_ring_push_mem	32	static
drivers/soc/ti/k3-navss-ringacc.c:826:12:k3_nav_ringacc_ring_pop_mem	48	static
drivers/mailbox/k3-sec-proxy.c:374:12:k3_sec_proxy_probe	48	static
drivers/soc/ti/k3-navss-ringacc.c:980:12:k3_nav_ringacc_init	80	static
drivers/serial/serial-uclass.c:190:5:serial_init	48	static
drivers/serial/serial-uclass.c:221:5:serial_initialize	0	static
drivers/reset/reset-uclass.c:237:5:reset_release_all	48	static
drivers/spi/cadence_qspi.c:1449:12:cadence_spi_remove	0	static
drivers/soc/soc-uclass.c:51:1:soc_device_match	176	static
