drivers/mtd/ubi/eba.c:1034:12:is_error_sane	0	static
drivers/mtd/ubi/misc.c:25:5:ubi_calc_data_len	0	static
drivers/net/phy/phy.c:453:5:genphy_shutdown	0	static
drivers/net/phy/fixed.c:17:12:fixedphy_probe	0	static
drivers/net/phy/fixed.c:77:12:fixedphy_startup	0	static
drivers/net/phy/fixed.c:90:12:fixedphy_shutdown	0	static
drivers/net/ti/am65-cpsw-nuss.c:179:12:am65_cpsw_macsl_wait_for_idle	0	static
drivers/net/ti/am65-cpsw-nuss.c:535:12:am65_cpsw_recv	0	static
drivers/net/ti/cpsw_mdio.c:120:13:cpsw_mdio_disable	0	static
drivers/net/ti/cpsw_mdio.c:591:12:cpsw_mdio_remove	16	static
drivers/phy/phy-uclass.c:88:12:phy_uclass_pre_probe	0	static
drivers/pinctrl/pinctrl-single.c:100:21:single_read	0	static
drivers/pinctrl/pinctrl-single.c:116:13:single_write	0	static
drivers/pinctrl/pinctrl-single.c:243:12:single_request	16	static
drivers/pinctrl/pinctrl-single.c:293:12:single_pin_compare	0	static
drivers/pinctrl/pinctrl-single.c:500:12:single_get_pins_count	0	static
drivers/mtd/ubi/wl.c:195:12:do_work	32	static
drivers/mtd/ubi/wl.c:407:12:prot_queue_del	16	static
drivers/net/ti/am65-cpsw-nuss.c:514:12:am65_cpsw_send	48	static
drivers/net/ti/am65-cpsw-nuss.c:547:12:am65_cpsw_free_pkt	32	static
drivers/pinctrl/pinctrl-single.c:155:12:single_get_pin_by_offset	16	static
drivers/phy/phy-uclass.c:97:12:phy_uclass_pre_remove	32	static
drivers/net/phy/dp83867.c:400:12:dp83867_probe	32	static
drivers/mtd/ubi/debug.c:27:6:ubi_dump_flash	96	static
drivers/mtd/ubi/wl.c:304:29:find_wl_entry	48	static
drivers/mtd/ubi/wl.c:1793:29:get_peb_for_wl	48	static
drivers/net/phy/phy.c:535:20:phy_device_create	64	static
drivers/net/phy/fixed.c:25:12:fixedphy_config	96	static
drivers/net/ti/am65-cpsw-nuss.c:567:13:am65_cpsw_stop	48	static
drivers/net/ti/am65-cpsw-nuss.c:626:12:am65_cpsw_read_rom_hwaddr	64	static
drivers/pinctrl/pinctrl-single.c:212:12:single_get_pin_muxing	32	static
drivers/pinctrl/pinctrl-single.c:487:20:single_get_pin_name	32	static
drivers/net/ti/am65-cpsw-nuss.c:817:12:am65_cpsw_nuss_bind	80	static
drivers/net/ti/cpsw_mdio.c:559:12:cpsw_mdio_probe	48	static
drivers/pinctrl/pinctrl-uclass.c:102:13:ofnode_pre_reloc_recursive	32	static
drivers/pinctrl/pinctrl-uclass.c:125:12:pinconfig_post_bind	80	static
drivers/pinctrl/pinctrl-uclass.c:405:27:pinctrl_post_bind	0	static
drivers/pinctrl/pinctrl-single.c:452:12:single_set_state	160	static
drivers/pinctrl/pinctrl-single.c:537:12:single_probe	144	static
drivers/pinctrl/pinctrl-single.c:574:12:single_of_to_plat	64	static
drivers/mtd/ubi/kapi.c:75:6:ubi_do_get_volume_info	0	static
drivers/mtd/ubi/kapi.c:332:6:ubi_close_volume	32	static
drivers/mtd/ubi/eba.c:242:12:leb_write_lock	64	static
drivers/mtd/ubi/eba.c:293:13:leb_write_unlock	32	static
drivers/mtd/ubi/io.c:600:5:ubi_io_is_bad	48	static
drivers/mtd/ubi/io.c:1119:12:self_check_not_bad	48	static
drivers/mtd/ubi/io.c:122:5:ubi_io_read	144	static
drivers/mtd/ubi/wl.c:146:13:wl_tree_add	0	static
drivers/mtd/ubi/wl.c:529:6:ubi_do_worker	32	static
drivers/mtd/ubi/wl.c:605:12:schedule_erase	64	static
drivers/mtd/ubi/wl.c:982:12:ensure_wear_leveling	48	static
drivers/mtd/ubi/wl.c:1200:5:ubi_wl_put_peb	80	static
drivers/mtd/ubi/eba.c:319:5:ubi_eba_unmap_leb	64	static
drivers/mtd/ubi/wl.c:1501:13:shutdown_work	32	static
drivers/mtd/ubi/wl.c:1684:6:ubi_wl_close	48	static
drivers/mtd/ubi/misc.c:137:5:ubi_check_pattern	0	static
drivers/mtd/ubi/io.c:1386:5:ubi_self_check_all_ff	96	static
drivers/mtd/ubi/io.c:316:12:do_sync_erase	160	static
drivers/mtd/ubi/wl.c:1841:5:ubi_wl_get_peb	48	static
drivers/mtd/ubi/debug.c:56:6:ubi_dump_ec_hdr	32	static
drivers/mtd/ubi/io.c:658:12:validate_ec_hdr	32	static
drivers/mtd/ubi/io.c:1144:12:self_check_ec_hdr	48	static
drivers/mtd/ubi/io.c:1182:12:self_check_peb_ec_hdr.part.0	48	static
drivers/mtd/ubi/debug.c:75:6:ubi_dump_vid_hdr	32	static
drivers/mtd/ubi/io.c:867:12:validate_vid_hdr	32	static
drivers/mtd/ubi/io.c:995:5:ubi_io_read_vid_hdr	64	static
drivers/mtd/ubi/eba.c:367:5:ubi_eba_read_leb	128	static
drivers/mtd/ubi/misc.c:51:5:ubi_check_volume	64	static
drivers/mtd/ubi/io.c:1227:12:self_check_vid_hdr	48	static
drivers/mtd/ubi/io.c:231:5:ubi_io_write	112	static
drivers/mtd/ubi/io.c:551:5:ubi_io_sync_erase	208	static
drivers/mtd/ubi/io.c:831:5:ubi_io_write_ec_hdr	48	static
drivers/mtd/ubi/wl.c:1062:12:erase_worker	112	static
drivers/mtd/ubi/wl.c:642:12:do_sync_erase	64	static
drivers/mtd/ubi/io.c:1079:5:ubi_io_write_vid_hdr	48	static
drivers/mtd/ubi/upd.c:227:12:write_leb	112	static
drivers/mtd/ubi/wl.c:672:12:wear_leveling_worker	128	static
drivers/mtd/ubi/debug.c:100:6:ubi_dump_vol_info	48	static
drivers/mtd/ubi/debug.c:132:6:ubi_dump_vtbl_record	48	static
drivers/mtd/ubi/debug.c:164:6:ubi_dump_av	32	static
drivers/net/phy/phy.c:1024:5:phy_read	0	static
drivers/net/phy/phy.c:391:5:genphy_config	32	static
drivers/net/phy/phy.c:442:5:genphy_startup	64	static
drivers/net/phy/phy.c:1044:5:phy_write	0	static
drivers/net/phy/phy.c:929:20:phy_connect	144	static
drivers/net/ti/am65-cpsw-nuss.c:695:12:am65_cpsw_port_probe	224	static
drivers/net/phy/phy.c:1063:6:phy_mmd_start_indirect	48	static
drivers/net/phy/phy.c:1084:5:phy_read_mmd	32	static
drivers/net/phy/phy.c:1116:5:phy_write_mmd	32	static
drivers/net/phy/dp83867.c:252:12:dp83867_config	48	static
drivers/net/ti/cpsw_mdio.c:166:13:cpsw_mdio_sw_clr_bit	0	static
drivers/net/ti/cpsw_mdio.c:208:13:cpsw_mdio_man_send_pattern	48	static
drivers/net/ti/cpsw_mdio.c:223:13:cpsw_mdio_sw_preamble	32	static
drivers/net/ti/cpsw_mdio.c:500:12:cpsw_mdio_bus_read	48	static
drivers/net/ti/cpsw_mdio.c:517:12:cpsw_mdio_bus_write	48	static
drivers/phy/phy-uclass.c:48:27:phy_get_counts	0	static
drivers/phy/phy-uclass.c:126:5:generic_phy_get_by_index_nodev	144	static
drivers/phy/phy-uclass.c:227:5:generic_phy_init	48	static
drivers/phy/phy-uclass.c:303:5:generic_phy_power_on	48	static
drivers/power/domain/power-domain-uclass.c:101:5:power_domain_free	0	static
drivers/net/ti/am65-cpsw-nuss.c:725:12:am65_cpsw_probe_nuss	128	static
drivers/power/domain/power-domain-uclass.c:110:5:power_domain_on	0	static
drivers/power/domain/power-domain-uclass.c:119:5:power_domain_off	0	static
drivers/net/ti/am65-cpsw-nuss.c:321:12:am65_cpsw_start	144	static
drivers/power/domain/power-domain-uclass.c:129:12:dev_power_domain_ctrl	96	static
drivers/pinctrl/pinctrl-uclass.c:311:5:pinctrl_select_state	112	static
