drivers/usb/dwc3/ep0.c:308:24:dwc3_wIndex_to_dep	0	static
drivers/usb/dwc3/ep0.c:325:13:dwc3_ep0_status_cmpl	0	static
drivers/usb/dwc3/ep0.c:529:12:dwc3_ep0_delegate_req	0	static
drivers/usb/dwc3/dwc3-generic.c:503:12:dwc3_rk_glue_get_ctrl_dev	0	static
drivers/usb/gadget/epautoconf.c:230:6:usb_ep_autoconfig_reset	0	static
drivers/usb/gadget/composite.c:63:5:usb_add_function	48	static
drivers/usb/gadget/composite.c:301:12:count_configs	0	static
drivers/usb/gadget/composite.c:352:13:reset_config	32	static
drivers/usb/gadget/composite.c:567:13:collect_langs	0	static
drivers/usb/gadget/composite.c:779:13:composite_setup_complete	0	static
drivers/usb/gadget/composite.c:1318:13:composite_disconnect	32	static
drivers/usb/gadget/composite.c:1434:1:composite_suspend	32	static
drivers/usb/gadget/composite.c:1453:1:composite_resume	32	static
drivers/usb/gadget/g_dnl.c:100:12:g_dnl_unbind	16	static
drivers/usb/gadget/f_dfu.c:786:12:dfu_set_alt	0	static
drivers/usb/gadget/f_dfu.c:799:12:__dfu_get_alt	0	static
drivers/usb/gadget/f_dfu.c:807:13:dfu_disable	0	static
drivers/usb/gadget/f_mass_storage.c:495:13:bulk_in_complete	32	static
drivers/usb/gadget/f_mass_storage.c:512:13:bulk_out_complete	32	static
drivers/usb/gadget/udc/udc-core.c:224:13:usb_gadget_remove_driver	32	static
drivers/usb/host/usb-uclass.c:510:12:usb_match_one_id	0	static
drivers/usb/host/usb_bootdev.c:13:12:usb_bootdev_bind	0	static
drivers/usb/gadget/udc/udc-core.c:160:13:usb_udc_release	0	static
drivers/usb/gadget/f_dfu.c:759:13:dfu_unbind	48	static
drivers/usb/dwc3/gadget.c:2638:5:dwc3_gadget_init	48	static
drivers/usb/dwc3/ep0.c:52:12:dwc3_ep0_start_trans	64	static
drivers/usb/dwc3/ep0.c:389:12:dwc3_ep0_handle_feature	16	static
drivers/usb/dwc3/ep0.c:1007:13:__dwc3_ep0_do_control_status	16	static
drivers/usb/dwc3/ep0.c:933:13:__dwc3_ep0_do_control_data	64	static
drivers/usb/dwc3/ep0.c:112:12:__dwc3_gadget_ep0_queue	32	static
drivers/usb/dwc3/ep0.c:215:5:dwc3_gadget_ep0_queue	0	static
drivers/usb/dwc3/dwc3-am62.c:36:13:dwc3_ti_am62_glue_configure	192	static
drivers/usb/dwc3/dwc3-generic.c:482:13:dwc3_qcom_glue_configure	32	static
drivers/usb/gadget/composite.c:587:12:lookup_string	112	static
drivers/usb/gadget/g_dnl.c:215:12:g_dnl_bind	80	static
drivers/usb/dwc3/dwc3-generic.c:53:12:dwc3_generic_probe	128	static
drivers/usb/dwc3/dwc3-generic.c:197:12:dwc3_generic_peripheral_probe	0	static
drivers/usb/gadget/g_dnl.c:123:12:g_dnl_do_config	48	static
drivers/usb/dwc3/dwc3-generic.c:164:12:dwc3_generic_of_to_plat	64	static
drivers/usb/dwc3/dwc3-generic.c:297:6:dwc3_imx8mp_glue_configure	48	static
drivers/usb/dwc3/dwc3-generic.c:204:12:dwc3_generic_peripheral_remove	0	static
drivers/usb/dwc3/dwc3-generic.c:348:6:dwc3_ti_glue_configure	48	static
drivers/usb/host/usb-uclass.c:778:12:usb_child_post_bind	32	static
drivers/usb/dwc3/dwc3-generic.c:516:12:dwc3_glue_bind_common	64	static
drivers/usb/dwc3/dwc3-generic.c:554:5:dwc3_glue_bind	48	static
drivers/usb/dwc3/dwc3-generic.c:579:12:dwc3_glue_reset_init	48	static
drivers/usb/dwc3/dwc3-generic.c:693:5:dwc3_glue_remove	32	static
drivers/usb/dwc3/dwc3-generic.c:607:12:dwc3_glue_clk_init	64	static
drivers/usb/dwc3/dwc3-generic.c:629:5:dwc3_glue_probe	96	static
drivers/usb/gadget/epautoconf.c:43:12:ep_matches	80	static
drivers/usb/gadget/epautoconf.c:198:16:usb_ep_autoconfig	48	static
drivers/usb/gadget/composite.c:1328:13:composite_unbind	64	static
drivers/usb/gadget/f_dfu.c:845:5:dfu_add	32	static
drivers/usb/gadget/g_dnl.c:50:6:g_dnl_set_serialnumber	32	static
drivers/usb/gadget/g_dnl.c:207:12:on_serialno	16	static
drivers/usb/gadget/f_dfu.c:169:13:dnload_request_flush	16	static
drivers/usb/gadget/f_dfu.c:181:12:handle_getstatus	32	static
drivers/usb/gadget/f_dfu.c:264:12:state_app_idle	0	static
drivers/usb/gadget/f_dfu.c:291:12:state_app_detach	0	static
drivers/usb/gadget/f_dfu.c:382:12:state_dfu_dnload_sync	0	static
drivers/usb/gadget/f_dfu.c:405:12:state_dfu_dnbusy	0	static
drivers/usb/gadget/f_dfu.c:425:12:state_dfu_dnload_idle	0	static
drivers/usb/gadget/f_dfu.c:463:12:state_dfu_manifest_sync	32	static
drivers/usb/gadget/f_dfu.c:490:12:state_dfu_manifest	32	static
drivers/usb/gadget/f_dfu.c:557:12:state_dfu_error	0	static
drivers/usb/gadget/f_dfu.c:314:12:state_dfu_idle	48	static
drivers/usb/gadget/f_dfu.c:516:12:state_dfu_upload_idle	48	static
drivers/usb/host/usb-uclass.c:816:5:usb_child_pre_probe	32	static
drivers/usb/host/xhci.c:136:1:handshake	48	static
drivers/usb/host/xhci.c:184:12:xhci_reset	32	static
drivers/usb/dwc3/dwc3-generic.c:238:12:dwc3_generic_host_probe	96	static
drivers/usb/dwc3/dwc3-generic.c:269:12:dwc3_generic_host_remove	80	static
drivers/usb/dwc3/gadget.c:2720:6:dwc3_gadget_exit	32	static
drivers/usb/dwc3/ep0.c:299:6:dwc3_ep0_out_start	16	static
drivers/usb/dwc3/ep0.c:252:13:dwc3_ep0_stall_and_restart	48	static
drivers/usb/dwc3/ep0.c:277:5:__dwc3_gadget_ep0_set_halt	16	static
drivers/usb/gadget/g_dnl.c:288:5:g_dnl_register	48	static
drivers/usb/gadget/g_dnl.c:303:6:g_dnl_unregister	32	static
drivers/usb/gadget/storage_common.c:602:13:store_cdrom_address	0	static
drivers/usb/gadget/f_mass_storage.c:462:13:raise_exception	0	static
drivers/usb/gadget/f_mass_storage.c:2269:12:fsg_set_alt	16	static
drivers/usb/gadget/f_mass_storage.c:2277:13:fsg_disable	0	static
drivers/usb/gadget/f_mass_storage.c:2640:13:fsg_unbind	32	static
drivers/usb/gadget/f_mass_storage.c:2748:5:fsg_add	64	static
drivers/usb/gadget/f_mass_storage.c:476:12:ep0_queue	32	static
drivers/usb/gadget/f_mass_storage.c:535:12:fsg_setup	16	static
drivers/usb/gadget/f_mass_storage.c:653:12:sleep_thread	64	static
drivers/usb/gadget/f_mass_storage.c:693:12:do_read	96	static
drivers/usb/gadget/f_mass_storage.c:821:12:do_write	112	static
drivers/usb/gadget/f_mass_storage.c:1384:12:halt_bulk_in_endpoint	32	static
drivers/usb/gadget/f_mass_storage.c:1601:12:send_status	48	static
drivers/usb/gadget/udc/udc-uclass.c:34:5:udc_device_get_by_index	48	static
drivers/usb/host/usb-uclass.c:290:5:usb_init	96	static
drivers/usb/host/usb_bootdev.c:22:12:usb_bootdev_hunt	0	static
drivers/usb/host/usb-uclass.c:648:5:usb_scan_device	2672	static
drivers/usb/host/xhci.c:439:12:xhci_configure_endpoints	48	static
drivers/usb/dwc3/ep0.c:593:13:dwc3_ep0_set_sel_cmpl	48	static
drivers/usb/dwc3/dwc3-generic.c:211:12:dwc3_gadget_handle_interrupts	192	static
drivers/usb/gadget/config.c:32:1:usb_descriptor_fillbuf	64	static
drivers/usb/gadget/composite.c:1008:1:composite_setup	112	static
drivers/usb/gadget/composite.c:1379:12:composite_bind	48	static
drivers/usb/gadget/f_dfu.c:156:13:dnload_request_complete	64	static
drivers/usb/gadget/f_dfu.c:601:1:dfu_handle	48	static
drivers/usb/gadget/f_dfu.c:713:12:dfu_bind	80	static
drivers/usb/gadget/f_mass_storage.c:2604:1:usb_copy_descriptors	48	static
drivers/usb/gadget/f_mass_storage.c:2655:12:fsg_bind	48	static
