disk/part_iso.c:28:15:iso_dread.constprop	32	static
boot/image-fit.c:185:13:fit_image_print_data.constprop	112	static
lib/efi_selftest/efi_selftest_fdt.c:57:14:get_property.constprop	80	static
lib/efi_selftest/efi_selftest_controllers.c:41:21:count_child_controllers.constprop	64	static
lib/efi_loader/efi_console.c:679:13:set_shift_mask.constprop	0	static
lib/efi_loader/efi_console.c:703:12:analyze_modifiers.constprop	48	static
drivers/usb/host/xhci-mem.c:693:6:xhci_endpoint_copy.constprop	48	static
drivers/spi/cadence_qspi.c:184:12:cadence_spi_find_rx_high_sdr.constprop	48	static
drivers/spi/cadence_qspi.c:231:12:cadence_spi_find_tx_high.constprop	48	static
drivers/spi/cadence_qspi.c:206:12:cadence_spi_find_tx_low.constprop	48	static
drivers/spi/cadence_qspi.c:159:12:cadence_spi_find_rx_high.constprop	48	static
drivers/spi/cadence_qspi.c:113:12:cadence_spi_find_rx_low.constprop	48	static
drivers/spi/cadence_qspi.c:1248:12:cadence_spi_read_id.constprop	96	static
drivers/net/ti/cpsw_mdio.c:201:13:cpsw_mdio_toggle_man_bit.constprop	32	static
drivers/mtd/spi/spi-nor-core.c:1229:12:spansion_erase_non_uniform.constprop	96	static
drivers/mtd/spi/spi-nor-core.c:1277:12:write_sr_and_check.constprop	32	static
drivers/mtd/spi/spi-nor-core.c:760:12:set_4byte.constprop	48	static
drivers/mmc/mmc.c:311:5:mmc_poll_for_busy.constprop	64	static
drivers/firmware/psci.c:50:29:invoke_psci_fn.constprop	64	static
drivers/soc/ti/k3-navss-ringacc.c:304:5:k3_nav_ringacc_request_rings_pair.constprop	48	static
drivers/core/tag.c:119:5:dev_tag_del.constprop	16	static
disk/part_iso.c:48:5:part_get_info_iso_verb.constprop	64	static
common/usb.c:275:5:usb_bulk_msg.constprop	48	static
disk/part_efi.c:1097:12:find_valid_gpt.constprop	48	static
cmd/gpt.c:433:12:set_gpt_info.constprop	176	static
lib/panic.c:52:6:__assert_fail.constprop	16	static
drivers/usb/host/usb-uclass.c:224:13:usb_scan_bus.constprop	48	static
drivers/mtd/ubi/kapi.c:122:25:ubi_open_volume.part.0.constprop	64	static
drivers/mtd/ubi/kapi.c:240:25:ubi_open_volume_nm.constprop	80	static
fs/ubifs/recovery.c:104:12:get_master_node.constprop	112	static
fs/ubifs/tnc.c:1978:12:tnc_insert.constprop	112	static
fs/ubifs/lprops.c:527:28:ubifs_change_lp.constprop	64	static
fs/ubifs/lprops.c:695:5:ubifs_update_one_lp.constprop	48	static
fs/ubifs/lpt.c:938:12:check_lpt_type.constprop	32	static
fs/ubifs/tnc.c:1450:5:ubifs_tnc_locate.constprop	96	static
drivers/mtd/ubi/debug.c:182:6:ubi_dump_aeb.constprop	32	static
fs/ubifs/lpt_commit.c:1461:6:ubifs_lpt_free.constprop	64	static
drivers/mtd/ubi/wl.c:1357:5:ubi_wl_flush.constprop	48	static
drivers/mtd/ubi/crc32.c:82:5:crc32_le.constprop	0	static
drivers/mtd/ubi/io.c:722:5:ubi_io_read_ec_hdr.constprop	48	static
cmd/legacy-mtd-utils.c:43:5:mtd_arg_off.constprop	96	static
cmd/mtdparts.c:734:12:device_delall.constprop	48	static
drivers/block/blk-uclass.c:216:5:blk_select_hwpart_devnum.constprop	48	static
drivers/mmc/mmc.c:284:12:mmc_send_cmd_quirks.constprop	0	static
drivers/mmc/mmc.c:844:12:__mmc_switch.constprop	112	static
drivers/mmc/mmc.c:913:5:mmc_switch.constprop	0	static
cmd/load.c:614:13:s1_sendpacket.constprop	32	static
cmd/load.c:604:12:chk1.constprop	0	static
drivers/gpio/gpio-uclass.c:1131:12:gpio_request_tail.constprop	80	static
cmd/i2c.c:202:13:get_alen.constprop	0	static
drivers/gpio/gpio-uclass.c:720:5:dm_gpio_clrset_flags.constprop	48	static
cmd/eficonfig.c:417:14:eficonfig_process_common.constprop	64	static
cmd/eficonfig.c:1349:13:fill_file_info.constprop	64	static
drivers/i2c/i2c-uclass.c:267:12:i2c_probe_chip.constprop	80	static
drivers/i2c/i2c-uclass.c:332:5:i2c_get_chip.constprop	96	static
drivers/block/blk-uclass.c:183:5:blk_get_desc.constprop	64	static
lib/display_options.c:18:7:display_options_get_banner_priv.constprop	32	static
drivers/core/ofnode.c:961:8:oftree_path.constprop	16	static
drivers/core/tag.c:85:5:dev_tag_get_ptr.constprop	0	static
boot/bootflow.c:875:5:bootflow_cmdline_set_arg.constprop	2080	static
drivers/core/uclass.c:832:5:uclass_id_count.constprop	32	static
net/eth_common.c:15:5:eth_env_get_enetaddr_by_index.constprop	64	static
boot/pxe_utils.c:67:5:format_mac_pxe.constprop	48	static
lib/efi_loader/efi_device_path.c:978:25:efi_dp_from_mem.constprop	48	static
boot/image-fit.c:1987:5:fit_get_node_from_config.constprop	32	static
boot/image-board.c:194:7:genimg_get_kernel_addr_fit.constprop	64	static
boot/image-fit.c:1651:5:fit_check_format.constprop	80	static
boot/image-fit.c:252:13:fit_image_print_verification_data.constprop	48	static
boot/image-fit.c:473:6:fit_image_print.constprop	112	static
lib/zlib/inflate.c:33:13:inflateInit2_.constprop	32	static
cmd/mtdparts.c:1205:12:generate_mtdparts_save.constprop	144	static
env/common.c:567:5:env_complete.constprop	144	static
common/cli.c:124:5:run_command_list.constprop	48	static
lib/libfdt/../../scripts/dtc/libfdt/fdt_wip.c:13:5:fdt_setprop_inplace_namelen_partial.constprop	48	static
boot/image-fit.c:2050:5:fit_image_load.constprop	208	static
lib/zstd/decompress/zstd_decompress_block.c:598:15:ZSTD_buildSeqTable.constprop	208	static
drivers/usb/dwc3/gadget.c:512:12:__dwc3_gadget_ep_enable.constprop	80	static
drivers/usb/dwc3/gadget.c:2031:13:dwc3_stop_active_transfer.constprop	64	static
drivers/mtd/mtdcore.c:1233:12:mtd_ooblayout_find_region.constprop	64	static
drivers/mtd/ubi/eba.c:657:5:ubi_eba_write_leb.constprop	144	static
lib/hashtable.c:599:9:hexport_r.constprop	128	dynamic
net/tftp.c:759:6:tftp_start.constprop	80	static
boot/pxe_utils.c:1726:5:pxe_process.constprop	128	static
boot/pxe_utils.c:1688:5:pxe_setup_ctx.constprop	80	static
cmd/pxe.c:134:5:pxe_get.constprop	176	static
boot/image-fit-sig.c:65:12:fit_image_setup_verify.constprop	128	static
boot/image-fit-sig.c:106:5:fit_image_check_sig.constprop	224	static
arch/arm/lib/image.c:31:5:booti_setup.constprop	48	static
lib/fdtdec.c:899:5:fdt_get_resource.constprop	112	static
lib/efi_loader/efi_var_common.c:394:7:efi_get_var.constprop	48	static
disk/part.c:753:5:part_get_info_by_dev_and_name_or_num.constprop	80	static
lib/charset.c:390:19:u16_strncmp.constprop	0	static
boot/fdt_support.c:391:6:do_fixup_by_path.constprop	64	static
lib/hashtable.c:439:13:_hdelete.constprop	32	static
lib/hashtable.c:452:5:hdelete_r.constprop	96	static
lib/hashtable.c:788:5:himport_r.constprop	144	dynamic
lib/strto.c:192:6:trailing_strtoln_end.constprop	32	static
drivers/core/device.c:40:12:device_bind_common.constprop	192	static
lib/fdtdec.c:108:12:fdtdec_get_addr_size_fixed.constprop	96	static
drivers/core/ofnode.c:735:19:__ofnode_get_addr_size_index.constprop	64	static
lib/fdtdec.c:154:12:fdtdec_get_addr_size_auto_parent.constprop	64	static
boot/fdt_support.c:122:5:fdt_find_or_add_subnode.constprop	48	static
boot/fdt_support.c:518:5:fdt_fixup_memory_banks.constprop	144	static
arch/arm/cpu/armv8/cache_v8.c:60:5:get_tcr.constprop	0	static
drivers/core/ofnode.c:932:5:ofnode_count_phandle_with_args.constprop	0	static
lib/charset.c:173:8:utf8_utf16_strnlen.constprop	64	static
lib/efi_loader/efi_string.c:27:6:efi_create_indexed_name.constprop	64	static
lib/efi_loader/efi_bootmgr.c:981:14:efi_bootmgr_get_unused_bootoption.constprop	80	static
lib/zstd/decompress/zstd_decompress_block.c:1159:1:ZSTD_decodeSequence.constprop	128	static
lib/zstd/decompress/zstd_decompress_block.c:1528:1:ZSTD_decompressSequences_body.constprop	272	static
lib/zstd/decompress/zstd_decompress_block.c:1311:1:ZSTD_decompressSequences_bodySplitLitBuffer.constprop	432	static
lib/zstd/common/fse_decompress.c:225:30:FSE_decompress_usingDTable_generic.constprop	144	static
lib/zstd/decompress/huf_decompress.c:333:8:HUF_readDTableX1_wksp_bmi2.constprop	176	static
