lib/efi_selftest/efi_selftest_block_device.c:64:28:reset	0	static
lib/efi_selftest/efi_selftest_block_device.c:81:28:read_blocks	16	static
lib/efi_selftest/efi_selftest_block_device.c:106:28:write_blocks	16	static
lib/efi_selftest/efi_selftest_block_device.c:127:28:flush_blocks	0	static
lib/lzma/LzmaDec.c:441:26:LzmaDec_WriteRem	0	static
lib/lzma/LzmaDec.c:467:25:LzmaDec_DecodeReal2	160	static
lib/lzma/LzmaDec.c:500:19:LzmaDec_TryDummy	0	static
lib/charset.c:91:11:read_string	0	static
lib/smbios.c:319:12:smbios_string_table_len	0	static
lib/list_sort.c:22:26:merge	80	static
lib/efi_selftest/efi_selftest_rtc.c:40:12:execute	80	static
lib/efi_selftest/efi_selftest_block_device.c:187:12:setup	80	static
lib/efi_selftest/efi_selftest_block_device.c:247:12:teardown	32	static
lib/efi_selftest/efi_selftest_fdt.c:154:12:setup	32	static
lib/efi_selftest/efi_selftest_fdt.c:204:12:execute	32	static
lib/lzma/LzmaTools.c:36:14:SzAlloc	0	static
lib/lzma/LzmaTools.c:37:13:SzFree	0	static
lib/smbios.c:545:12:smbios_write_type32	48	static
lib/smbios.c:562:12:smbios_write_type127	48	static
lib/libfdt/../../scripts/dtc/libfdt/fdt_ro.c:160:40:fdt_mem_rsv	0	static
lib/libfdt/../../scripts/dtc/libfdt/fdt_rw.c:13:12:fdt_blocks_misordered_	0	static
lib/charset.c:110:11:read_console	16	static
lib/smbios.c:143:12:smbios_add_string	48	static
lib/efi_selftest/efi_selftest_fdt.c:35:17:f2h	0	static
lib/libfdt/../../scripts/dtc/libfdt/fdt.c:18:9:fdt_ro_probe_	0	static
lib/libfdt/../../scripts/dtc/libfdt/fdt.c:82:5:fdt_check_header	0	static
lib/libfdt/../../scripts/dtc/libfdt/fdt.c:132:13:fdt_offset_ptr	0	static
lib/libfdt/../../scripts/dtc/libfdt/fdt.c:154:10:fdt_next_tag	16	static
lib/libfdt/../../scripts/dtc/libfdt/fdt.c:209:5:fdt_check_node_offset_	32	static
lib/libfdt/../../scripts/dtc/libfdt/fdt.c:218:5:fdt_check_prop_offset_	32	static
lib/libfdt/../../scripts/dtc/libfdt/fdt_ro.c:201:12:nextprop_	32	static
lib/libfdt/../../scripts/dtc/libfdt/fdt.c:227:5:fdt_next_node	32	static
lib/libfdt/../../scripts/dtc/libfdt/fdt.c:267:5:fdt_first_subnode	32	static
lib/libfdt/../../scripts/dtc/libfdt/fdt.c:278:5:fdt_next_subnode	32	static
lib/libfdt/../../scripts/dtc/libfdt/fdt_ro.c:34:13:fdt_get_string	32	static
lib/libfdt/../../scripts/dtc/libfdt/fdt_ro.c:175:5:fdt_get_mem_rsv	16	static
lib/libfdt/../../scripts/dtc/libfdt/fdt_ro.c:189:5:fdt_num_mem_rsv	16	static
lib/libfdt/../../scripts/dtc/libfdt/fdt_ro.c:300:13:fdt_get_name	32	static
lib/libfdt/../../scripts/dtc/libfdt/fdt_ro.c:339:5:fdt_first_property_offset	16	static
lib/libfdt/../../scripts/dtc/libfdt/fdt_ro.c:349:5:fdt_next_property_offset	16	static
lib/libfdt/../../scripts/dtc/libfdt/fdt_ro.c:357:35:fdt_get_property_by_offset_	16	static
lib/libfdt/../../scripts/dtc/libfdt/fdt_ro.c:467:13:fdt_getprop_by_offset	80	static
lib/libfdt/../../scripts/dtc/libfdt/fdt_ro.c:592:5:fdt_supernode_atdepth_offset	64	static
lib/libfdt/../../scripts/dtc/libfdt/fdt_ro.c:641:5:fdt_parent_offset	48	static
lib/libfdt/../../scripts/dtc/libfdt/fdt_strerror.c:45:13:fdt_strerror	0	static
lib/libfdt/../../scripts/dtc/libfdt/fdt_rw.c:27:12:fdt_rw_probe_	16	static
lib/charset.c:36:12:get_code	48	static
lib/charset.c:210:5:utf16_get	0	static
lib/charset.c:274:8:utf16_utf8_strnlen	32	static
lib/charset.c:314:5:utf_to_lower	0	static
lib/charset.c:333:5:utf_to_upper	0	static
lib/charset.c:403:22:u16_strnlen	0	static
lib/charset.c:410:8:u16_strsize	16	static
lib/crc16.c:55:5:crc16	0	static
lib/crc16-ccitt.c:66:10:crc16_ccitt	0	static
lib/initcall.c:50:5:initcall_run_list	128	static
lib/net_utils.c:170:6:compute_ip_checksum	0	static
lib/net_utils.c:16:16:string_to_ip.part.0	64	static
lib/net_utils.c:16:16:string_to_ip	0	static
lib/net_utils.c:155:6:string_to_enetaddr.part.0	64	static
lib/rbtree.c:376:6:rb_insert_color	0	static
lib/rbtree.c:382:6:rb_erase	0	static
lib/rbtree.c:434:17:rb_next	0	static
lib/rbtree.c:524:17:rb_next_postorder	0	static
lib/list_sort.c:105:6:list_sort.part.0	272	static
lib/libfdt/../../scripts/dtc/libfdt/fdt_ro.c:225:5:fdt_subnode_offset_namelen	80	static
lib/libfdt/../../scripts/dtc/libfdt/fdt_ro.c:244:5:fdt_subnode_offset	48	static
lib/libfdt/../../scripts/dtc/libfdt/fdt_ro.c:394:35:fdt_get_property_namelen_	96	static
lib/libfdt/../../scripts/dtc/libfdt/fdt_ro.c:441:28:fdt_get_property	48	static
lib/libfdt/../../scripts/dtc/libfdt/fdt_ro.c:449:13:fdt_getprop_namelen	48	static
lib/libfdt/../../scripts/dtc/libfdt/fdt_ro.c:250:5:fdt_path_offset_namelen	64	static
lib/libfdt/../../scripts/dtc/libfdt/fdt_ro.c:295:5:fdt_path_offset	32	static
lib/libfdt/../../scripts/dtc/libfdt/fdt_ro.c:500:13:fdt_getprop	48	static
lib/libfdt/../../scripts/dtc/libfdt/fdt_ro.c:506:10:fdt_get_phandle	48	static
lib/libfdt/../../scripts/dtc/libfdt/fdt_ro.c:678:5:fdt_node_offset_by_phandle	48	static
lib/libfdt/../../scripts/dtc/libfdt/fdt_ro.c:720:5:fdt_stringlist_count	64	static
lib/libfdt/../../scripts/dtc/libfdt/fdt_ro.c:775:13:fdt_stringlist_get	64	static
lib/libfdt/../../scripts/dtc/libfdt/fdt_addresses.c:14:12:fdt_cells	32	static
lib/libfdt/../../scripts/dtc/libfdt/fdt_addresses.c:34:5:fdt_address_cells	16	static
lib/libfdt/../../scripts/dtc/libfdt/fdt_addresses.c:46:5:fdt_size_cells	16	static
lib/libfdt/../../scripts/dtc/libfdt/fdt_overlay.c:58:12:overlay_get_target	64	static
lib/libfdt/../../scripts/dtc/libfdt/fdt_overlay.c:116:12:overlay_phandle_add_offset	64	static
lib/libfdt/../../scripts/dtc/libfdt/fdt_overlay.c:156:12:overlay_adjust_node_phandles	48	static
lib/fdtdec_common.c:21:5:fdtdec_get_int	48	static
lib/rsa/rsa-verify.c:436:12:rsa_verify_with_keynode	160	dynamic
lib/rsa/rsa-verify.c:560:5:rsa_verify	192	dynamic
lib/libfdt/../../scripts/dtc/libfdt/fdt_ro.c:745:5:fdt_stringlist_search	80	static
lib/rsa/rsa-verify.c:62:5:padding_pkcs_15_verify	112	static
lib/efi_selftest/efi_selftest_block_device.c:299:12:execute	1248	static
lib/lzma/LzmaTools.c:39:5:lzmaBuffToBuffDecompress	272	static
lib/libfdt/../../scripts/dtc/libfdt/fdt_ro.c:540:5:fdt_get_path	128	static
lib/libfdt/../../scripts/dtc/libfdt/fdt_overlay.c:220:12:overlay_update_local_node_references	144	static
lib/charset.c:428:6:u16_strdup	48	static
lib/crc16-ccitt.c:74:6:crc16_ccitt_wd_buf	32	static
lib/smbios.c:220:12:smbios_add_prop_si	208	static
lib/smbios.c:329:12:smbios_write_type0	48	static
lib/smbios.c:384:12:smbios_write_type1	64	static
lib/smbios.c:425:12:smbios_write_type2	64	static
lib/smbios.c:462:12:smbios_write_type3	64	static
lib/smbios.c:520:12:smbios_write_type4	48	static
lib/libfdt/../../scripts/dtc/libfdt/fdt_rw.c:56:12:fdt_splice_	16	static
lib/libfdt/../../scripts/dtc/libfdt/fdt_rw.c:71:12:fdt_splice_mem_rsv_	48	static
lib/libfdt/../../scripts/dtc/libfdt/fdt_rw.c:156:5:fdt_add_mem_rsv	64	static
lib/libfdt/../../scripts/dtc/libfdt/fdt_rw.c:173:5:fdt_del_mem_rsv	16	static
lib/libfdt/../../scripts/dtc/libfdt/fdt_rw.c:84:12:fdt_splice_struct_	48	static
lib/libfdt/../../scripts/dtc/libfdt/fdt_rw.c:319:5:fdt_delprop	48	static
lib/libfdt/../../scripts/dtc/libfdt/fdt_rw.c:375:5:fdt_add_subnode	96	static
lib/libfdt/../../scripts/dtc/libfdt/fdt_rw.c:380:5:fdt_del_node	32	static
lib/libfdt/../../scripts/dtc/libfdt/fdt_rw.c:259:5:fdt_setprop_placeholder	144	static
lib/libfdt/../../scripts/dtc/libfdt/fdt_rw.c:277:5:fdt_setprop	64	static
lib/libfdt/../../scripts/dtc/libfdt/fdt_overlay.c:557:12:overlay_apply_node	80	static
lib/libfdt/../../scripts/dtc/libfdt/fdt_rw.c:394:13:fdt_packblocks_	64	static
lib/libfdt/../../scripts/dtc/libfdt/fdt_rw.c:416:5:fdt_open_into	80	static
