common/usb_storage.c:344:12:usb_stor_irq	0	static
common/console.c:176:12:console_setfile	32	static
common/console.c:1017:5:console_init_f	0	static
common/console.c:557:6:fflush.part.0	0	static
common/dlmalloc.c:2484:5:initf_malloc	0	static
common/malloc_simple.c:19:14:alloc_simple	16	static
common/event.c:210:5:event_init	0	static
common/stdio.c:293:5:stdio_init_tables	0	static
common/command.c:541:5:cmd_always_repeatable	0	static
common/command.c:549:5:cmd_never_repeatable	0	static
common/command.c:557:5:cmd_discard_repeatable	32	static
common/s_record.c:154:12:hex1_bin	0	static
disk/part.c:67:28:part_driver_lookup_type	48	static
disk/disk-uclass.c:27:12:disk_blk_part_validate	0	static
disk/part_efi.c:65:14:print_efiname	0	static
drivers/clk/clk-uclass.c:546:13:clk_clean_rate_cache	32	static
drivers/clk/clk_fixed_rate.c:17:14:clk_fixed_rate_get_rate	0	static
drivers/clk/clk_fixed_rate.c:23:12:dummy_enable	0	static
drivers/clk/clk_fixed_rate.c:50:14:clk_fixed_rate_raw_get_rate	0	static
drivers/core/device.c:813:5:device_get_decendent_count	48	static
drivers/core/dump.c:25:12:h_cmp_uclass_id	0	static
common/usb_storage.c:665:12:usb_stor_CBI_get_status	48	static
common/usb_storage.c:464:12:usb_stor_BBB_reset	48	static
common/usb_storage.c:518:12:usb_stor_CB_reset	64	static
common/dlmalloc.c:581:7:sbrk	48	static
common/dlmalloc.c:1525:6:free	48	static
common/dlmalloc.c:1243:9:malloc	96	static
common/hash.c:38:27:hash_init_sha1	32	static
common/hash.c:65:27:hash_init_sha256	32	static
common/hash.c:119:27:hash_init_sha512	32	static
common/hash.c:146:12:hash_init_crc16_ccitt	32	static
common/hash.c:173:27:hash_init_crc32	32	static
common/hash.c:162:12:hash_finish_crc16_ccitt	16	static
common/hash.c:189:27:hash_finish_crc32	16	static
drivers/core/device-remove.c:132:6:device_free	32	static
common/usb_storage.c:597:12:usb_stor_CB_comdat	144	static
common/usb_storage.c:843:12:usb_stor_CB_transport	400	static
common/usb_storage.c:1140:22:usb_stor_read	128	static
common/usb_storage.c:1223:22:usb_stor_write	128	static
common/console.c:585:5:getchar	32	static
common/stdio.c:96:12:stdio_serial_getc	0	static
common/console.c:608:5:tstc	0	static
common/stdio.c:101:12:stdio_serial_tstc	0	static
common/console.c:693:6:putc	0	static
common/stdio.c:79:13:stdio_serial_putc	0	static
common/console.c:734:6:puts	0	static
common/menu.c:279:5:menu_get_choice.part.0	1088	static
common/stdio.c:84:13:stdio_serial_puts	0	static
common/console.c:779:6:flush	0	static
common/stdio.c:90:13:stdio_serial_flush	0	static
common/console.c:1182:5:console_init_r	64	static
common/hash.c:46:27:hash_update_sha1	16	static
common/hash.c:54:27:hash_finish_sha1	32	static
common/hash.c:73:27:hash_update_sha256	16	static
common/hash.c:81:27:hash_finish_sha256	32	static
common/hash.c:127:27:hash_update_sha512	16	static
common/hash.c:135:27:hash_finish_sha512	32	static
common/hash.c:154:12:hash_update_crc16_ccitt	32	static
common/hash.c:181:27:hash_update_crc32	32	static
common/stdio.c:301:5:stdio_add_devices	144	static
common/cli.c:201:5:do_run	48	static
disk/part_dos.c:63:12:test_block_type	32	static
common/command.c:157:5:var_complete	0	static
disk/part_dos.c:101:12:part_test_dos	48	dynamic
disk/part_dos.c:132:13:print_partition_extended	112	dynamic
disk/part_dos.c:312:28:part_print_dos	32	static
disk/part_efi.c:315:12:part_test_efi	32	dynamic
disk/part_iso.c:201:12:part_get_info_iso	0	static
disk/part_iso.c:207:13:part_print_iso	192	static
disk/part_iso.c:226:12:part_test_iso	160	static
drivers/clk/clk_fixed_rate.c:59:12:clk_fixed_rate_of_to_plat	32	static
drivers/clk/clk_fixed_factor.c:43:12:clk_fixed_factor_of_to_plat	48	static
drivers/clk/clk_scmi.c:60:12:scmi_clk_gate	80	static
drivers/clk/clk_scmi.c:79:12:scmi_clk_enable	0	static
drivers/clk/clk_scmi.c:84:12:scmi_clk_disable	0	static
drivers/clk/clk_scmi.c:89:14:scmi_clk_get_rate	80	static
drivers/clk/clk_scmi.c:111:14:scmi_clk_set_rate	96	static
drivers/clk/clk_scmi.c:136:12:scmi_clk_probe	0	static
drivers/core/dump.c:33:13:show_devices	80	static
common/menu.c:247:5:menu_default_set	64	static
common/menu.c:279:5:menu_get_choice	0	static
common/menu.c:311:5:menu_item_add	80	static
common/console.c:557:6:fflush	0	static
common/console.c:564:5:fprintf	1232	static
common/console.c:878:5:ctrlc	16	static
common/console.c:960:5:console_assign	64	static
common/console.c:32:12:on_console	48	static
common/dlmalloc.c:1903:9:memalign	64	static
common/dlmalloc.c:2088:9:calloc	48	static
drivers/core/device.c:302:14:alloc_priv	32	static
drivers/core/device.c:389:5:device_of_to_plat	32	static
common/event.c:181:5:event_register	64	static
common/hash.c:330:5:hash_lookup_algo	64	static
common/command.c:94:17:find_cmd_tbl	80	static
common/command.c:129:17:find_cmd	0	static
common/command.c:136:5:cmd_usage	32	static
common/command.c:469:5:cmd_get_data_size	32	static
common/command.c:588:20:cmd_process	96	static
common/command.c:660:5:cmd_source_script	32	static
common/s_record.c:165:12:hex2_bin	16	static
common/xyzModem.c:241:1:xyzModem_flush	32	static
common/xyzModem.c:254:1:xyzModem_get_hdr	80	static
common/xyzModem.c:647:1:xyzModem_stream_close	0	static
disk/part.c:175:6:dev_print	32	static
disk/part.c:373:5:part_get_info	48	static
disk/part.c:379:5:part_get_info_whole_disk	32	static
disk/part_dos.c:202:12:part_get_info_extended	256	dynamic
disk/part_dos.c:318:27:part_get_info_dos	0	static
disk/part.c:666:5:part_get_info_by_name	64	static
disk/part_efi.c:546:17:partition_entries_offset	32	static
disk/part_efi.c:735:12:write_one_gpt_table	64	static
drivers/block/blk-uclass.c:79:13:blk_get_uclass_name	0	static
drivers/block/blk-uclass.c:322:5:blk_select_hwpart	0	static
drivers/block/blkcache.c:129:6:blkcache_invalidate	64	static
disk/part.c:279:6:part_init	64	static
drivers/block/blk-uclass.c:470:6:blk_write	64	static
disk/disk-uclass.c:92:15:disk_blk_write	16	static
drivers/block/blk-uclass.c:504:6:blk_erase	48	static
disk/disk-uclass.c:113:15:disk_blk_erase	16	static
drivers/clk/clk-uclass.c:460:7:clk_get_rate	0	static
drivers/clk/clk_fixed_factor.c:25:14:clk_fixed_factor_get_rate	32	static
drivers/clk/clk-uclass.c:606:5:clk_enable	0	static
drivers/clk/clk-uclass.c:667:5:clk_disable	0	static
drivers/core/device.c:881:24:_device_find_global_by_ofnode	48	static
drivers/core/device.c:898:5:device_find_global_by_ofnode	16	static
drivers/core/device.c:978:5:device_find_first_child_by_uclass	0	static
drivers/core/device.c:995:5:device_find_child_by_namelen	80	static
drivers/core/device.c:1087:13:dev_get_driver_ops	0	static
drivers/core/fdtaddr.c:166:7:devfdt_get_addr_name_ptr	32	static
drivers/core/lists.c:23:16:lists_driver_lookup_name	48	static
drivers/core/device.c:257:5:device_bind_by_name	64	static
drivers/core/lists.c:39:23:lists_uclass_lookup	0	static
drivers/core/lists.c:154:5:device_bind_driver_to_node	48	static
drivers/core/lists.c:147:5:device_bind_driver	0	static
drivers/core/lists.c:199:5:lists_bind_fdt	144	static
drivers/core/root.c:196:12:dm_scan_fdt_node	64	static
drivers/core/root.c:227:5:dm_scan_fdt_dev	0	static
drivers/core/simple-bus.c:25:12:simple_bus_post_bind	48	static
drivers/core/root.c:39:17:dm_root	0	static
drivers/core/root.c:377:6:dm_get_stats	16	static
drivers/core/uclass.c:144:5:uclass_get	64	static
drivers/block/blk-uclass.c:378:5:blk_find_device	64	static
drivers/block/blk-uclass.c:571:5:blk_find_max_devnum	48	static
drivers/block/blk-uclass.c:591:5:blk_next_free_devnum	16	static
drivers/block/blk-uclass.c:744:5:blk_create_devicef	144	static
drivers/core/uclass.c:163:13:uclass_get_name	32	static
disk/part.c:321:6:part_print	48	static
drivers/core/uclass.c:182:16:uclass_get_by_namelen	48	static
drivers/core/uclass.c:246:5:uclass_find_first_device	48	static
drivers/core/uclass.c:263:5:uclass_find_next_device	0	static
drivers/core/uclass.c:276:5:uclass_find_device_by_namelen	96	static
drivers/core/uclass.c:341:5:uclass_find_device_by_seq	48	static
drivers/core/uclass.c:424:12:uclass_find_device_by_phandle_id	80	static
drivers/core/device-remove.c:70:5:device_unbind	32	static
drivers/core/device-remove.c:24:5:device_chld_unbind	80	static
drivers/core/dump.c:87:13:dm_dump_tree_single	48	static
drivers/core/dump.c:104:13:dm_dump_tree_recursive	80	static
drivers/core/dump.c:164:13:dm_dump_uclass_single	80	static
drivers/core/regmap.c:477:5:regmap_read	0	static
common/usb_storage.c:720:12:usb_stor_BBB_transport	352	static
common/usb_storage.c:1438:5:usb_stor_get_info	352	static
common/dlmalloc.c:1660:9:realloc	80	static
common/event.c:131:5:event_notify	64	static
drivers/core/device-remove.c:198:5:device_remove	64	static
drivers/core/device.c:481:5:device_probe	64	static
common/usb_storage.c:1526:12:usb_mass_storage_probe	256	static
disk/part.c:118:25:get_dev_hwpart	80	static
disk/part.c:394:5:blk_get_device_by_str	96	static
disk/part.c:455:5:blk_get_device_part_str	240	static
drivers/block/blk-uclass.c:853:12:blk_post_probe	240	static
drivers/core/device.c:745:12:device_get_device_tail	32	static
drivers/core/uclass.c:499:5:uclass_get_device	48	static
drivers/core/uclass.c:509:5:uclass_get_device_by_name	64	static
drivers/core/uclass.c:520:5:uclass_get_device_by_seq	48	static
drivers/core/uclass.c:542:5:uclass_get_device_by_ofnode	48	static
drivers/clk/clk-uclass.c:73:12:clk_get_by_index_tail.part.0	64	static
drivers/clk/clk-uclass.c:114:12:clk_get_by_indexed_prop	112	static
drivers/clk/clk-uclass.c:369:5:clk_set_defaults	160	static
drivers/clk/clk-uclass.c:787:5:clk_uclass_post_probe	16	static
drivers/clk/clk-uclass.c:142:5:clk_get_by_index_nodev	112	static
drivers/core/uclass.c:575:5:uclass_get_device_by_phandle	48	static
drivers/core/root.c:291:12:dm_probe_devices	48	static
drivers/core/root.c:350:5:dm_init_and_scan	144	static
drivers/core/uclass.c:591:13:_uclass_next_device	48	static
drivers/core/uclass.c:600:6:uclass_first_device	48	static
drivers/core/uclass.c:609:6:uclass_next_device	32	static
drivers/core/uclass.c:643:5:uclass_first_device_check	32	static
drivers/core/uclass.c:617:5:uclass_first_device_err	32	static
drivers/core/uclass.c:657:5:uclass_next_device_check	16	static
drivers/core/root.c:151:6:dm_remove_devices_active	16	static
drivers/core/device-remove.c:46:5:device_chld_remove	64	static
drivers/block/blk-uclass.c:432:6:blk_read	96	static
disk/disk-uclass.c:70:15:disk_blk_read	16	static
common/command.c:190:5:complete_subcmdv	96	static
common/command.c:359:5:cmd_auto_complete	1840	static
disk/part_efi.c:1030:12:is_gpt_valid	96	dynamic
disk/part_efi.c:683:5:gpt_verify_headers	48	static
disk/part_efi.c:1178:12:is_pte_valid	48	static
disk/part_efi.c:219:28:part_print_efi	96	dynamic
disk/part_efi.c:261:27:part_get_info_efi	80	dynamic
