cmd/fdt.c:899:12:is_printable_string.part.0	0	static
cmd/load.c:655:13:bin_data_init	0	static
cmd/load.c:673:13:bin_data_char	0	static
cmd/load.c:697:13:k_data_save	0	static
cmd/load.c:703:13:k_data_restore	0	static
cmd/mii.c:162:13:dump_field	32	static
cmd/elf.c:25:5:do_bootelf	80	static
cmd/fs.c:103:12:do_fstypes_wrapper	64	static
cmd/i2c.c:150:12:i2c_get_cur_bus	16	static
cmd/fdt.c:934:13:print_data.part.0	80	static
cmd/itest.c:52:13:evalexp	32	static
cmd/itest.c:92:15:evalstr	0	static
cmd/mem.c:510:12:do_mem_base	32	static
cmd/mii.c:263:13:extract_range	48	static
cmd/exit.c:10:12:do_exit	16	static
cmd/fat.c:17:12:do_fat_size	0	static
cmd/ext4.c:43:5:do_ext4_size	0	static
cmd/fs.c:11:12:do_size_wrapper	0	static
cmd/ext4.c:48:5:do_ext4_load	0	static
cmd/ext2.c:34:5:do_ext2load	0	static
cmd/fat.c:30:5:do_fat_fsload	0	static
cmd/fs.c:25:12:do_load_wrapper	0	static
cmd/ext4.c:53:5:do_ext4_ls	0	static
cmd/ext2.c:25:12:do_ext2ls	0	static
cmd/fat.c:50:12:do_fat_ls	0	static
cmd/fs.c:60:12:do_ls_wrapper	0	static
cmd/ext4.c:59:5:do_ext4_write	0	static
cmd/fat.c:96:12:do_fat_fswrite	0	static
cmd/fs.c:43:12:do_save_wrapper	0	static
cmd/fat.c:110:12:do_fat_rm	32	static
cmd/fat.c:123:12:do_fat_mkdir	32	static
cmd/itest.c:153:12:binary_test	80	static
cmd/fs.c:74:12:do_ln_wrapper	48	static
cmd/fs.c:88:12:do_fstype_wrapper	48	static
cmd/fuse.c:18:12:confirm_prog	64	static
cmd/fuse.c:33:12:do_fuse	176	static
cmd/gpio.c:45:13:gpio_get_description	160	static
cmd/gpio.c:135:12:do_gpio	128	static
cmd/mdio.c:25:12:extract_range	64	static
cmd/i2c.c:908:12:do_i2c_probe	80	static
cmd/i2c.c:1651:13:show_bus	48	static
cmd/i2c.c:1744:12:do_i2c_bus_num	48	static
cmd/i2c.c:1681:12:do_i2c_show_bus	48	static
cmd/i2c.c:1795:12:do_i2c_bus_speed	64	static
cmd/i2c.c:1839:12:do_i2c_mm	0	static
cmd/i2c.c:1855:12:do_i2c_nm	0	static
cmd/i2c.c:1870:12:do_i2c_reset	224	static
cmd/i2c.c:1928:12:do_i2c	48	static
cmd/itest.c:178:12:do_itest	32	static
cmd/mem.c:129:12:do_mem_mw	64	static
cmd/mem.c:241:12:do_mem_cmp	96	static
cmd/mem.c:524:12:do_mem_loop	48	static
cmd/mem.c:66:12:do_mem_md	272	dynamic
cmd/mem.c:1270:12:do_random	48	static
cmd/mem.c:1148:1:mod_mem.part.0	112	static
cmd/mem.c:117:12:do_mem_mm	0	static
cmd/mem.c:123:12:do_mem_nm	0	static
cmd/mii.c:280:12:do_mii	208	static
cmd/mdio.c:193:12:do_mdio	208	static
cmd/sleep.c:13:12:do_sleep	48	static
cmd/mmc.c:619:13:parse_hwpart_user_enh_size	624	static
cmd/mmc.c:22:13:print_mmcinfo	672	static
cmd/mmc.c:135:20:__init_mmc_device	48	static
cmd/mmc.c:165:20:init_mmc_device	0	static
cmd/mmc.c:513:12:do_mmc_rescan	16	static
cmd/mmc.c:1032:12:do_mmc_setdsr	48	static
cmd/mmc.c:1267:12:do_mmcops	64	static
cmd/mmc.c:170:12:do_mmcinfo	32	static
cmd/mmc.c:349:12:do_mmc_read	64	static
cmd/mmc.c:443:12:do_mmc_write	64	static
cmd/mmc.c:475:12:do_mmc_erase	192	static
cmd/mmc.c:535:12:do_mmc_part	48	static
cmd/mmc.c:555:12:do_mmc_dev	48	static
cmd/mmc.c:611:12:do_mmc_list	16	static
cmd/mmc.c:730:12:do_mmc_hwpartition	192	static
cmd/mmc.c:819:12:do_mmc_bootbus	64	static
cmd/mmc.c:940:12:do_mmc_partconf	80	static
cmd/mmc.c:993:12:do_mmc_rst_func	32	static
cmd/mmc.c:1115:12:do_mmc_boot_wp	48	static
cmd/mmc.c:883:12:do_mmc_boot_resize	96	static
cmd/fdt.c:47:6:set_working_fdt_addr	32	static
cmd/i2c.c:171:12:i2c_get_cur_bus_chip	48	static
cmd/i2c.c:244:12:do_i2c_read	80	static
cmd/i2c.c:298:12:do_i2c_write	112	static
cmd/i2c.c:390:12:do_i2c_flags	64	static
cmd/i2c.c:420:12:do_i2c_olen	64	static
cmd/i2c.c:466:12:do_i2c_md	160	static
cmd/i2c.c:587:12:do_i2c_mw	80	static
cmd/i2c.c:674:12:do_i2c_crc	80	static
cmd/i2c.c:984:12:do_i2c_loop	96	static
cmd/elf.c:111:5:do_bootvx	192	static
cmd/fat.c:63:12:do_fat_fsinfo	320	static
cmd/fdt.c:147:12:do_fdt	160	static
cmd/load.c:142:14:load_serial	896	static
cmd/load.c:50:12:do_load_serial	32	static
cmd/load.c:1000:14:load_serial_ymodem	1136	static
cmd/load.c:445:12:do_load_serial_bin	112	static
cmd/mem.c:1244:12:do_mem_crc	96	static
cmd/mem.c:310:12:do_mem_cp	64	static
