lib/md5.c:42:1:byteReverse	0	static
lib/md5.c:182:1:MD5Transform	80	static
lib/sha1.c:67:28:sha1_process_one	144	static
lib/sha256.c:57:13:sha256_process_one	96	static
lib/sha512.c:190:13:sha512_block_fn	224	static
lib/zlib/inftrees.c:32:5:inflate_table	176	static
lib/zlib/adler32.c:57:15:adler32	64	static
lib/zstd/decompress/../common/bitstream.h:432:21:BIT_endOfDStream	0	static
lib/hash-checksum.c:18:5:hash_calculate	96	static
lib/zstd/decompress/../common/bitstream.h:387:31:BIT_reloadDStreamFast	0	static
lib/zlib/zutil.c:56:8:zcalloc	0	static
lib/zlib/zutil.c:64:7:zcfree	0	static
lib/rsa/rsa-mod-exp.c:44:13:subtract_modulus	0	static
lib/rsa/rsa-mod-exp.c:123:13:montgomery_mul	16	static
lib/rsa/rsa-mod-exp.c:249:13:rsa_convert_big_endian	0	static
lib/zstd/decompress/../common/bitstream.h:250:19:BIT_initDStream	0	static
lib/sha512.c:339:6:sha512_finish	48	static
lib/zstd/decompress/../common/bitstream.h:403:31:BIT_reloadDStream	0	static
lib/zstd/decompress/huf_decompress.c:471:1:HUF_decodeSymbolX1	0	static
lib/zstd/decompress/huf_decompress.c:520:1:HUF_decompress1X1_usingDTable_internal_body	112	static
lib/zstd/decompress/huf_decompress.c:543:1:HUF_decompress4X1_usingDTable_internal_body	272	static
lib/zstd/decompress/zstd_ddict.c:202:8:ZSTD_freeDDict.part.0	48	static
lib/zstd/decompress/zstd_decompress.c:387:15:ZSTD_frameHeaderSize_internal	0	static
lib/zstd/decompress/zstd_decompress.c:417:8:ZSTD_getFrameHeader_advanced	64	static
lib/zstd/decompress/zstd_decompress.c:1250:1:ZSTD_loadDEntropy	192	static
lib/zstd/decompress/../common/bitstream.h:364:37:BIT_readBits	0	static
lib/zstd/decompress/../common/bitstream.h:373:19:BIT_readBitsFast	0	static
lib/zstd/decompress/../common/zstd_internal.h:204:6:ZSTD_wildcopy	64	static
lib/sha1.c:236:6:sha1_update.part.0	80	static
lib/sha1.c:281:6:sha1_finish	48	static
lib/sha1.c:311:6:sha1_csum_wd	144	static
lib/sha256.c:200:6:sha256_update.part.0	64	static
lib/sha256.c:239:6:sha256_finish	48	static
lib/sha256.c:272:6:sha256_csum_wd	144	static
lib/sha512.c:199:13:sha512_base_do_update	64	static
lib/sha512.c:352:6:sha512_csum_wd	240	static
lib/zlib/inflate.c:325:13:inflate	144	static
lib/zstd/decompress/zstd_decompress_block.c:751:18:ZSTD_overlapCopy8	48	static
lib/zstd/decompress/zstd_decompress_block.c:784:13:ZSTD_safecopy	80	static
lib/zstd/decompress/zstd_decompress_block.c:824:13:ZSTD_safecopyDstBeforeSrc	48	static
lib/zstd/decompress/zstd_decompress_block.c:853:8:ZSTD_execSequenceEnd	112	static
lib/md5.c:271:1:md5_wd	160	static
lib/zstd/decompress/zstd_decompress_block.c:900:8:ZSTD_execSequenceEndSplitLitBuffer	96	static
