drivers/mmc/mmc_bootdev.c:13:12:mmc_bootdev_bind	0	static
drivers/mmc/am654_sdhci.c:405:13:am654_sdhci_write_b	0	static
drivers/mtd/mtdcore.c:1061:12:mtd_check_oob_ops	0	static
drivers/mtd/mtdpart.c:325:22:part_get_unmapped_area	0	static
drivers/mtd/mtdpart.c:371:12:part_read_user_prot_reg	0	static
drivers/mtd/mtdpart.c:378:12:part_get_user_prot_info	0	static
drivers/mtd/mtdpart.c:385:12:part_read_fact_prot_reg	0	static
drivers/mtd/mtdpart.c:392:12:part_get_fact_prot_info	0	static
drivers/mtd/mtdpart.c:399:12:part_write	0	static
drivers/mtd/mtdpart.c:406:12:part_panic_write	0	static
drivers/mtd/mtdpart.c:413:12:part_write_oob	0	static
drivers/mtd/mtdpart.c:423:12:part_write_user_prot_reg	0	static
drivers/mtd/mtdpart.c:430:12:part_lock_user_prot_reg	0	static
drivers/mtd/mtdpart.c:445:12:part_erase	32	static
drivers/mtd/mtdpart.c:460:12:part_lock	0	static
drivers/mtd/mtdpart.c:465:12:part_unlock	0	static
drivers/mtd/mtdpart.c:470:12:part_is_locked	0	static
drivers/mtd/mtdpart.c:475:13:part_sync	0	static
drivers/mtd/mtdpart.c:492:12:part_block_isreserved	0	static
drivers/mtd/mtdpart.c:498:12:part_block_isbad	0	static
drivers/mtd/mtdpart.c:504:12:part_block_markbad	32	static
drivers/mtd/mtdpart.c:1073:27:part_get_info_mtd	0	static
drivers/mtd/mtdpart.c:1098:28:part_print_mtd	0	static
drivers/mtd/nand/bbt.c:78:5:nanddev_bbt_get_block_status	0	static
drivers/mtd/nand/core.c:108:6:nanddev_isreserved	16	static
drivers/mtd/nand/bbt.c:111:5:nanddev_bbt_set_block_status	0	static
drivers/mtd/nand/core.c:28:6:nanddev_isbad	32	static
drivers/mtd/nand/spi/core.c:686:12:spinand_mtd_block_isbad	48	static
drivers/mtd/nand/spi/core.c:730:12:spinand_mtd_block_markbad	64	static
drivers/mtd/nand/spi/core.c:775:12:spinand_mtd_erase	96	static
drivers/mtd/nand/spi/core.c:794:12:spinand_mtd_block_isreserved	48	static
drivers/mtd/nand/spi/core.c:896:13:spinand_manufacturer_cleanup	0	static
drivers/mtd/nand/spi/core.c:1036:12:spinand_noecc_ooblayout_ecc	0	static
drivers/mtd/nand/spi/core.c:1042:12:spinand_noecc_ooblayout_free	0	static
drivers/mtd/nand/spi/core.c:1204:12:spinand_bind	0	static
drivers/mtd/nand/spi/esmt.c:67:12:f50l1g41lb_ooblayout_ecc	0	static
drivers/mtd/nand/spi/esmt.c:82:12:f50l1g41lb_ooblayout_free	0	static
drivers/mtd/nand/spi/gigadevice.c:70:12:gd5fxgq4xa_ooblayout_ecc	0	static
drivers/mtd/nand/spi/gigadevice.c:82:12:gd5fxgq4xa_ooblayout_free	0	static
drivers/mtd/nand/spi/gigadevice.c:104:12:gd5fxgq4xa_ecc_get_status	0	static
drivers/mtd/nand/spi/gigadevice.c:128:12:gd5fxgqx_variant2_ooblayout_ecc	0	static
drivers/mtd/nand/spi/gigadevice.c:140:12:gd5fxgqx_variant2_ooblayout_free	0	static
drivers/mtd/nand/spi/gigadevice.c:159:12:gd5fxgq4xc_ooblayout_256_ecc	0	static
drivers/mtd/nand/spi/gigadevice.c:171:12:gd5fxgq4xc_ooblayout_256_free	0	static
drivers/mtd/nand/spi/gigadevice.c:267:12:gd5fxgq4ufxxg_ecc_get_status	0	static
drivers/mtd/nand/spi/macronix.c:32:12:mx35lfxge4ab_ooblayout_ecc	0	static
drivers/mtd/nand/spi/macronix.c:38:12:mx35lfxge4ab_ooblayout_free	0	static
drivers/mtd/nand/spi/micron.c:62:12:micron_8_ooblayout_ecc	0	static
drivers/mtd/nand/spi/micron.c:74:12:micron_8_ooblayout_free	0	static
drivers/mtd/nand/spi/micron.c:92:12:micron_4_ooblayout_ecc	0	static
drivers/mtd/nand/spi/micron.c:107:12:micron_4_ooblayout_free	0	static
drivers/mtd/nand/spi/micron.c:147:12:micron_8_ecc_get_status	0	static
drivers/mtd/nand/spi/paragon.c:39:12:pn26g0xa_ooblayout_ecc	0	static
drivers/mtd/nand/spi/paragon.c:51:12:pn26g0xa_ooblayout_free	0	static
drivers/mtd/nand/spi/paragon.c:68:12:pn26g0xa_ecc_get_status	0	static
drivers/mtd/nand/spi/toshiba.c:44:12:tx58cxgxsxraix_ooblayout_ecc	0	static
drivers/mtd/nand/spi/toshiba.c:56:12:tx58cxgxsxraix_ooblayout_free	0	static
drivers/mtd/nand/spi/winbond.c:63:12:w25m02gv_ooblayout_ecc	0	static
drivers/mtd/nand/spi/winbond.c:75:12:w25m02gv_ooblayout_free	0	static
drivers/mtd/nand/spi/winbond.c:87:12:w25n01jw_ooblayout_ecc	0	static
drivers/mtd/nand/spi/winbond.c:99:12:w25n01jw_ooblayout_free	0	static
drivers/mtd/nand/spi/winbond.c:111:12:w35n01jw_ooblayout_ecc	0	static
drivers/mtd/nand/spi/winbond.c:123:12:w35n01jw_ooblayout_free	0	static
drivers/mtd/nand/spi/winbond.c:235:12:w25n02kv_ooblayout_ecc	0	static
drivers/mtd/nand/spi/winbond.c:247:12:w25n02kv_ooblayout_free	0	static
drivers/mtd/nand/spi/xtx.c:43:12:xt26g0xa_ooblayout_ecc	0	static
drivers/mtd/nand/spi/xtx.c:55:12:xt26g0xa_ooblayout_free	0	static
drivers/mtd/nand/spi/xtx.c:72:12:xt26g0xa_ecc_get_status	0	static
drivers/mtd/nand/spi/xtx.c:96:12:xt26xxxd_ooblayout_ecc	0	static
drivers/mtd/nand/spi/xtx.c:108:12:xt26xxxd_ooblayout_free	0	static
drivers/mtd/nand/spi/xtx.c:125:12:xt26xxxd_ecc_get_status	0	static
drivers/i2c/omap24xx_i2c.c:1126:12:omap_i2c_probe	112	static
drivers/i2c/omap24xx_i2c.c:1143:12:omap_i2c_of_to_plat	32	static
drivers/mmc/mmc.c:565:12:mmc_go_idle	64	static
drivers/mmc/mmc.c:728:12:mmc_send_op_cond_iter	64	static
drivers/mmc/mmc.c:353:5:mmc_set_blocklen	48	static
drivers/mmc/mmc.c:1076:12:mmc_set_capacity	32	static
drivers/mmc/mmc.c:1757:12:mmc_set_signal_voltage	0	static
drivers/mtd/mtdpart.c:525:12:do_del_mtd_partitions	80	static
drivers/mtd/nand/spi/core.c:1170:13:spinand_cleanup	32	static
drivers/mtd/nand/spi/core.c:1303:12:spinand_remove	32	static
drivers/mmc/mmc.c:2862:12:mmc_power_cycle	32	static
drivers/mmc/sdhci.c:26:13:sdhci_reset	48	static
drivers/mtd/mtdpart.c:293:12:part_read	48	static
drivers/mtd/mtdpart.c:334:12:part_read_oob	32	static
drivers/mtd/nand/spi/core.c:155:5:spinand_select_target	32	static
drivers/mmc/am654_sdhci.c:232:13:am654_sdhci_write_itapdly	32	static
drivers/mmc/am654_sdhci.c:568:12:j721e_4bit_sdhci_set_ios_post	32	static
drivers/mmc/am654_sdhci.c:258:12:am654_sdhci_set_ios_post	80	static
drivers/mtd/mtdcore.c:1201:5:mtd_ooblayout_free	48	static
drivers/mtd/mtdpart.c:1111:12:part_test_mtd	0	static
drivers/mmc/am654_sdhci.c:527:6:am654_sdhci_set_control_reg	64	static
drivers/mmc/am654_sdhci.c:741:12:am654_sdhci_of_to_plat	64	static
drivers/mmc/am654_sdhci.c:797:12:am654_sdhci_bind	64	static
drivers/mtd/nand/spi/core.c:61:5:spinand_read_reg_op	96	static
drivers/mtd/nand/spi/core.c:428:12:spinand_wait	64	static
drivers/mtd/nand/spi/core.c:75:5:spinand_write_reg_op	80	static
drivers/mtd/nand/spi/core.c:131:5:spinand_upd_cfg	32	static
drivers/mtd/nand/spi/micron.c:288:12:micron_spinand_init	0	static
drivers/mtd/nand/spi/winbond.c:353:12:winbond_spinand_init	32	static
drivers/mtd/nand/spi/core.c:241:12:spinand_load_page_op	80	static
drivers/mtd/nand/spi/gigadevice.c:188:12:gd5fxgq4uexxg_ecc_get_status	96	static
drivers/mtd/nand/spi/gigadevice.c:230:12:gd5fxgq5xexxg_ecc_get_status	80	static
drivers/mtd/nand/spi/macronix.c:70:12:mx35lf1ge4ab_ecc_get_status	96	static
drivers/mtd/nand/spi/micron.c:133:12:micron_select_target	80	static
drivers/mtd/nand/spi/toshiba.c:74:12:tx58cxgxsxraix_ecc_get_status	96	static
drivers/mtd/nand/spi/winbond.c:221:12:w25m02gv_select_target	80	static
drivers/mtd/nand/spi/winbond.c:264:12:w25n02kv_ecc_get_status	96	static
drivers/mtd/nand/spi/core.c:750:12:spinand_erase	96	static
drivers/mtd/nand/spi/winbond.c:150:12:w35n01jw_write_vcr_op	96	static
drivers/mtd/nand/spi/winbond.c:204:12:w35n01jw_late_init	32	static
drivers/mtd/nand/spi/core.c:904:1:spinand_select_op_variant	128	static
drivers/mtd/nand/spi/winbond.c:178:12:w25n01jw_late_init	32	static
drivers/mmc/mmc.c:260:12:mmc_send_cmd_retry	48	static
drivers/mmc/mmc.c:1364:12:sd_get_capabilities	464	static
drivers/mmc/mmc.c:1823:12:sd_select_mode_and_width	288	static
drivers/mmc/mmc.c:293:5:mmc_send_status	64	static
drivers/mmc/mmc.c:823:5:mmc_send_ext_csd	80	static
drivers/mmc/mmc.c:951:12:mmc_set_card_speed	624	static
drivers/mmc/mmc.c:1129:5:mmc_hwpart_config	704	static
drivers/mmc/mmc.c:2969:5:mmc_start_init	160	static
drivers/mmc/mmc-uclass.c:285:13:mmc_get_mmc_dev	0	static
drivers/mmc/mmc-uclass.c:468:12:mmc_select_hwpart	80	static
drivers/mmc/sdhci.c:353:12:sdhci_execute_tuning	16	static
drivers/mmc/sdhci.c:645:12:sdhci_set_ios	32	static
drivers/mmc/sdhci.c:765:12:sdhci_deferred_probe	16	static
drivers/mmc/sdhci.c:779:12:sdhci_get_cd	32	static
drivers/mmc/sdhci.c:809:12:sdhci_wait_dat0	48	static
drivers/mmc/am654_sdhci.c:380:12:am654_sdhci_deferred_probe	80	static
drivers/mmc/am654_sdhci.c:678:12:am654_sdhci_probe	160	static
drivers/mmc/mmc-uclass.c:296:13:find_mmc_device	48	static
drivers/mmc/mmc.c:507:7:mmc_bread	192	static
drivers/mmc/mmc_write.c:69:7:mmc_berase	144	static
drivers/mmc/mmc_write.c:199:7:mmc_bwrite	176	static
drivers/mmc/mmc-uclass.c:377:6:print_mmc_devices	80	static
drivers/mtd/mtdcore.c:156:18:__mtd_next_device	0	static
drivers/mtd/mtdcore.c:162:6:mtd_dev_list_updated	0	static
drivers/mtd/mtdcore.c:749:5:__get_mtd_device	32	static
drivers/mtd/mtdcore.c:803:18:get_mtd_device_nm	80	static
drivers/mtd/mtdcore.c:895:6:__put_mtd_device	16	static
drivers/mtd/mtdcore.c:907:5:mtd_erase	0	static
drivers/mtd/mtdcore.c:973:5:mtd_read	96	static
drivers/mtd/mtdcore.c:1010:5:mtd_write	96	static
drivers/mtd/mtdcore.c:1094:5:mtd_read_oob	32	static
drivers/mtd/mtdcore.c:1127:5:mtd_write_oob	16	static
drivers/mtd/mtdcore.c:1609:5:mtd_unlock	0	static
drivers/mtd/mtdcore.c:409:5:add_mtd_device	32	static
drivers/mtd/mtdcore.c:1643:5:mtd_block_isbad	0	static
drivers/mtd/mtdcore.c:1653:5:mtd_block_markbad	0	static
drivers/mtd/mtd_uboot.c:22:20:get_mtdids	32	static
drivers/mtd/mtd_uboot.c:157:12:mtd_del_parts	16	static
drivers/mtd/mtdpart.c:95:12:mtd_parse_partition	80	static
drivers/mmc/mmc.c:1922:12:mmc_read_and_compare_ext_csd	608	static
drivers/mmc/mmc.c:2157:12:mmc_select_mode_and_width	112	static
drivers/mmc/mmc.c:3090:5:mmc_deinit	0	static
drivers/mmc/mmc-uclass.c:513:12:mmc_blk_remove	0	static
drivers/mmc/am654_sdhci.c:478:12:am654_sdhci_execute_tuning	304	dynamic
drivers/mtd/nand/spi/core.c:832:12:spinand_manufacturer_match	96	static
drivers/mmc/mmc.c:2311:12:mmc_startup_v4	624	static
drivers/mmc/mmc.c:3057:5:mmc_init	64	static
drivers/mmc/mmc-uclass.c:488:12:mmc_blk_probe	48	static
drivers/mmc/sdhci.c:199:12:sdhci_send_command	144	static
drivers/mtd/nand/spi/core.c:460:12:spinand_read_id_op	112	static
drivers/mtd/nand/spi/core.c:1223:12:spinand_probe	224	static
drivers/mtd/nand/spi/core.c:521:12:spinand_read_page	176	static
drivers/mtd/nand/spi/core.c:571:12:spinand_mtd_read	192	static
drivers/mtd/nand/spi/core.c:666:13:spinand_isbad	112	static
drivers/mtd/nand/spi/core.c:546:12:spinand_write_page	192	static
drivers/mtd/nand/spi/core.c:625:12:spinand_mtd_write	160	static
drivers/mtd/nand/spi/core.c:706:12:spinand_markbad	112	static
