fs/ubifs/replay.c:271:12:replay_entries_cmp	0	static
lib/efi_driver/efi_uclass.c:341:12:efi_uc_init	0	static
lib/efi_driver/efi_uclass.c:353:12:efi_uc_destroy	0	static
lib/efi_loader/efi_boottime.c:683:21:efi_is_event	0	static
lib/efi_loader/efi_boottime.c:1109:20:efi_search_obj	0	static
lib/efi_loader/efi_device_path.c:243:13:efi_dp_size	0	static
lib/efi_loader/efi_device_path.c:455:36:dp_size	0	static
lib/efi_loader/efi_console.c:473:13:efi_clear_screen	16	static
lib/efi_loader/efi_boottime.c:218:21:efi_purge_handle.part.0	64	static
fs/ubifs/scan.c:131:24:ubifs_start_scan	80	static
fs/ubifs/scan.c:232:6:ubifs_scanned_corruption	64	static
fs/ubifs/debug.c:876:6:ubifs_dump_znode	160	static
lib/efi_driver/efi_block_device.c:201:1:efi_bl_init	32	static
lib/efi_loader/efi_device_path_to_text.c:30:13:efi_str_to_u16	48	static
fs/ubifs/scan.c:361:6:ubifs_scan_destroy	32	static
fs/ubifs/lprops.c:31:12:get_heap_comp_val	0	static
fs/ubifs/lprops.c:268:6:ubifs_add_to_cat	48	static
fs/ubifs/lprops.c:403:5:ubifs_categorize_lprops	0	static
fs/ubifs/tnc.c:81:12:insert_old_idx	48	static
fs/ubifs/tnc.c:377:13:lnc_free	32	static
fs/ubifs/tnc.c:503:12:fallible_read_node	96	static
fs/ubifs/tnc.c:1926:13:insert_zbranch	64	static
fs/ubifs/tnc_misc.c:172:21:ubifs_tnc_postorder_first.part.0	0	static
fs/ubifs/debug.c:307:6:ubifs_dump_node	128	static
fs/ubifs/scan.c:63:5:ubifs_scan_a_node	64	static
fs/ubifs/scan.c:261:24:ubifs_scan	80	static
fs/ubifs/tnc_misc.c:399:21:ubifs_load_znode	96	static
fs/ubifs/tnc.c:588:28:get_znode	0	static
fs/ubifs/tnc.c:610:12:tnc_next	48	static
fs/ubifs/tnc.c:655:12:tnc_prev	48	static
fs/ubifs/tnc.c:1175:5:ubifs_lookup_level0	80	static
fs/ubifs/log.c:35:19:ubifs_search_bud	0	static
fs/ubifs/log.c:64:20:ubifs_get_wbuf	0	static
fs/ubifs/recovery.c:57:12:is_empty	0	static
fs/ubifs/recovery.c:633:24:ubifs_recover_leb	112	static
fs/ubifs/recovery.c:1264:12:add_ino	80	static
fs/ubifs/recovery.c:1299:27:find_ino	0	static
fs/ubifs/replay.c:351:12:insert_node	80	static
fs/ubifs/replay.c:445:5:ubifs_validate_entry	48	static
lib/efi_loader/efi_bootbin.c:37:6:efi_clear_bootdev	32	static
lib/efi_loader/efi_boottime.c:113:5:__efi_entry_check	16	static
lib/efi_loader/efi_boottime.c:125:5:__efi_exit_check	16	static
lib/efi_driver/efi_block_device.c:59:14:efi_bl_read	32	static
lib/efi_driver/efi_block_device.c:88:14:efi_bl_write	32	static
lib/efi_loader/efi_boottime.c:245:13:efi_process_event_queue	48	static
lib/efi_loader/efi_boottime.c:277:13:efi_queue_event	0	static
lib/efi_loader/efi_boottime.c:371:29:efi_raise_tpl	16	static
lib/efi_loader/efi_boottime.c:428:28:efi_allocate_pages_ext	16	static
lib/efi_loader/efi_boottime.c:451:28:efi_free_pages_ext	16	static
lib/efi_loader/efi_boottime.c:477:28:efi_get_memory_map_ext	16	static
lib/efi_loader/efi_boottime.c:506:28:efi_allocate_pool_ext	16	static
lib/efi_loader/efi_boottime.c:528:28:efi_free_pool_ext	16	static
lib/efi_loader/efi_boottime.c:1040:28:efi_close_event	80	static
lib/efi_loader/efi_boottime.c:2281:28:efi_get_next_monotonic_count	16	static
lib/efi_loader/efi_boottime.c:2335:28:efi_set_watchdog_timer	16	static
lib/efi_loader/efi_boottime.c:2496:28:efi_protocols_per_handle	48	static
lib/efi_loader/efi_boottime.c:2937:28:efi_calculate_crc32	32	static
lib/efi_loader/efi_boottime.c:2983:20:efi_set_mem	16	static
lib/efi_loader/efi_console.c:160:28:efi_cout_output_string	64	static
lib/efi_loader/efi_console.c:249:28:efi_cout_test_string	16	static
lib/efi_loader/efi_console.c:405:28:efi_cout_query_mode	16	static
lib/efi_loader/efi_console.c:451:28:efi_cout_set_attribute	16	static
lib/efi_loader/efi_console.c:505:28:efi_cout_clear_screen	16	static
lib/efi_loader/efi_console.c:532:28:efi_cout_set_mode	16	static
lib/efi_loader/efi_console.c:561:28:efi_cout_reset	16	static
lib/efi_loader/efi_console.c:588:28:efi_cout_set_cursor_position	48	static
lib/efi_loader/efi_console.c:630:28:efi_cout_enable_cursor	32	static
lib/efi_loader/efi_console.c:1068:28:efi_cin_set_state	16	static
lib/efi_loader/efi_console.c:1098:28:efi_cin_register_key_notify	48	static
lib/efi_loader/efi_console.c:1149:28:efi_cin_unregister_key_notify	16	static
lib/efi_loader/efi_device_path_utilities.c:26:27:get_device_path_size	16	static
lib/efi_loader/efi_device_path_utilities.c:160:20:is_device_path_multi_instance	16	static
lib/efi_loader/efi_device_path_utilities.c:181:40:create_device_node	48	static
lib/efi_loader/efi_boottime.c:157:6:efi_restore_gd	16	static
lib/efi_loader/efi_boottime.c:545:6:efi_add_handle	0	static
lib/efi_loader/efi_boottime.c:713:14:efi_create_event	96	static
lib/efi_loader/efi_boottime.c:790:21:efi_create_event_ex	16	static
lib/efi_loader/efi_boottime.c:835:28:efi_create_event_ext	16	static
lib/efi_loader/efi_boottime.c:895:14:efi_set_timer	48	static
lib/efi_loader/efi_boottime.c:940:28:efi_set_timer_ext	16	static
lib/efi_loader/efi_helper.c:291:5:efi_link_dev	32	static
lib/efi_driver/efi_block_device.c:177:21:efi_bl_bind	80	static
lib/efi_loader/efi_helper.c:361:14:efi_next_variable_name	80	static
lib/efi_loader/efi_console.c:87:12:term_get_char	32	static
lib/efi_loader/efi_console.c:949:13:efi_cin_empty_buffer	16	static
lib/efi_loader/efi_console.c:1192:28:efi_cin_reset	16	static
lib/efi_loader/efi_console.c:970:28:efi_cin_reset_ex	0	static
lib/efi_loader/efi_device_path.c:53:25:efi_dp_next	0	static
lib/efi_driver/efi_uclass.c:33:21:check_node_type	32	static
lib/efi_loader/efi_device_path.c:228:13:efi_dp_instance_size	16	static
lib/efi_loader/efi_device_path.c:107:25:efi_dp_shorten	16	static
lib/efi_loader/efi_device_path.c:1113:9:efi_dp_check_length.part.0	0	static
fs/ubifs/tnc.c:255:28:dirty_cow_znode	48	static
fs/ubifs/tnc.c:1096:28:dirty_cow_bottom_up	64	static
fs/ubifs/tnc.c:1311:12:lookup_level0_dirty	80	static
fs/ubifs/tnc.c:2394:12:tnc_delete	64	static
fs/ubifs/tnc.c:2607:5:ubifs_tnc_remove_range	112	static
fs/ubifs/tnc_misc.c:451:5:ubifs_tnc_read_node	96	static
fs/ubifs/tnc.c:396:12:tnc_read_node_nm	48	static
lib/efi_loader/efi_bootmgr.c:1016:14:efi_bootmgr_append_bootorder	80	static
lib/efi_loader/efi_boottime.c:1478:21:efi_register_protocol_notify	48	static
lib/efi_loader/efi_device_path.c:257:25:efi_dp_dup	48	static
lib/efi_loader/efi_device_path.c:1015:14:efi_dp_split_file_path	64	static
lib/efi_loader/efi_device_path_utilities.c:54:40:duplicate_device_path	16	static
lib/efi_loader/efi_device_path.c:289:18:efi_dp_concat	64	static
lib/efi_loader/efi_helper.c:183:14:efi_load_option_dp_join	64	static
lib/efi_loader/efi_device_path_utilities.c:74:40:append_device_path	16	static
lib/efi_loader/efi_device_path.c:339:25:efi_dp_append_node	48	static
lib/efi_loader/efi_device_path_utilities.c:95:40:append_device_node	16	static
lib/efi_loader/efi_device_path.c:526:29:dp_fill	48	static
lib/efi_loader/efi_device_path.c:957:40:efi_dp_from_eth	32	static
lib/efi_loader/efi_device_path.c:735:14:dp_part_node	208	static
lib/efi_loader/efi_device_path.c:824:25:efi_dp_from_part	48	static
lib/efi_loader/efi_device_path.c:902:25:efi_dp_from_file	80	static
lib/efi_loader/efi_device_path.c:937:25:efi_dp_from_uart	32	static
lib/efi_loader/efi_device_path.c:1055:14:efi_dp_from_name	208	static
lib/efi_loader/efi_bootbin.c:59:6:efi_set_bootdev	80	static
lib/efi_loader/efi_device_path_to_text.c:340:14:efi_convert_single_device_node_to_text	112	static
lib/efi_loader/efi_device_path_to_text.c:381:25:efi_convert_device_node_to_text	528	static
lib/efi_loader/efi_device_path_to_text.c:414:25:efi_convert_device_path_to_text	1072	static
lib/efi_loader/efi_device_path_to_text.c:450:11:efi_dp_str	16	static
lib/efi_loader/efi_device_path_utilities.c:116:40:append_device_path_instance	64	static
lib/efi_loader/efi_device_path_utilities.c:138:40:get_next_device_path_instance	64	static
fs/ubifs/tnc.c:538:12:matches_name	64	static
fs/ubifs/tnc.c:707:12:resolve_collision	96	static
fs/ubifs/tnc.c:825:12:fallible_matches_name	64	static
fs/ubifs/tnc.c:895:12:fallible_resolve_collision	128	static
fs/ubifs/tnc.c:2537:5:ubifs_tnc_remove_nm	64	static
fs/ubifs/tnc.c:2769:25:ubifs_tnc_next_ent	96	static
fs/ubifs/tnc.c:2689:5:ubifs_tnc_remove_ino	112	static
lib/efi_loader/efi_boottime.c:331:6:efi_signal_event	64	static
lib/efi_loader/efi_boottime.c:857:6:efi_timer_check	48	static
lib/efi_loader/efi_boottime.c:396:20:efi_restore_tpl	16	static
lib/efi_loader/efi_boottime.c:961:28:efi_wait_for_event	64	static
lib/efi_loader/efi_boottime.c:1087:28:efi_check_event	32	static
lib/efi_loader/efi_boottime.c:2308:28:efi_stall	32	static
lib/efi_loader/efi_boottime.c:1020:28:efi_signal_event_ext	32	static
lib/efi_loader/efi_console.c:922:13:efi_cin_check	48	static
lib/efi_loader/efi_console.c:1002:28:efi_cin_read_key_stroke_ex	32	static
lib/efi_loader/efi_console.c:1224:28:efi_cin_read_key_stroke	32	static
lib/efi_loader/efi_console.c:1278:20:efi_console_timer_notify	16	static
lib/efi_loader/efi_console.c:1292:20:efi_key_notify	16	static
lib/efi_loader/efi_boottime.c:581:14:efi_search_protocol	48	static
lib/efi_loader/efi_boottime.c:1572:21:efi_locate_handle	80	static
lib/efi_loader/efi_boottime.c:1663:28:efi_locate_handle_ext	16	static
lib/efi_loader/efi_boottime.c:2541:14:efi_locate_handle_buffer_int	80	static
lib/efi_loader/efi_boottime.c:2585:21:efi_locate_handle_buffer	16	static
lib/efi_loader/efi_boottime.c:2360:14:efi_close_protocol	64	static
lib/efi_driver/efi_uclass.c:60:28:efi_uc_supported	64	static
lib/efi_driver/efi_uclass.c:116:28:efi_uc_start	64	static
lib/efi_driver/efi_uclass.c:170:21:disconnect_child	32	static
lib/efi_driver/efi_uclass.c:201:28:efi_uc_stop	64	static
lib/efi_loader/efi_boottime.c:2403:1:efi_close_protocol_ext	16	static
lib/efi_loader/efi_boottime.c:2433:28:efi_open_protocol_information	80	static
lib/efi_loader/efi_helper.c:416:14:efi_env_set_load_options	64	static
lib/efi_loader/efi_boottime.c:1166:14:efi_add_protocol	64	static
lib/efi_loader/efi_boottime.c:1227:28:efi_install_protocol_interface	48	static
lib/efi_loader/efi_boottime.c:1339:21:efi_disconnect_all_drivers	80	static
lib/efi_loader/efi_boottime.c:3847:28:efi_disconnect_controller	112	static
lib/efi_loader/efi_boottime.c:3000:14:efi_protocol_open	80	static
lib/efi_loader/efi_bootmgr.c:793:1:efi_bootmgr_enumerate_boot_options	224	static
lib/efi_loader/efi_boottime.c:3118:28:efi_open_protocol	64	static
lib/efi_loader/efi_boottime.c:3190:21:efi_start_image	176	static
lib/efi_loader/efi_boottime.c:3339:21:efi_unload_image	48	static
lib/efi_loader/efi_boottime.c:3433:28:efi_exit	80	static
lib/efi_loader/efi_boottime.c:3534:21:efi_handle_protocol	0	static
lib/efi_loader/efi_boottime.c:3550:21:efi_bind_controller	80	static
lib/efi_loader/efi_boottime.c:3668:28:efi_connect_controller	112	static
lib/efi_loader/efi_boottime.c:1381:21:efi_uninstall_protocol	80	static
lib/efi_loader/efi_boottime.c:664:14:efi_delete_handle	48	static
lib/efi_loader/efi_boottime.c:1449:28:efi_uninstall_protocol_interface	16	static
lib/efi_loader/efi_boottime.c:2807:1:efi_uninstall_multiple_protocol_interfaces_int	112	static
lib/efi_loader/efi_boottime.c:2886:1:efi_uninstall_multiple_protocol_interfaces	144	static
lib/efi_loader/efi_boottime.c:2912:1:efi_uninstall_multiple_protocol_interfaces_ext	144	static
lib/efi_loader/efi_boottime.c:3736:28:efi_reinstall_protocol_interface	48	static
lib/efi_loader/efi_boottime.c:1866:21:efi_locate_device_path	128	static
lib/efi_loader/efi_boottime.c:2174:28:efi_exit_boot_services	64	static
lib/efi_loader/efi_boottime.c:2614:28:efi_locate_protocol	64	static
lib/efi_loader/efi_boottime.c:2684:1:efi_install_multiple_protocol_interfaces_int	128	static
lib/efi_loader/efi_boottime.c:2756:1:efi_install_multiple_protocol_interfaces	144	static
lib/efi_loader/efi_boottime.c:2782:1:efi_install_multiple_protocol_interfaces_ext	144	static
lib/efi_loader/efi_helper.c:327:6:efi_varname_is_load_option	32	static
lib/efi_loader/efi_helper.c:629:14:do_bootefi_exec	64	static
lib/efi_loader/efi_device_path.c:132:21:find_handle	128	static
lib/efi_loader/efi_device_path.c:193:14:efi_dp_find_obj	48	static
lib/efi_loader/efi_bootmgr.c:235:21:search_default_file	160	static
lib/efi_loader/efi_boottime.c:1785:14:efi_setup_loaded_image	64	static
lib/efi_loader/efi_boottime.c:1999:14:efi_load_image_from_path	128	static
lib/efi_loader/efi_boottime.c:2080:21:efi_load_image	176	static
lib/efi_loader/efi_bootmgr.c:113:21:try_load_from_file_path	112	static
lib/efi_loader/efi_device_path.c:1151:18:efi_dp_from_lo	48	static
lib/efi_loader/efi_helper.c:146:25:efi_get_dp_from_boot	112	static
lib/efi_loader/efi_bootmgr.c:614:21:try_load_entry	160	static
lib/efi_loader/efi_bootmgr.c:719:14:efi_bootmgr_load	80	static
lib/efi_loader/efi_bootmgr.c:1056:14:efi_bootmgr_delete_boot_option	96	static
lib/efi_loader/efi_bootmgr.c:1108:14:efi_bootmgr_update_media_device_boot_option	240	static
lib/efi_loader/efi_boottime.c:2964:20:efi_copy_mem	16	static
lib/efi_loader/efi_boottime.c:1702:14:efi_install_configuration_table.part.0	80	static
lib/efi_loader/efi_boottime.c:1763:8:efi_install_configuration_table_ext	16	static
lib/efi_loader/efi_helper.c:532:14:efi_install_fdt	416	static
lib/efi_loader/efi_bootmgr.c:1257:14:efi_bootmgr_run	368	static
lib/efi_loader/efi_bootbin.c:200:14:efi_binary_run	80	static
