drivers/usb/host/xhci-mem.c:287:29:xhci_segment_alloc.isra	32	static
drivers/core/fdtaddr.c:23:12:devfdt_get_addr_index_parent.isra	64	static
lib/efi_loader/efi_memory.c:421:21:efi_check_allocated.constprop	0	static
lib/hexdump.c:128:5:print_hex_dump.constprop.isra	464	static
common/cli_hush.c:2152:5:set_local_var.constprop.isra	48	static
common/cli_simple.c:24:5:cli_simple_process_macros.constprop.isra	1120	static
drivers/mtd/ubi/build.c:211:5:ubi_notify_all.constprop.isra	0	static
drivers/mtd/ubi/build.c:1099:5:ubi_detach_mtd_dev.constprop.isra	32	static
lib/linux_compat.c:40:7:kmem_cache_alloc.constprop.isra	0	static
fs/ubifs/debug.c:104:13:dbg_snprintf_key.constprop.isra	32	static
common/usb_storage.c:1013:12:usb_request_sense.constprop.isra	48	static
drivers/usb/host/xhci-mem.c:317:19:xhci_ring_alloc.constprop.isra	32	static
lib/hashtable.c:989:5:hwalk_r.constprop.isra	48	static
net/eth_common.c:23:5:eth_env_set_enetaddr_by_index.constprop.isra	96	static
net/eth-uclass.c:414:5:eth_send.isra	32	static
net/eth-uclass.c:227:12:eth_write_hwaddr.isra	48	static
net/net.c:780:5:net_start_again.isra	32	static
lib/date.c:27:5:rtc_calc_weekday.isra	0	static
lib/string.c:194:8:strlcat.isra	48	static
lib/string.c:139:8:strcat.isra	0	static
lib/string.c:95:8:strncpy.isra	0	static
lib/hashtable.c:221:1:do_callback.isra	0	static
lib/hashtable.c:281:5:hsearch_r.constprop.isra	368	static
lib/zstd/decompress/zstd_decompress_block.c:439:6:ZSTD_buildFSETable_body.isra	112	static
net/eth-uclass.c:438:5:eth_rx.isra	144	static
net/net.c:356:12:net_init_loop.isra	16	static
net/net.c:400:5:net_init.isra	32	static
drivers/mtd/mtdpart.c:563:25:allocate_partition.isra	80	static
lib/zstd/decompress/huf_decompress.c:491:1:HUF_decodeStreamX1.isra	64	static
lib/zlib/inflate.c:927:13:inflateEnd.isra	32	static
lib/rbtree.c:543:17:rb_first_postorder.isra	0	static
lib/rbtree.c:408:17:rb_first.isra	0	static
lib/charset.c:461:10:utf16_to_utf8.isra	0	static
lib/charset.c:415:6:u16_strcpy.isra	0	static
lib/charset.c:238:5:utf16_put.isra	0	static
lib/charset.c:194:5:utf8_utf16_strncpy.isra	64	static
lib/charset.c:144:5:utf8_put.isra	0	static
lib/charset.c:298:5:utf16_utf8_strncpy.isra	64	static
lib/efi_selftest/efi_selftest_watchdog.c:70:12:setup.isra	32	static
lib/efi_loader/efi_file.c:55:12:set_blk_dev.isra	0	static
lib/efi_loader/efi_device_path_to_text.c:44:14:dp_unknown.isra	32	static
lib/efi_loader/efi_boottime.c:3287:21:efi_delete_image.isra	48	static
fs/ubifs/tnc_misc.c:128:5:ubifs_search_zbranch.isra	0	static
fs/ubifs/tnc.c:1894:13:correct_parent_keys.isra	0	static
fs/ubifs/lprops.c:92:13:adjust_lpt_heap.isra	112	static
fs/ubifs/lprops.c:55:13:move_up_lpt_heap.isra	96	static
fs/ubifs/scan.c:188:5:ubifs_add_snod.isra	48	static
fs/ubifs/lpt.c:580:12:calc_pnode_num_from_parent.isra	0	static
fs/ubifs/super.c:82:5:ubifs_iput.isra	0	static
fs/fat/fat_write.c:1249:12:split_filename.isra	64	static
fs/fat/fat_write.c:441:12:set_fatent_value.isra	80	static
fs/fat/fat_write.c:865:12:clear_fatent.isra	64	static
fs/ext4/ext4_common.c:164:10:ext4fs_bg_get_inode_id.isra	0	static
fs/ext4/ext4_common.c:154:10:ext4fs_bg_get_block_id.isra	0	static
fs/fs.c:839:5:do_save.isra	96	static
fs/fs.c:813:5:do_ls.isra	32	static
fs/fs.c:735:5:do_load.isra	96	static
env/env.c:148:27:env_driver_lookup.isra	0	static
env/common.c:56:5:env_do_env_set.isra	192	static
drivers/usb/host/xhci-ring.c:75:13:last_trb_on_last_seg.isra	0	static
drivers/usb/host/xhci-mem.c:668:21:xhci_get_ep_ctx.isra	0	static
drivers/usb/host/xhci-mem.c:80:13:xhci_ring_free.isra	48	static
drivers/usb/host/xhci.c:113:19:xhci_get_ctrl.isra	0	static
drivers/usb/host/xhci.c:236:21:xhci_get_ep_index.isra	0	static
drivers/usb/host/usb-uclass.c:27:5:usb_lock_async.isra	0	static
drivers/usb/host/usb-uclass.c:245:13:remove_inactive_children.isra	48	static
drivers/usb/gadget/udc/udc-uclass.c:21:5:dm_usb_gadget_handle_interrupts.isra	0	static
drivers/usb/gadget/udc/udc-core.c:63:6:usb_gadget_unmap_request.isra	0	static
drivers/usb/gadget/udc/udc-core.c:50:5:usb_gadget_map_request.isra	32	static
drivers/usb/gadget/f_mass_storage.c:1237:12:do_mode_sense.isra	96	static
drivers/usb/gadget/f_mass_storage.c:1660:12:check_command.isra	80	static
drivers/usb/gadget/f_mass_storage.c:1774:12:check_command_size_in_blocks.constprop.isra	0	static
drivers/usb/gadget/f_mass_storage.c:2180:12:do_set_interface.isra	96	static
drivers/usb/gadget/f_mass_storage.c:589:13:start_transfer.isra	32	static
drivers/usb/gadget/f_mass_storage.c:438:12:fsg_set_halt.isra	0	static
drivers/usb/gadget/f_dfu.c:240:12:handle_upload.isra	96	static
drivers/soc/ti/k3-navss-ringacc.c:474:5:k3_nav_ringacc_ring_free.isra	48	static
drivers/reset/reset-uclass.c:105:12:__reset_get_bulk.isra	208	static
drivers/spi/spi-mem.c:764:5:spi_mem_do_calibration.isra	0	static
drivers/spi/spi-mem.c:114:12:spi_check_buswidth_req.isra	0	static
drivers/spi/cadence_qspi_apb.c:163:12:cadence_qspi_calc_rdreg.isra	0	static
drivers/spi/cadence_qspi.c:1233:12:cadence_spi_write_speed.isra	80	static
drivers/serial/ns16550.c:160:6:ns16550_writeb.isra	0	static
drivers/serial/ns16550.c:174:12:ns16550_readb.isra	0	static
drivers/power/domain/power-domain-uclass.c:35:5:power_domain_get_by_index.isra	144	static
drivers/pinctrl/pinctrl-single.c:276:28:single_allocate_function.isra	32	static
drivers/phy/phy-uclass.c:339:5:generic_phy_power_off.isra	48	static
drivers/phy/phy-uclass.c:273:5:generic_phy_exit.isra	48	static
drivers/phy/phy-uclass.c:467:5:generic_phy_exit_bulk.isra	48	static
drivers/net/ti/cpsw_mdio.c:348:12:cpsw_mdio_wait_for_user_access.isra	32	static
drivers/net/phy/phy.c:183:5:genphy_config_aneg.isra	48	static
drivers/net/phy/phy.c:989:5:phy_shutdown.isra	0	static
drivers/mtd/ubi/wl.c:182:13:wl_entry_destroy.isra	0	static
drivers/mtd/ubi/wl.c:1413:13:tree_destroy.isra	32	static
drivers/mtd/ubi/wl.c:243:12:in_wl_tree.isra	0	static
drivers/mtd/ubi/wl.c:1750:12:self_check_in_wl_tree.isra	16	static
drivers/mtd/ubi/eba.c:91:32:ltree_lookup.isra	0	static
drivers/mtd/ubi/kapi.c:743:5:ubi_is_mapped.isra	0	static
drivers/mtd/ubi/vmt.c:808:12:self_check_volumes.isra	144	static
drivers/mtd/ubi/attach.c:605:25:ubi_find_av.isra	0	static
drivers/mtd/nand/spi/core.c:234:5:spinand_write_enable_op.isra	80	static
drivers/mtd/mtd_uboot.c:311:5:mtd_probe_devices.isra	176	static
drivers/mmc/sdhci.c:370:5:sdhci_set_clock.isra	48	static
drivers/mmc/mmc-uclass.c:341:18:mmc_get_blk_desc.isra	32	static
drivers/mmc/mmc-uclass.c:53:5:mmc_send_cmd.isra	0	static
drivers/mmc/mmc-uclass.c:109:5:mmc_getcd.isra	0	static
drivers/mmc/mmc-uclass.c:81:5:mmc_wait_dat0.isra	0	static
drivers/mmc/mmc-uclass.c:67:5:mmc_set_ios.isra	0	static
drivers/mmc/mmc.c:1687:5:mmc_set_clock.constprop.isra	0	static
drivers/mmc/mmc.c:2829:12:mmc_power_on.isra	32	static
drivers/mmc/mmc.c:227:12:mmc_select_mode.isra	0	static
drivers/firmware/scmi/smt.c:103:5:scmi_read_resp_from_smt.isra	48	static
drivers/firmware/scmi/smt.c:66:5:scmi_write_msg_to_smt.isra	48	static
drivers/gpio/gpio-uclass.c:88:13:gpio_is_claimed.isra	0	static
drivers/gpio/gpio-uclass.c:477:5:_dm_gpio_free.isra	32	static
drivers/gpio/gpio-uclass.c:1346:5:gpio_free_list.isra	48	static
drivers/gpio/gpio-uclass.c:507:5:gpio_free.isra	48	static
drivers/dma/dma-uclass.c:149:5:dma_disable.isra	0	static
drivers/dma/dma-uclass.c:125:5:dma_free.isra	0	static
drivers/core/ofnode.c:856:5:ofnode_read_string_list.isra	80	static
drivers/core/ofnode.c:465:5:ofnode_read_u64.isra	48	static
drivers/core/fdtaddr.c:115:12:devfdt_get_addr_size_index.isra	48	static
drivers/core/fdtaddr.c:94:12:devfdt_get_addr_index.isra	32	static
drivers/core/fdtaddr.c:105:7:devfdt_get_addr_index_ptr.isra	16	static
drivers/core/device.c:1183:6:device_is_compatible.isra	16	static
drivers/usb/dwc3/dwc3-generic.c:144:12:dwc3_generic_remove.isra	48	static
drivers/core/device.c:945:5:device_find_next_child.isra	0	static
drivers/core/device.c:933:5:device_find_first_child.isra	0	static
drivers/usb/host/usb-uclass.c:175:5:usb_stop.isra	80	static
drivers/clk/clk-uclass.c:423:5:clk_release_all.isra	48	static
drivers/clk/clk-uclass.c:398:5:clk_get_by_name.isra	32	static
drivers/clk/clk-uclass.c:137:5:clk_get_by_index.isra	0	static
drivers/block/blk-uclass.c:523:7:blk_dwrite.isra	0	static
drivers/block/blk-uclass.c:517:7:blk_dread.isra	0	static
drivers/block/blk-uclass.c:339:12:_blk_next_device.isra	32	static
disk/part.c:778:6:part_set_generic_name.isra	0	static
common/xyzModem.c:67:1:CYGACC_COMM_IF_GETC_TIMEOUT.isra	32	static
common/stdio.c:239:5:stdio_register_dev.isra	48	static
common/menu.c:535:19:bootmenu_loop.isra	32	static
common/menu.c:424:5:menu_destroy.isra	48	static
common/usb_storage.c:712:12:usb_stor_BBB_clear_endpt_stall.isra	32	static
common/usb_hub.c:74:6:usb_hub_is_root_hub.isra	0	static
common/usb_hub.c:105:12:usb_clear_port_feature.isra	32	static
common/usb_hub.c:346:5:usb_hub_port_connect_change.isra	320	static
common/usb.c:535:5:usb_clear_halt.isra	64	static
common/cli_hush.c:906:12:b_addqchr.isra	32	static
common/cli_hush.c:2532:12:done_command.isra	48	static
common/cli_hush.c:2581:12:done_pipe.isra	32	static
common/cli_hush.c:1994:12:free_pipe_list.isra	80	static
cmd/regulator.c:114:12:constraint.isra	32	static
cmd/i2c.c:759:12:mod_i2c_mem.isra	160	static
boot/vbe.c:27:5:vbe_find_next_device.isra	32	static
boot/vbe.c:39:5:vbe_find_first_device.isra	32	static
boot/bootflow.c:566:5:bootflow_iter_check_blk.isra	0	static
boot/image-board.c:959:5:image_locate_script.isra	96	static
boot/image.c:722:5:get_table_entry_id.isra	48	static
boot/pxe_utils.c:952:14:get_string.isra	64	static
boot/bootm.c:468:5:bootm_find_images.isra	240	static
arch/arm/mach-k3/common_fdt.c:117:5:fdt_fixup_reserved.isra	176	static
arch/arm/lib/interrupts_64.c:34:13:show_efi_loaded_images.isra	0	static
net/net.c:903:5:net_send_udp_packet.constprop.isra	80	static
drivers/reset/reset-uclass.c:193:5:reset_assert_bulk.isra	32	static
