fs/fat/fat.c:37:13:downcase	0	static
fs/fat/fat.c:834:13:fat_itr_child	0	static
fs/ubifs/ubifs.c:599:5:ubifs_set_blk_dev	0	static
fs/ubifs/ubifs.c:975:6:ubifs_close	0	static
fs/ubifs/super.c:569:13:ubifs_dirty_inode	0	static
fs/ubifs/key.h:49:24:key_r5_hash	0	static
fs/ubifs/key.h:69:24:key_test_hash	32	static
fs/ubifs/super.c:2352:12:sb_test	0	static
fs/ubifs/lpt.c:459:6:ubifs_add_lpt_dirt	0	static
fs/ubifs/lpt.c:491:6:ubifs_add_nnode_dirt	16	static
fs/ubifs/lpt.c:555:12:calc_nnode_num_from_parent	0	static
fs/fat/fat.c:1415:6:fat_closedir	32	static
fs/ubifs/super.c:1035:13:free_orphans	48	static
fs/ubifs/super.c:2533:13:kill_ubifs_super	0	static
fs/ubifs/super.c:1017:13:free_wbufs.part.0	48	static
fs/fat/fat.c:1253:28:fat2rtc	32	static
fs/fat/fat_write.c:50:12:str2fat	64	static
fs/fat/fat_write.c:1331:12:normalize_longname	64	static
fs/ubifs/super.c:682:12:init_constants_early	16	static
fs/ubifs/super.c:837:12:init_constants_sb	16	static
fs/fat/fat_write.c:195:12:disk_write	32	static
fs/fat/fat_write.c:1159:13:dentry_set_time	80	static
fs/ubifs/ubifs.c:42:12:gzip_decompress	0	static
fs/ubifs/ubifs.c:50:12:zstd_decompress_wrapper	80	static
fs/ubifs/sb.c:352:12:validate_sb	32	static
fs/ubifs/super.c:443:22:ubifs_alloc_inode	32	static
fs/ubifs/super.c:823:12:bud_wbuf_callback	0	static
fs/fat/fat.c:52:12:disk_read	32	static
fs/fat/fat_write.c:218:12:flush_dirty_fat_buffer	48	static
fs/fat/fat.c:168:14:get_fatent	80	static
fs/fat/fat.c:868:7:fat_next_cluster	48	static
fs/fat/fat.c:935:19:next_dent	48	static
fs/fat/fat_write.c:78:12:fat_move_to_cluster	48	static
fs/fat/fat_write.c:548:14:determine_fatent	48	static
fs/ubifs/ubifs.c:241:19:compr_init	64	static
fs/ubifs/io.c:96:5:ubifs_leb_read	96	static
fs/ubifs/io.c:242:5:ubifs_check_node	64	static
fs/ubifs/io.c:985:5:ubifs_read_node	80	static
fs/ubifs/super.c:1729:6:ubifs_umount	32	static
fs/ubifs/lpt.c:280:10:ubifs_unpack_bits	0	static
fs/ubifs/lpt.c:911:12:check_lpt_crc	48	static
fs/ubifs/lpt.c:1192:5:ubifs_read_nnode	112	static
fs/fat/fat.c:67:5:fat_set_blk_dev	32	dynamic
fs/fat/fat.c:253:1:get_cluster	80	dynamic
fs/fat/fat.c:561:1:read_bootsectandvi	64	static
fs/fat/fat.c:800:12:fat_itr_root	144	static
fs/fat/fat.c:1426:5:fat_uuid	144	static
fs/fat/fat_write.c:579:1:set_sectors	80	dynamic
fs/fat/fat_write.c:655:12:flush_dir	16	static
fs/fat/fat_write.c:263:12:fat_find_empty_dentries	112	static
fs/fat/fat_write.c:396:1:fill_dir_slot	720	static
fs/fat/fat_write.c:1531:12:delete_single_dentry	32	static
fs/fat/fat_write.c:929:1:set_contents	192	static
fs/ubifs/ubifs.c:724:12:read_block	128	static
fs/ubifs/super.c:93:6:iput	48	static
fs/ubifs/super.c:1258:13:destroy_journal	64	static
fs/ubifs/super.c:242:15:ubifs_iget	64	static
fs/ubifs/ubifs.c:507:22:ubifs_findfile	608	static
fs/ubifs/ubifs.c:668:5:ubifs_exists	16	static
fs/ubifs/ubifs.c:618:5:ubifs_ls	192	static
fs/ubifs/ubifs.c:682:5:ubifs_size	48	static
fs/ubifs/ubifs.c:884:5:ubifs_read	128	static
fs/ubifs/lpt.c:1486:28:dirty_cow_nnode	48	static
fs/ubifs/lpt.c:1580:22:ubifs_lpt_lookup_dirty	128	static
fs/ubifs/super.c:1337:12:mount_ubifs	256	static
fs/ubifs/super.c:2460:23:ubifs_mount	80	static
fs/fat/fat.c:1020:12:fat_itr_next	96	static
fs/fat/fat.c:1117:12:fat_itr_resolve	96	static
fs/fat/fat.c:1226:5:fat_exists	112	static
fs/fat/fat.c:1268:5:fat_size	112	static
fs/fat/fat.c:1305:5:fat_read_file	176	static
fs/fat/fat.c:1356:5:fat_opendir	64	static
fs/fat/fat.c:1384:5:fat_readdir	48	static
fs/fat/fat_write.c:1225:19:find_directory_entry	48	static
fs/fat/fat_write.c:105:12:set_name	128	static
fs/fat/fat_write.c:1353:5:file_fat_write_at	448	static
fs/fat/fat_write.c:1482:5:file_fat_write	0	static
fs/fat/fat_write.c:1674:5:fat_mkdir	432	static
fs/fat/fat_write.c:1609:5:fat_unlink	192	static
