../drivers/spi/cadence_qspi_apb.c:98:21:cadence_qspi_calc_dummy	0	static
../drivers/spi/cadence_qspi_apb.c:113:6:cadence_qspi_apb_op_eligible	0	static
../drivers/spi/cadence_qspi_apb.c:130:6:cadence_qspi_apb_op_eligible_sdr	0	static
../drivers/spi/cadence_qspi_apb.c:195:12:cadence_qspi_set_protocol	0	static
../drivers/spi/cadence_qspi_apb.c:662:12:cadence_qspi_enable_dtr	0	static
../drivers/mailbox/k3-sec-proxy.c:133:12:k3_sec_proxy_request	0	static
../drivers/mailbox/k3-sec-proxy.c:144:12:k3_sec_proxy_free	0	static
../drivers/mailbox/k3-sec-proxy.c:400:12:k3_sec_proxy_remove	0	static
../drivers/usb/gadget/epautoconf.c:230:6:usb_ep_autoconfig_reset	0	static
../drivers/usb/gadget/composite.c:301:12:count_configs	0	static
../drivers/usb/gadget/composite.c:352:13:reset_config	32	static
../drivers/usb/gadget/composite.c:567:13:collect_langs	0	static
../drivers/usb/gadget/composite.c:779:13:composite_setup_complete	0	static
../drivers/usb/gadget/composite.c:1318:13:composite_disconnect	32	static
../drivers/usb/gadget/composite.c:1434:1:composite_suspend	32	static
../drivers/usb/gadget/composite.c:1453:1:composite_resume	32	static
../drivers/usb/gadget/g_dnl.c:100:12:g_dnl_unbind	16	static
../drivers/usb/gadget/f_dfu.c:759:13:dfu_unbind	0	static
../drivers/usb/gadget/f_dfu.c:786:12:dfu_set_alt	0	static
../drivers/usb/gadget/f_dfu.c:799:12:__dfu_get_alt	0	static
../drivers/usb/gadget/f_dfu.c:807:13:dfu_disable	0	static
../drivers/soc/ti/k3-navss-ringacc.c:1127:12:k3_nav_ringacc_probe	0	static
../drivers/usb/dwc3/gadget.c:626:12:dwc3_gadget_ep0_enable	0	static
../drivers/usb/dwc3/gadget.c:632:12:dwc3_gadget_ep0_disable	0	static
../drivers/usb/dwc3/gadget.c:734:13:dwc3_gadget_ep_free_request	0	static
../drivers/usb/dwc3/gadget.c:1294:12:dwc3_gadget_get_frame	0	static
../drivers/usb/dwc3/gadget.c:1383:12:dwc3_gadget_set_selfpowered	0	static
../drivers/usb/dwc3/ep0.c:325:13:dwc3_ep0_status_cmpl	0	static
../drivers/mailbox/k3-sec-proxy.c:104:12:k3_sec_proxy_of_xlate	16	static
../drivers/mailbox/k3-sec-proxy.c:197:12:k3_sec_proxy_send	48	static
../drivers/mailbox/k3-sec-proxy.c:266:12:k3_sec_proxy_recv	16	static
../drivers/soc/ti/k3-navss-ringacc.c:526:12:k3_nav_ringacc_ring_cfg_sci	64	static
../drivers/usb/dwc3/gadget.c:1303:12:dwc3_gadget_wakeup	48	static
../drivers/usb/dwc3/gadget.c:1450:12:dwc3_gadget_pullup	48	static
../drivers/soc/soc_ti_k3.c:168:5:soc_ti_k3_probe	32	static
../drivers/usb/gadget/g_dnl.c:123:12:g_dnl_do_config	48	static
../drivers/usb/dwc3/gadget.c:1608:23:dwc3_find_ep	48	static
../drivers/usb/dwc3/gadget.c:1620:9:dwc3_gadget_match_ep	0	static
../drivers/spi/cadence_qspi.c:1656:12:cadence_spi_of_to_plat	80	static
../drivers/spi/spi-mem.c:149:13:spi_mem_check_buswidth	32	static
../drivers/spi/spi-mem.c:195:6:spi_mem_default_supports_op	0	static
../drivers/spi/cadence_qspi.c:1543:13:cadence_spi_mem_supports_op	0	static
../drivers/usb/gadget/f_dfu.c:845:5:dfu_add	48	static
../drivers/usb/gadget/composite.c:1328:13:composite_unbind	64	static
../drivers/usb/gadget/f_dfu.c:169:13:dnload_request_flush	16	static
../drivers/usb/gadget/f_dfu.c:181:12:handle_getstatus	32	static
../drivers/usb/gadget/f_dfu.c:264:12:state_app_idle	0	static
../drivers/usb/gadget/f_dfu.c:291:12:state_app_detach	0	static
../drivers/usb/gadget/f_dfu.c:382:12:state_dfu_dnload_sync	0	static
../drivers/usb/gadget/f_dfu.c:405:12:state_dfu_dnbusy	0	static
../drivers/usb/gadget/f_dfu.c:425:12:state_dfu_dnload_idle	0	static
../drivers/usb/gadget/f_dfu.c:463:12:state_dfu_manifest_sync	32	static
../drivers/usb/gadget/f_dfu.c:557:12:state_dfu_error	0	static
../drivers/usb/gadget/f_dfu.c:314:12:state_dfu_idle	48	static
../drivers/usb/gadget/f_dfu.c:516:12:state_dfu_upload_idle	48	static
../drivers/usb/gadget/f_dfu.c:490:12:state_dfu_manifest	32	static
../drivers/usb/dwc3/gadget.c:831:13:dwc3_prepare_trbs	32	static
../drivers/usb/dwc3/gadget.c:718:28:dwc3_gadget_ep_alloc_request	32	static
../drivers/soc/soc_ti_k3.c:145:12:soc_ti_k3_get_family	16	static
../drivers/soc/soc_ti_k3.c:154:12:soc_ti_k3_get_revision	16	static
../drivers/usb/dwc3/gadget.c:1652:12:dwc3_gadget_init_hw_endpoints	96	static
../drivers/usb/dwc3/gadget.c:639:12:dwc3_gadget_ep_enable	32	static
../drivers/usb/dwc3/dwc3-am62.c:36:13:dwc3_ti_am62_glue_configure	224	static
../drivers/spi/cadence_qspi_apb.c:73:6:cadence_qspi_apb_controller_enable	0	static
../drivers/spi/cadence_qspi_apb.c:81:6:cadence_qspi_apb_controller_disable	0	static
../drivers/spi/cadence_qspi_apb.c:230:21:cadence_qspi_wait_idle	48	static
../drivers/spi/cadence_qspi_apb.c:609:5:cadence_qspi_apb_exec_flash_cmd	32	static
../drivers/spi/cadence_qspi_apb.c:300:6:cadence_qspi_apb_readdata_capture	16	static
../drivers/spi/cadence_qspi_apb.c:334:13:cadence_qspi_apb_phy_enable	16	static
../drivers/spi/cadence_qspi_apb.c:387:6:cadence_qspi_apb_phy_pre_config	16	static
../drivers/spi/cadence_qspi.c:1570:13:cadence_spi_mem_do_calibration	240	static
../drivers/spi/cadence_qspi_apb.c:690:5:cadence_qspi_apb_command_read_setup	32	static
../drivers/spi/spi-mem.c:223:6:spi_mem_supports_op	0	static
../drivers/spi/spi-mem.c:467:5:spi_mem_adjust_op_size	0	static
../drivers/usb/common/common.c:25:18:usb_get_dr_mode	48	static
../drivers/usb/dwc3/dwc3-generic.c:164:12:dwc3_generic_of_to_plat	64	static
../drivers/usb/gadget/udc/udc-core.c:224:13:usb_gadget_remove_driver	32	static
../drivers/usb/gadget/udc/udc-core.c:244:6:usb_del_gadget_udc	0	static
../drivers/soc/ti/k3-navss-ringacc.c:245:21:k3_nav_ringacc_request_ring	0	static
../drivers/soc/ti/k3-navss-ringacc.c:331:13:k3_ringacc_ring_reset_sci	48	static
../drivers/soc/ti/k3-navss-ringacc.c:366:13:k3_ringacc_ring_reconfig_qmode_sci	48	static
../drivers/soc/ti/k3-navss-ringacc.c:886:5:k3_nav_ringacc_ring_pop	0	static
../drivers/soc/soc-uclass.c:51:1:soc_device_match	176	static
../drivers/usb/dwc3/core.c:44:13:dwc3_set_mode	0	static
../drivers/usb/dwc3/core.c:310:13:dwc3_event_buffers_cleanup	0	static
../drivers/usb/dwc3/core.c:391:13:dwc3_free_scratch_buffers	0	static
../drivers/usb/dwc3/gadget.c:230:6:dwc3_gadget_giveback	48	static
../drivers/usb/dwc3/gadget.c:570:13:dwc3_remove_requests	32	static
../drivers/usb/dwc3/gadget.c:1142:12:dwc3_gadget_ep_dequeue	32	static
../drivers/usb/dwc3/gadget.c:272:5:dwc3_send_gadget_generic_command	32	static
../drivers/usb/dwc3/gadget.c:299:5:dwc3_send_gadget_ep_cmd	48	static
../drivers/usb/dwc3/gadget.c:1725:13:dwc3_gadget_free_endpoints	0	static
../drivers/usb/dwc3/gadget.c:1874:13:dwc3_endpoint_transfer_complete	64	static
../drivers/usb/dwc3/gadget.c:2002:13:dwc3_suspend_gadget	0	static
../drivers/usb/dwc3/gadget.c:2117:13:dwc3_gadget_disconnect_interrupt	32	static
../drivers/usb/dwc3/gadget.c:2638:5:dwc3_gadget_init	48	static
../drivers/usb/dwc3/ep0.c:308:24:dwc3_wIndex_to_dep	0	static
../drivers/usb/dwc3/ep0.c:529:12:dwc3_ep0_delegate_req	0	static
../drivers/spi/cadence_qspi_apb.c:712:5:cadence_qspi_apb_command_read	64	static
../drivers/spi/cadence_qspi.c:1480:12:cadence_spi_mem_exec_op	112	static
../drivers/usb/gadget/config.c:32:1:usb_descriptor_fillbuf	64	static
../drivers/usb/gadget/composite.c:1379:12:composite_bind	48	static
../drivers/usb/gadget/f_dfu.c:156:13:dnload_request_complete	64	static
../drivers/usb/gadget/f_dfu.c:601:1:dfu_handle	48	static
../drivers/soc/ti/k3-navss-ringacc.c:746:12:k3_dmaring_ring_fwd_pop_mem	48	static
../drivers/soc/ti/k3-navss-ringacc.c:780:12:k3_dmaring_ring_reverse_pop_mem	64	static
../drivers/soc/ti/k3-navss-ringacc.c:803:12:k3_nav_ringacc_ring_push_mem	32	static
../drivers/soc/ti/k3-navss-ringacc.c:826:12:k3_nav_ringacc_ring_pop_mem	48	static
../drivers/usb/dwc3/ep0.c:593:13:dwc3_ep0_set_sel_cmpl	48	static
../drivers/spi/spi-mem.c:248:5:spi_mem_exec_op	80	dynamic
../drivers/usb/gadget/composite.c:587:12:lookup_string	112	static
../drivers/usb/gadget/composite.c:1008:1:composite_setup	112	static
../drivers/usb/gadget/g_dnl.c:215:12:g_dnl_bind	80	static
../drivers/usb/gadget/f_dfu.c:713:12:dfu_bind	80	static
../drivers/soc/ti/k3-navss-ringacc.c:355:6:k3_nav_ringacc_ring_reset	32	static
../drivers/soc/ti/k3-navss-ringacc.c:638:5:k3_nav_ringacc_ring_cfg	64	static
../drivers/usb/dwc3/gadget.c:896:12:__dwc3_gadget_kick_transfer	80	static
../drivers/usb/dwc3/gadget.c:1105:12:dwc3_gadget_ep_queue	48	static
../drivers/usb/dwc3/gadget.c:1187:5:__dwc3_gadget_ep_set_halt	64	static
../drivers/usb/dwc3/gadget.c:600:12:__dwc3_gadget_ep_disable	32	static
../drivers/usb/dwc3/gadget.c:688:12:dwc3_gadget_ep_disable	32	static
../drivers/usb/dwc3/gadget.c:1590:12:dwc3_gadget_stop	32	static
../drivers/usb/dwc3/gadget.c:1229:12:dwc3_gadget_ep_set_halt	0	static
../drivers/usb/dwc3/ep0.c:389:12:dwc3_ep0_handle_feature	16	static
../drivers/usb/dwc3/gadget.c:2136:13:dwc3_gadget_reset_interrupt	80	static
../drivers/usb/dwc3/ep0.c:52:12:dwc3_ep0_start_trans	64	static
../drivers/usb/dwc3/ep0.c:299:6:dwc3_ep0_out_start	16	static
../drivers/usb/dwc3/gadget.c:1489:12:dwc3_gadget_start	64	static
../drivers/usb/dwc3/ep0.c:252:13:dwc3_ep0_stall_and_restart	48	static
../drivers/usb/dwc3/ep0.c:277:5:__dwc3_gadget_ep0_set_halt	16	static
../drivers/usb/dwc3/gadget.c:1244:12:dwc3_gadget_ep_set_wedge	16	static
../drivers/usb/dwc3/ep0.c:933:13:__dwc3_ep0_do_control_data	64	static
../drivers/usb/dwc3/ep0.c:1007:13:__dwc3_ep0_do_control_status	16	static
../drivers/usb/dwc3/ep0.c:112:12:__dwc3_gadget_ep0_queue	32	static
../drivers/usb/dwc3/ep0.c:215:5:dwc3_gadget_ep0_queue	0	static
../drivers/mailbox/k3-sec-proxy.c:374:12:k3_sec_proxy_probe	48	static
../drivers/soc/ti/k3-navss-ringacc.c:980:12:k3_nav_ringacc_init	80	static
