../drivers/mtd/nand/spi/core.c:896:13:spinand_manufacturer_cleanup	0	static
../drivers/mtd/nand/spi/core.c:1036:12:spinand_noecc_ooblayout_ecc	0	static
../drivers/mtd/nand/spi/core.c:1042:12:spinand_noecc_ooblayout_free	0	static
../drivers/mtd/nand/spi/core.c:1204:12:spinand_bind	0	static
../drivers/mtd/nand/spi/core.c:1303:12:spinand_remove	16	static
../drivers/mtd/nand/spi/esmt.c:67:12:f50l1g41lb_ooblayout_ecc	0	static
../drivers/mtd/nand/spi/esmt.c:82:12:f50l1g41lb_ooblayout_free	0	static
../drivers/mtd/nand/spi/gigadevice.c:70:12:gd5fxgq4xa_ooblayout_ecc	0	static
../drivers/mtd/nand/spi/gigadevice.c:82:12:gd5fxgq4xa_ooblayout_free	0	static
../drivers/mtd/nand/spi/gigadevice.c:104:12:gd5fxgq4xa_ecc_get_status	0	static
../drivers/mtd/nand/spi/gigadevice.c:128:12:gd5fxgqx_variant2_ooblayout_ecc	0	static
../drivers/mtd/nand/spi/gigadevice.c:140:12:gd5fxgqx_variant2_ooblayout_free	0	static
../drivers/mtd/nand/spi/gigadevice.c:159:12:gd5fxgq4xc_ooblayout_256_ecc	0	static
../drivers/mtd/nand/spi/gigadevice.c:171:12:gd5fxgq4xc_ooblayout_256_free	0	static
../drivers/mtd/nand/spi/gigadevice.c:267:12:gd5fxgq4ufxxg_ecc_get_status	0	static
../drivers/mtd/nand/spi/macronix.c:32:12:mx35lfxge4ab_ooblayout_ecc	0	static
../drivers/mtd/nand/spi/macronix.c:38:12:mx35lfxge4ab_ooblayout_free	0	static
../drivers/mtd/nand/spi/micron.c:62:12:micron_8_ooblayout_ecc	0	static
../drivers/mtd/nand/spi/micron.c:74:12:micron_8_ooblayout_free	0	static
../drivers/mtd/nand/spi/micron.c:92:12:micron_4_ooblayout_ecc	0	static
../drivers/mtd/nand/spi/micron.c:107:12:micron_4_ooblayout_free	0	static
../drivers/mtd/nand/spi/micron.c:147:12:micron_8_ecc_get_status	0	static
../drivers/mtd/nand/spi/paragon.c:39:12:pn26g0xa_ooblayout_ecc	0	static
../drivers/mtd/nand/spi/paragon.c:51:12:pn26g0xa_ooblayout_free	0	static
../drivers/mtd/nand/spi/paragon.c:68:12:pn26g0xa_ecc_get_status	0	static
../drivers/mtd/nand/spi/toshiba.c:44:12:tx58cxgxsxraix_ooblayout_ecc	0	static
../drivers/mtd/nand/spi/toshiba.c:56:12:tx58cxgxsxraix_ooblayout_free	0	static
../drivers/mtd/nand/spi/winbond.c:63:12:w25m02gv_ooblayout_ecc	0	static
../drivers/mtd/nand/spi/winbond.c:75:12:w25m02gv_ooblayout_free	0	static
../drivers/mtd/nand/spi/winbond.c:87:12:w25n01jw_ooblayout_ecc	0	static
../drivers/mtd/nand/spi/winbond.c:99:12:w25n01jw_ooblayout_free	0	static
../drivers/mtd/nand/spi/winbond.c:111:12:w35n01jw_ooblayout_ecc	0	static
../drivers/mtd/nand/spi/winbond.c:123:12:w35n01jw_ooblayout_free	0	static
../drivers/mtd/nand/spi/winbond.c:235:12:w25n02kv_ooblayout_ecc	0	static
../drivers/mtd/nand/spi/winbond.c:247:12:w25n02kv_ooblayout_free	0	static
../drivers/mtd/nand/spi/xtx.c:43:12:xt26g0xa_ooblayout_ecc	0	static
../drivers/mtd/nand/spi/xtx.c:55:12:xt26g0xa_ooblayout_free	0	static
../drivers/mtd/nand/spi/xtx.c:72:12:xt26g0xa_ecc_get_status	0	static
../drivers/mtd/nand/spi/xtx.c:96:12:xt26xxxd_ooblayout_ecc	0	static
../drivers/mtd/nand/spi/xtx.c:108:12:xt26xxxd_ooblayout_free	0	static
../drivers/mtd/nand/spi/xtx.c:125:12:xt26xxxd_ecc_get_status	0	static
../drivers/mtd/nand/bbt.c:78:5:nanddev_bbt_get_block_status	0	static
../drivers/mtd/nand/core.c:108:6:nanddev_isreserved	16	static
../drivers/mtd/nand/spi/core.c:794:12:spinand_mtd_block_isreserved	48	static
../drivers/mtd/nand/bbt.c:111:5:nanddev_bbt_set_block_status	0	static
../drivers/mtd/spi/sf-uclass.c:88:12:spi_flash_post_bind	0	static
../drivers/mtd/spi/sf_probe.c:165:12:spi_flash_std_read	32	static
../drivers/mtd/spi/sf_probe.c:175:12:spi_flash_std_write	32	static
../drivers/mtd/spi/spi-nor-core.c:597:12:read_cr	32	static
../drivers/mtd/spi/spi-nor-core.c:1297:13:stm_get_locked_range	0	static
../drivers/mtd/spi/spi-nor-core.c:1342:12:stm_is_locked_sr	32	static
../drivers/mtd/spi/spi-nor-core.c:1592:12:spi_nor_read	64	static
../drivers/mtd/spi/spi-nor-core.c:2365:12:spi_nor_read_sfdp	64	static
../drivers/mtd/spi/spi-nor-core.c:2548:1:spi_nor_post_bfpt_fixups	0	static
../drivers/mtd/spi/spi-nor-core.c:3266:12:spi_nor_hwcaps2cmd	0	static
../drivers/mtd/spi/spi-nor-core.c:3712:13:s25fs_s_late_init	0	static
../drivers/mtd/spi/spi-nor-core.c:3718:12:s25fs_s_post_bfpt_fixup	0	static
../drivers/mtd/spi/spi-nor-core.c:3737:13:s25fs_s_post_sfdp_fixup	0	static
../drivers/mtd/spi/spi-nor-core.c:3849:13:s25_late_init	0	static
../drivers/mtd/spi/spi-nor-core.c:3921:13:s25_post_sfdp_fixup	0	static
../drivers/mtd/spi/spi-nor-core.c:4019:13:s28hx_t_late_init	0	static
../drivers/mtd/spi/spi-nor-core.c:4033:13:s28hx_t_post_sfdp_fixup	0	static
../drivers/mtd/spi/spi-nor-core.c:4119:13:mt35xu512aba_late_init	0	static
../drivers/mtd/spi/spi-nor-core.c:4125:13:mt35xu512aba_post_sfdp_fixup	0	static
../drivers/pinctrl/pinctrl-single.c:100:21:single_read	0	static
../drivers/pinctrl/pinctrl-single.c:116:13:single_write	0	static
../drivers/pinctrl/pinctrl-single.c:243:12:single_request	16	static
../drivers/pinctrl/pinctrl-single.c:293:12:single_pin_compare	0	static
../drivers/pinctrl/pinctrl-single.c:500:12:single_get_pins_count	0	static
../drivers/power/regulator/regulator-uclass.c:32:5:regulator_get_value	0	static
../drivers/power/regulator/regulator-uclass.c:157:5:regulator_get_enable	0	static
../drivers/power/regulator/fixed.c:42:12:fixed_regulator_get_value	0	static
../drivers/power/regulator/fixed.c:58:12:fixed_regulator_get_current	0	static
../drivers/power/regulator/fixed.c:84:12:fixed_clock_regulator_get_enable	0	static
../drivers/serial/serial-uclass.c:561:12:serial_post_probe	0	static
../drivers/serial/serial-uclass.c:596:12:serial_pre_remove	0	static
../drivers/serial/ns16550.c:461:5:ns16550_serial_getinfo	0	static
../drivers/spi/spi-uclass.c:202:12:spi_child_pre_probe	0	static
../drivers/spi/cadence_qspi.c:1449:12:cadence_spi_remove	0	static
../drivers/mtd/nand/spi/core.c:750:12:spinand_erase	96	static
../drivers/mtd/nand/spi/gigadevice.c:188:12:gd5fxgq4uexxg_ecc_get_status	96	static
../drivers/mtd/nand/spi/gigadevice.c:230:12:gd5fxgq5xexxg_ecc_get_status	80	static
../drivers/mtd/nand/spi/micron.c:133:12:micron_select_target	80	static
../drivers/mtd/nand/spi/winbond.c:221:12:w25m02gv_select_target	80	static
../drivers/mtd/spi/spi-nor-core.c:291:12:spi_nor_read_write_reg	0	static
../drivers/mtd/spi/spi-nor-core.c:370:12:spansion_write_any_reg	96	static
../drivers/mtd/spi/spi-nor-core.c:3327:12:spi_nor_check_op	32	static
../drivers/mtd/nand/spi/core.c:904:1:spinand_select_op_variant	128	static
../drivers/pinctrl/pinctrl-uclass.c:102:13:ofnode_pre_reloc_recursive	0	static
../drivers/pinctrl/pinctrl-single.c:155:12:single_get_pin_by_offset	16	static
../drivers/mtd/nand/spi/micron.c:288:12:micron_spinand_init	0	static
../drivers/mtd/nand/spi/winbond.c:353:12:winbond_spinand_init	32	static
../drivers/mtd/nand/spi/winbond.c:178:12:w25n01jw_late_init	32	static
../drivers/mtd/nand/spi/macronix.c:70:12:mx35lf1ge4ab_ecc_get_status	96	static
../drivers/mtd/nand/spi/toshiba.c:74:12:tx58cxgxsxraix_ecc_get_status	96	static
../drivers/mtd/nand/spi/winbond.c:264:12:w25n02kv_ecc_get_status	96	static
../drivers/mtd/nand/spi/winbond.c:150:12:w35n01jw_write_vcr_op	96	static
../drivers/mtd/nand/spi/winbond.c:204:12:w35n01jw_late_init	32	static
../drivers/power/regulator/regulator-uclass.c:167:5:regulator_set_enable	64	static
../drivers/mtd/spi/spi-nor-core.c:3680:12:s25fs_s_erase_non_uniform	0	static
../drivers/mtd/spi/spi-nor-core.c:3796:12:s25_s28_erase_non_uniform	0	static
../drivers/pinctrl/pinctrl-uclass.c:125:12:pinconfig_post_bind	80	static
../drivers/pinctrl/pinctrl-uclass.c:405:27:pinctrl_post_bind	0	static
../drivers/pinctrl/pinctrl-single.c:212:12:single_get_pin_muxing	32	static
../drivers/pinctrl/pinctrl-single.c:487:20:single_get_pin_name	32	static
../drivers/pinctrl/pinctrl-single.c:452:12:single_set_state	160	static
../drivers/pinctrl/pinctrl-single.c:537:12:single_probe	144	static
../drivers/pinctrl/pinctrl-single.c:574:12:single_of_to_plat	64	static
../drivers/power/domain/scmi-power-domain.c:66:12:scmi_power_domain_on	32	static
../drivers/power/domain/scmi-power-domain.c:102:12:scmi_power_domain_off	32	static
../drivers/power/domain/scmi-power-domain.c:138:12:scmi_power_domain_probe	240	static
../drivers/power/regulator/regulator-uclass.c:430:12:regulator_post_bind	80	static
../drivers/power/regulator/regulator-uclass.c:457:12:regulator_pre_probe	32	static
../drivers/spi/spi-uclass.c:180:12:spi_child_post_bind	64	static
../drivers/spi/spi-uclass.c:191:12:spi_post_probe	32	static
../drivers/power/regulator/fixed.c:25:12:fixed_regulator_of_to_plat	48	static
../drivers/power/regulator/fixed.c:74:12:fixed_regulator_get_enable	0	static
../drivers/power/regulator/fixed.c:79:12:fixed_regulator_set_enable	64	static
../drivers/power/regulator/fixed.c:91:12:fixed_clock_regulator_set_enable	32	static
../drivers/power/regulator/fixed.c:116:12:fixed_clock_regulator_probe	48	static
../drivers/serial/ns16550.c:428:5:ns16550_serial_setconfig	16	static
../drivers/serial/ns16550.c:209:6:ns16550_setbrg	48	static
../drivers/serial/ns16550.c:415:5:ns16550_serial_setbrg	16	static
../drivers/serial/serial_omap.c:186:12:omap_serial_setbrg	48	static
../drivers/serial/ns16550.c:375:5:ns16550_serial_putc	32	static
../drivers/serial/ns16550.c:395:5:ns16550_serial_pending	16	static
../drivers/serial/ns16550.c:405:5:ns16550_serial_getc	32	static
../drivers/serial/ns16550.c:502:5:ns16550_serial_probe	32	static
../drivers/serial/ns16550.c:540:5:ns16550_serial_of_to_plat	96	static
../drivers/serial/serial_omap.c:108:12:omap_serial_of_to_plat	80	static
../drivers/spi/cadence_qspi.c:1383:12:cadence_spi_probe	80	static
../drivers/spi/cadence_qspi.c:1460:12:cadence_spi_set_mode	48	static
../drivers/spi/cadence_qspi.c:1342:12:cadence_spi_set_speed	112	static
../drivers/mtd/nand/core.c:28:6:nanddev_isbad	32	static
../drivers/mtd/nand/spi/core.c:730:12:spinand_mtd_block_markbad	64	static
../drivers/mtd/nand/spi/core.c:775:12:spinand_mtd_erase	96	static
../drivers/mtd/spi/spi-nor-core.c:255:6:spi_nor_setup_op	0	static
../drivers/mtd/spi/spi-nor-core.c:301:12:spi_nor_read_reg	80	static
../drivers/mtd/spi/spi-nor-core.c:318:12:spi_nor_write_reg	80	static
../drivers/mtd/spi/spi-nor-core.c:334:12:spansion_read_any_reg	96	static
../drivers/mtd/spi/spi-nor-core.c:3768:12:s25_s28_mdp_ready	64	static
../drivers/mtd/spi/spi-nor-core.c:3862:12:s25_s28_post_bfpt_fixup	80	static
../drivers/mtd/spi/spi-nor-core.c:387:26:spi_nor_read_op	80	static
../drivers/mtd/spi/spi-nor-core.c:404:16:spi_nor_read_data	128	static
../drivers/mtd/spi/spi-nor-core.c:449:16:spi_nor_write_data	96	static
../drivers/mtd/spi/spi-nor-core.c:3613:12:spi_nor_default_setup	160	static
../drivers/mtd/spi/spi-nor-core.c:3688:12:s25fs_s_setup	64	static
../drivers/mtd/spi/spi-nor-core.c:3803:12:s25_s28_setup	64	static
../drivers/mtd/spi/spi-nor-core.c:4349:12:spi_nor_soft_reset	112	static
../drivers/mtd/spi/spi-nor-core.c:489:12:read_sr	80	static
../drivers/mtd/spi/sf_probe.c:204:12:spi_flash_std_get_sw_write_prot	16	static
../drivers/mtd/spi/spi-nor-core.c:1386:12:stm_lock	48	static
../drivers/mtd/spi/spi-nor-core.c:1466:12:stm_unlock	64	static
../drivers/mtd/spi/spi-nor-core.c:1551:12:stm_is_unlocked	64	static
../drivers/mtd/spi/spi-nor-core.c:655:12:write_enable	0	static
../drivers/mtd/spi/spi-nor-core.c:2166:12:spansion_quad_enable_volatile	64	static
../drivers/mtd/spi/spi-nor-core.c:3675:12:s25fs_s_quad_enable	0	static
../drivers/mtd/spi/spi-nor-core.c:3782:12:s25_quad_enable	48	static
../drivers/mtd/spi/spi-nor-core.c:3970:12:spi_nor_cypress_octal_dtr_enable	96	static
../drivers/mtd/spi/spi-nor-core.c:663:12:write_disable	0	static
../drivers/mtd/spi/spi-nor-core.c:907:12:spi_nor_wait_till_ready_with_timeout	128	static
../drivers/mtd/spi/spi-nor-core.c:4072:12:spi_nor_micron_octal_dtr_enable	144	static
../drivers/mtd/spi/spi-nor-core.c:1117:12:spi_nor_erase	160	static
../drivers/mtd/spi/spi-nor-core.c:2215:12:write_sr_cr	32	static
../drivers/mtd/spi/spi-nor-core.c:2251:12:spansion_read_cr_quad_enable	48	static
../drivers/mtd/spi/spi-nor-core.c:2305:12:spansion_no_read_cr_quad_enable	48	static
../drivers/mtd/spi/spi-nor-core.c:4398:5:spi_nor_remove	0	static
../drivers/mtd/spi/sf_probe.c:222:12:spi_flash_std_remove	0	static
../drivers/power/domain/power-domain-uclass.c:129:12:dev_power_domain_ctrl	208	static
../drivers/power/regulator/regulator-uclass.c:52:5:regulator_set_value	64	static
../drivers/power/regulator/regulator-uclass.c:506:12:regulator_post_probe	32	static
../drivers/power/regulator/regulator-uclass.c:198:5:regulator_set_enable_if_allowed	32	static
../drivers/serial/serial-uclass.c:245:13:_serial_putc	48	static
../drivers/spi/spi-uclass.c:25:12:spi_set_speed_mode	48	static
../drivers/spi/cadence_qspi.c:66:12:cadence_spi_phy_apply_setting	48	static
../drivers/mtd/nand/spi/core.c:832:12:spinand_manufacturer_match	96	static
../drivers/mtd/nand/spi/core.c:1223:12:spinand_probe	224	static
../drivers/spi/cadence_qspi.c:82:12:cadence_spi_phy_check_pattern	112	static
../drivers/spi/cadence_qspi.c:138:12:cadence_spi_find_rx_low_sdr	48	static
../drivers/mtd/spi/sf_probe.c:185:12:spi_flash_std_erase	144	static
../drivers/mtd/spi/spi-nor-core.c:1967:12:spi_nor_write	112	static
../drivers/mtd/spi/spi-nor-core.c:2419:12:spi_nor_read_sfdp_dma_unsafe	64	static
../drivers/mtd/spi/spi-nor-core.c:4452:5:spi_nor_scan	656	static
../drivers/mtd/spi/sf_probe.c:211:5:spi_flash_std_probe	48	static
