../lib/sha512.c:190:13:sha512_block_fn	224	static
../lib/slre.c:187:1:store_char_in_data	0	static
../lib/slre.c:209:1:get_escape_char	0	static
../lib/tiny-printf.c:36:13:div_out	0	static
../lib/tiny-printf.c:199:12:_vprintf	144	static
../lib/tiny-printf.c:365:13:putc_outstr	0	static
../disk/disk-uclass.c:27:12:disk_blk_part_validate	0	static
../disk/disk-uclass.c:92:15:disk_blk_write	16	static
../disk/disk-uclass.c:113:15:disk_blk_erase	16	static
../drivers/clk/clk-uclass.c:546:13:clk_clean_rate_cache	32	static
../drivers/clk/clk_fixed_rate.c:17:14:clk_fixed_rate_get_rate	0	static
../drivers/clk/clk_fixed_rate.c:23:12:dummy_enable	0	static
../drivers/clk/clk_fixed_rate.c:50:14:clk_fixed_rate_raw_get_rate	0	static
../drivers/dma/ti/k3-udma-common.c:65:6:udma_is_chan_running	0	static
../drivers/dma/ti/k3-udma-common.c:152:6:udma_reset_counters	0	static
../drivers/dma/ti/k3-udma-common.c:213:5:udma_start	16	static
../drivers/dma/ti/k3-udma-common.c:519:13:udma_put_rchan	0	static
../drivers/dma/ti/k3-udma-common.c:531:13:udma_put_tchan	0	static
../drivers/dma/ti/k3-udma-common.c:545:13:udma_put_rflow	0	static
../drivers/dma/ti/k3-udma-common.c:840:13:bcdma_put_bchan	0	static
../drivers/dfu/dfu.c:673:13:dfu_get_layout	112	static
../drivers/dfu/dfu_ram.c:44:5:dfu_get_medium_size_ram	0	static
../drivers/gpio/gpio-uclass.c:1518:12:gpio_post_bind	0	static
../drivers/gpio/pca953x_gpio.c:276:12:pca953x_get_function	0	static
../drivers/gpio/pca953x_gpio.c:284:12:pca953x_xlate	0	static
../drivers/gpio/da8xx_gpio.c:435:29:davinci_get_gpio_bank	0	static
../drivers/gpio/da8xx_gpio.c:451:12:davinci_gpio_direction_input	16	static
../drivers/gpio/da8xx_gpio.c:462:12:davinci_gpio_direction_output	16	static
../drivers/gpio/da8xx_gpio.c:471:12:davinci_gpio_get_value	16	static
../drivers/gpio/da8xx_gpio.c:478:12:davinci_gpio_set_value	16	static
../drivers/gpio/da8xx_gpio.c:488:12:davinci_gpio_get_function	16	static
../drivers/gpio/da8xx_gpio.c:501:12:davinci_gpio_xlate	0	static
../lib/libfdt/../../scripts/dtc/libfdt/fdt.c:132:13:fdt_offset_ptr	0	static
../lib/libfdt/../../scripts/dtc/libfdt/fdt_ro.c:357:35:fdt_get_property_by_offset_	0	static
../lib/tiny-printf.c:336:13:putc_normal	0	static
../drivers/clk/clk_scmi.c:60:12:scmi_clk_gate	80	static
../drivers/clk/clk_scmi.c:79:12:scmi_clk_enable	0	static
../drivers/clk/clk_scmi.c:84:12:scmi_clk_disable	0	static
../drivers/clk/clk_scmi.c:89:14:scmi_clk_get_rate	80	static
../drivers/clk/clk_scmi.c:111:14:scmi_clk_set_rate	96	static
../drivers/clk/clk_scmi.c:136:12:scmi_clk_probe	0	static
../drivers/dma/ti/k3-udma-common.c:557:6:udma_free_tx_resources	32	static
../drivers/dma/ti/k3-udma-common.c:619:6:udma_free_rx_resources	32	static
../drivers/dma/ti/k3-udma-common.c:853:6:bcdma_free_bchan_resources	32	static
../drivers/dma/ti/k3-udma-am62l.c:535:12:am62l_udma_remove	16	static
../lib/libfdt/../../scripts/dtc/libfdt/fdt.c:82:5:fdt_check_header	0	static
../lib/libfdt/../../scripts/dtc/libfdt/fdt.c:154:10:fdt_next_tag	16	static
../lib/libfdt/../../scripts/dtc/libfdt/fdt_ro.c:201:12:nextprop_	32	static
../lib/libfdt/../../scripts/dtc/libfdt/fdt.c:209:5:fdt_check_node_offset_	32	static
../lib/libfdt/../../scripts/dtc/libfdt/fdt.c:227:5:fdt_next_node	32	static
../lib/libfdt/../../scripts/dtc/libfdt/fdt_ro.c:592:5:fdt_supernode_atdepth_offset	48	static
../lib/libfdt/../../scripts/dtc/libfdt/fdt.c:267:5:fdt_first_subnode	32	static
../lib/libfdt/../../scripts/dtc/libfdt/fdt.c:278:5:fdt_next_subnode	32	static
../lib/libfdt/../../scripts/dtc/libfdt/fdt_ro.c:160:40:fdt_mem_rsv	0	static
../lib/libfdt/../../scripts/dtc/libfdt/fdt_ro.c:189:5:fdt_num_mem_rsv	16	static
../lib/libfdt/../../scripts/dtc/libfdt/fdt_ro.c:339:5:fdt_first_property_offset	16	static
../lib/libfdt/../../scripts/dtc/libfdt/fdt_ro.c:349:5:fdt_next_property_offset	32	static
../lib/libfdt/../../scripts/dtc/libfdt/fdt_ro.c:641:5:fdt_parent_offset	48	static
../lib/libfdt/../../scripts/dtc/libfdt/fdt_strerror.c:45:13:fdt_strerror	0	static
../lib/fdtdec.c:889:5:fdtdec_get_number	0	static
../lib/crc16-ccitt.c:66:10:crc16_ccitt	0	static
../lib/hang.c:23:6:hang	16	static
../lib/linux_string.c:20:7:skip_spaces	0	static
../lib/slre.c:178:1:emit	0	static
../lib/slre.c:313:1:fixup_branch.part.0	16	static
../lib/string.c:31:5:strncasecmp	0	static
../lib/string.c:208:5:strcmp	0	static
../lib/string.c:232:5:strncmp	0	static
../disk/part_dos.c:63:12:test_block_type	16	static
../lib/string.c:255:8:strchr	0	static
../lib/string.c:294:8:strlen	0	static
../lib/libfdt/../../scripts/dtc/libfdt/fdt_ro.c:34:13:fdt_get_string	16	static
../lib/libfdt/../../scripts/dtc/libfdt/fdt_ro.c:467:13:fdt_getprop_by_offset	16	static
../lib/libfdt/../../scripts/dtc/libfdt/fdt_ro.c:300:13:fdt_get_name	16	static
../lib/linux_string.c:35:7:strim	16	static
../lib/string.c:310:8:strnlen	0	static
../lib/string.c:345:8:strdup	32	static
../lib/string.c:470:8:strsep	0	static
../lib/string.c:523:15:memset	0	static
../lib/sha512.c:339:6:sha512_finish	48	static
../lib/linux_compat.c:19:7:kmalloc	32	static
../drivers/core/device.c:302:14:alloc_priv	32	static
../drivers/dma/ti/k3-udma-common.c:57:6:udma_reset_uchan	16	static
../lib/string.c:562:15:memcpy	0	static
../lib/sha512.c:199:13:sha512_base_do_update	48	static
../lib/sha512.c:352:6:sha512_csum_wd	240	static
../lib/crc16-ccitt.c:74:6:crc16_ccitt_wd_buf	32	static
../lib/crc32.c:265:6:crc32_wd_buf	32	static
../drivers/dma/ti/k3-udma-common.c:705:12:udma_push_to_ring	48	static
../lib/string.c:596:15:memmove	16	static
../lib/libfdt/../../scripts/dtc/libfdt/fdt_rw.c:56:12:fdt_splice_	16	static
../lib/libfdt/../../scripts/dtc/libfdt/fdt_rw.c:71:12:fdt_splice_mem_rsv_	16	static
../lib/libfdt/../../scripts/dtc/libfdt/fdt_rw.c:84:12:fdt_splice_struct_	16	static
../lib/slre.c:281:1:relocate	16	static
../lib/slre.c:289:1:quantifier	16	static
../lib/slre.c:322:1:compile	80	static
../lib/string.c:632:12:memcmp	0	static
../lib/libfdt/../../scripts/dtc/libfdt/fdt_ro.c:225:5:fdt_subnode_offset_namelen	32	static
../lib/libfdt/../../scripts/dtc/libfdt/fdt_ro.c:244:5:fdt_subnode_offset	16	static
../lib/libfdt/../../scripts/dtc/libfdt/fdt_ro.c:394:35:fdt_get_property_namelen_	48	static
../lib/libfdt/../../scripts/dtc/libfdt/fdt_ro.c:250:5:fdt_path_offset_namelen	80	static
../lib/libfdt/../../scripts/dtc/libfdt/fdt_ro.c:295:5:fdt_path_offset	16	static
../lib/libfdt/../../scripts/dtc/libfdt/fdt_ro.c:500:13:fdt_getprop	32	static
../lib/libfdt/../../scripts/dtc/libfdt/fdt_ro.c:506:10:fdt_get_phandle	48	static
../lib/libfdt/../../scripts/dtc/libfdt/fdt_ro.c:678:5:fdt_node_offset_by_phandle	48	static
../lib/libfdt/../../scripts/dtc/libfdt/fdt_addresses.c:14:12:fdt_cells	32	static
../lib/libfdt/../../scripts/dtc/libfdt/fdt_addresses.c:34:5:fdt_address_cells	16	static
../lib/libfdt/../../scripts/dtc/libfdt/fdt_addresses.c:46:5:fdt_size_cells	16	static
../lib/fdtdec.c:297:5:fdtdec_get_is_enabled	16	static
../lib/fdtdec.c:741:5:fdtdec_parse_phandle_with_args	112	static
../lib/fdtdec.c:1667:5:fdtdec_setup	64	static
../drivers/core/ofnode.c:561:5:ofnode_read_size	32	static
../lib/libfdt/../../scripts/dtc/libfdt/fdt_ro.c:745:5:fdt_stringlist_search	48	static
../lib/fdtdec.c:1069:8:get_next_memory_node	80	static
../lib/time.c:144:14:get_timer	32	static
../lib/time.c:168:30:timer_get_us	16	static
../lib/time.c:193:6:udelay	64	static
../lib/panic.c:21:13:panic_finish	32	static
../lib/panic.c:41:6:panic	208	static
../lib/tiny-printf.c:349:5:printf	176	static
../lib/slre.c:504:1:match	96	static
../lib/slre.c:441:1:loop_greedy	96	static
../lib/slre.c:458:1:loop_non_greedy	80	static
../drivers/dma/ti/k3-udma-common.c:357:5:udma_stop	48	static
../drivers/dma/ti/k3-udma-common.c:381:6:udma_poll_completion	64	static
../drivers/dma/ti/k3-udma-common.c:393:20:__udma_reserve_rflow	144	static
../drivers/dma/ti/k3-udma-common.c:907:5:udma_transfer	128	static
../drivers/dma/ti/k3-udma-common.c:923:5:udma_enable	16	static
../drivers/dma/ti/k3-udma-common.c:940:5:udma_disable	16	static
../drivers/dma/ti/k3-udma-common.c:960:5:udma_send	112	static
../drivers/dma/ti/k3-udma-common.c:1019:5:udma_receive	80	static
../drivers/dma/ti/k3-udma-common.c:1069:5:udma_of_xlate	32	static
../drivers/dma/ti/k3-udma-common.c:1133:5:udma_prepare_rcv_buf	80	static
../drivers/dma/ti/k3-udma-common.c:1180:5:udma_get_cfg	16	static
../drivers/dma/ti/k3-udma-am62l.c:66:12:bcdma_v2_alloc_chan_resources	64	static
../drivers/dma/ti/k3-udma-am62l.c:197:12:am62l_udma_request	80	static
../drivers/dma/ti/k3-udma-am62l.c:413:12:am62l_udma_rfree	32	static
../drivers/dfu/dfu_ram.c:38:12:dfu_write_medium_ram	16	static
../drivers/dfu/dfu_ram.c:51:12:dfu_read_medium_ram	16	static
../drivers/gpio/gpio-uclass.c:519:12:check_reserved	16	static
../drivers/gpio/pca953x_gpio.c:105:12:pca953x_write_single	48	static
../drivers/gpio/pca953x_gpio.c:216:12:pca953x_set_value	32	static
../drivers/gpio/pca953x_gpio.c:238:12:pca953x_set_direction	32	static
../drivers/gpio/pca953x_gpio.c:260:12:pca953x_direction_input	0	static
../drivers/gpio/pca953x_gpio.c:265:12:pca953x_direction_output	32	static
../drivers/gpio/pca953x_gpio.c:142:12:pca953x_read_regs	16	static
../drivers/gpio/pca953x_gpio.c:201:12:pca953x_get_value	64	static
../lib/tiny-printf.c:370:5:sprintf	176	static
../lib/tiny-printf.c:401:5:snprintf	176	static
../lib/strto.c:58:7:simple_strtoul	0	static
../drivers/block/blk-uclass.c:432:6:blk_read	0	static
../disk/disk-uclass.c:70:15:disk_blk_read	16	static
../disk/part_dos.c:101:12:part_test_dos	32	dynamic
../disk/part_dos.c:202:12:part_get_info_extended	272	dynamic
../disk/part_dos.c:318:27:part_get_info_dos	0	static
../disk/part_efi.c:315:12:part_test_efi	32	dynamic
../disk/part_efi.c:1030:12:is_gpt_valid	80	dynamic
../disk/part_efi.c:261:27:part_get_info_efi	112	dynamic
../drivers/clk/clk-uclass.c:460:7:clk_get_rate	0	static
../drivers/clk/clk_fixed_factor.c:25:14:clk_fixed_factor_get_rate	32	static
../drivers/clk/clk-uclass.c:606:5:clk_enable	0	static
../drivers/clk/clk-uclass.c:667:5:clk_disable	0	static
../drivers/core/device.c:881:24:_device_find_global_by_ofnode	48	static
../drivers/core/fdtaddr.c:166:7:devfdt_get_addr_name_ptr	32	static
../drivers/dma/ti/k3-udma-am62l.c:437:12:am62l_udma_probe	96	static
../drivers/core/lists.c:23:16:lists_driver_lookup_name	16	static
../drivers/core/lists.c:154:5:device_bind_driver_to_node	16	static
../drivers/core/uclass.c:144:5:uclass_get	48	static
../drivers/gpio/gpio-uclass.c:1363:12:gpio_renumber	48	static
../drivers/gpio/gpio-uclass.c:1400:12:gpio_post_probe	32	static
../drivers/gpio/gpio-uclass.c:1419:12:gpio_pre_remove	0	static
../drivers/core/uclass.c:223:5:uclass_find_device	48	static
../drivers/core/uclass.c:246:5:uclass_find_first_device	48	static
../drivers/core/uclass.c:263:5:uclass_find_next_device	0	static
../drivers/core/uclass.c:424:12:uclass_find_device_by_phandle_id	80	static
../drivers/core/device-remove.c:70:5:device_unbind	80	static
../drivers/core/device-remove.c:132:6:device_free	0	static
../drivers/core/device.c:389:5:device_of_to_plat	32	static
../drivers/core/regmap.c:477:5:regmap_read	0	static
../drivers/core/regmap.c:648:5:regmap_update_bits	32	static
../drivers/core/ofnode.c:387:5:ofnode_read_u32_index	48	static
../drivers/core/ofnode.c:374:5:ofnode_read_u32	0	static
../drivers/core/ofnode.c:379:5:ofnode_read_u32_default	32	static
../drivers/clk/clk_fixed_rate.c:59:12:clk_fixed_rate_of_to_plat	32	static
../drivers/clk/clk_fixed_factor.c:43:12:clk_fixed_factor_of_to_plat	48	static
../drivers/core/ofnode.c:543:13:ofnode_read_string	32	static
../drivers/core/ofnode.c:571:8:ofnode_find_subnode	16	static
../drivers/core/ofnode.c:597:5:ofnode_read_u32_array	48	static
../drivers/core/ofnode.c:656:8:ofnode_get_parent	16	static
../drivers/core/ofnode.c:670:13:ofnode_get_name	0	static
../drivers/core/root.c:196:12:dm_scan_fdt_node	64	static
../drivers/core/root.c:227:5:dm_scan_fdt_dev	0	static
../drivers/core/simple-bus.c:25:12:simple_bus_post_bind	48	static
../drivers/core/ofnode.c:807:5:ofnode_stringlist_search	16	static
../drivers/core/ofnode.c:900:5:ofnode_parse_phandle_with_args	112	static
../drivers/clk/clk-uclass.c:114:12:clk_get_by_indexed_prop	112	static
../drivers/clk/clk-uclass.c:369:5:clk_set_defaults	160	static
../drivers/clk/clk-uclass.c:787:5:clk_uclass_post_probe	16	static
../drivers/core/device.c:481:5:device_probe	48	static
../drivers/block/blk-uclass.c:853:12:blk_post_probe	240	static
../drivers/core/device.c:745:12:device_get_device_tail	32	static
../drivers/core/uclass.c:499:5:uclass_get_device	48	static
../drivers/core/uclass.c:520:5:uclass_get_device_by_seq	48	static
../drivers/core/uclass.c:542:5:uclass_get_device_by_ofnode	48	static
../drivers/clk/clk-uclass.c:73:12:clk_get_by_index_tail.part.0	64	static
../drivers/core/uclass.c:575:5:uclass_get_device_by_phandle	48	static
../drivers/core/uclass.c:591:13:_uclass_next_device	48	static
../drivers/core/uclass.c:600:6:uclass_first_device	48	static
../drivers/core/uclass.c:609:6:uclass_next_device	32	static
../drivers/core/uclass.c:617:5:uclass_first_device_err	32	static
../drivers/clk/clk-uclass.c:142:5:clk_get_by_index_nodev	112	static
../drivers/core/ofnode.c:944:8:ofnode_path	16	static
../drivers/core/ofnode.c:1186:13:ofnode_get_property	0	static
../drivers/gpio/pca953x_gpio.c:302:12:pca953x_probe	128	static
../drivers/core/ofnode.c:1195:6:ofnode_has_property	16	static
../drivers/core/ofnode.c:1451:5:ofnode_read_simple_addr_cells	0	static
../drivers/core/ofnode.c:1460:5:ofnode_read_simple_size_cells	0	static
../drivers/core/syscon-uclass.c:43:12:syscon_pre_probe	96	static
../drivers/core/ofnode.c:1507:5:ofnode_read_resource	112	static
../drivers/core/ofnode.c:1568:5:ofnode_device_is_compatible	48	static
../drivers/dma/dma-uclass.c:234:5:dma_memcpy	96	static
../drivers/dfu/dfu.c:217:16:dfu_get_buf	48	static
../drivers/dfu/dfu.c:264:12:dfu_write_buffer_drain	48	static
../drivers/dfu/dfu.c:293:6:dfu_transaction_cleanup	32	static
../drivers/dfu/dfu.c:583:6:dfu_free_entities	32	static
../drivers/dfu/dfu.c:601:5:dfu_alt_init	48	static
../drivers/dfu/dfu.c:699:20:dfu_get_entity	0	static
../drivers/gpio/gpio-uclass.c:593:5:dm_gpio_get_value	32	static
../drivers/gpio/gpio-uclass.c:604:5:dm_gpio_set_value	32	static
../drivers/gpio/gpio-uclass.c:1219:5:gpio_request_by_name	160	static
