../drivers/usb/dwc3/dwc3-generic.c:503:12:dwc3_rk_glue_get_ctrl_dev	0	static
../drivers/usb/dwc3/dwc3-generic.c:482:13:dwc3_qcom_glue_configure	32	static
../drivers/usb/dwc3/dwc3-generic.c:516:12:dwc3_glue_bind_common	64	static
../drivers/usb/dwc3/dwc3-generic.c:554:5:dwc3_glue_bind	64	static
../drivers/core/ofnode.c:1278:16:ofnode_read_u8_array_ptr.constprop	32	static
../lib/strto.c:192:6:trailing_strtoln_end.constprop	32	static
../drivers/core/root.c:291:12:dm_probe_devices.constprop	32	static
../drivers/core/fdtaddr.c:23:12:devfdt_get_addr_index_parent.isra	64	static
../drivers/clk/clk-uclass.c:423:5:clk_release_all.isra	48	static
../drivers/usb/dwc3/dwc3-generic.c:693:5:dwc3_glue_remove	16	static
../fs/fat/fat.c:37:13:downcase	0	static
../fs/fat/fat.c:52:12:disk_read	32	static
../fs/fat/fat.c:168:14:get_fatent	48	static
../fs/fat/fat.c:935:19:next_dent	48	static
../drivers/spi/cadence_qspi.c:184:12:cadence_spi_find_rx_high_sdr.constprop	48	static
../drivers/spi/cadence_qspi.c:231:12:cadence_spi_find_tx_high.constprop	48	static
../drivers/spi/cadence_qspi.c:206:12:cadence_spi_find_tx_low.constprop	48	static
../drivers/spi/cadence_qspi.c:159:12:cadence_spi_find_rx_high.constprop	48	static
../drivers/spi/cadence_qspi.c:113:12:cadence_spi_find_rx_low.constprop	48	static
../drivers/spi/cadence_qspi.c:1248:12:cadence_spi_read_id.constprop	96	static
../drivers/mtd/spi/spi-nor-core.c:1229:12:spansion_erase_non_uniform.constprop	96	static
../drivers/mtd/spi/spi-nor-core.c:1277:12:write_sr_and_check.constprop	32	static
../drivers/mtd/spi/spi-nor-core.c:760:12:set_4byte.constprop	48	static
../drivers/firmware/psci.c:50:29:invoke_psci_fn.constprop	64	static
../drivers/block/blk-uclass.c:591:5:blk_next_free_devnum.constprop	32	static
../lib/qsort.c:23:6:qsort.constprop	0	static
../lib/strto.c:144:20:ustrtoull.constprop	32	static
../lib/fdtdec.c:108:12:fdtdec_get_addr_size_fixed.constprop	96	static
../disk/part.c:338:5:part_get_info_by_type.constprop	64	static
../lib/strto.c:115:6:simple_strtol.constprop	16	static
../drivers/core/device.c:40:12:device_bind_common.constprop	176	static
../drivers/core/root.c:350:5:dm_init_and_scan.constprop	128	static
../drivers/core/lists.c:199:5:lists_bind_fdt.constprop	128	static
../arch/arm/cpu/armv8/cache_v8.c:60:5:get_tcr.constprop	0	static
../drivers/sysreset/sysreset-uclass.c:121:5:do_reset.part.0.constprop	48	static
../drivers/core/device-remove.c:198:5:device_remove.constprop	64	static
../drivers/core/ofnode.c:932:5:ofnode_count_phandle_with_args.constprop	0	static
../lib/fdtdec_common.c:21:5:fdtdec_get_int.constprop	32	static
../lib/hashtable.c:281:5:hsearch_r.constprop.isra	128	static
../lib/hashtable.c:452:5:hdelete_r.constprop	96	static
../env/common.c:56:5:env_do_env_set.constprop	64	static
../drivers/soc/ti/k3-navss-ringacc.c:474:5:k3_nav_ringacc_ring_free.isra	48	static
../drivers/soc/ti/k3-navss-ringacc.c:304:5:k3_nav_ringacc_request_rings_pair.constprop	48	static
../drivers/usb/gadget/udc/udc-uclass.c:21:5:dm_usb_gadget_handle_interrupts.isra	0	static
../drivers/usb/gadget/udc/udc-core.c:63:6:usb_gadget_unmap_request.isra	0	static
../drivers/usb/gadget/udc/udc-core.c:50:5:usb_gadget_map_request.isra	32	static
../drivers/spi/spi-mem.c:764:5:spi_mem_do_calibration.isra	0	static
../drivers/spi/spi-mem.c:114:12:spi_check_buswidth_req.isra	0	static
../drivers/spi/cadence_qspi_apb.c:163:12:cadence_qspi_calc_rdreg.isra	0	static
../drivers/spi/cadence_qspi.c:1233:12:cadence_spi_write_speed.isra	80	static
../drivers/spi/spi-uclass.c:147:5:spi_xfer.isra	0	static
../drivers/spi/spi-uclass.c:127:6:spi_release_bus.isra	0	static
../drivers/spi/spi-uclass.c:122:5:spi_claim_bus.isra	64	static
../drivers/serial/ns16550.c:160:6:ns16550_writeb.isra	0	static
../drivers/serial/ns16550.c:174:12:ns16550_readb.isra	0	static
../drivers/pinctrl/pinctrl-single.c:276:28:single_allocate_function.isra	32	static
../drivers/mtd/nand/spi/core.c:234:5:spinand_write_enable_op.isra	80	static
../drivers/mmc/sdhci.c:370:5:sdhci_set_clock.isra	48	static
../drivers/mmc/mmc-uclass.c:341:18:mmc_get_blk_desc.isra	0	static
../drivers/mmc/mmc-uclass.c:53:5:mmc_send_cmd.isra	0	static
../drivers/mmc/mmc-uclass.c:81:5:mmc_wait_dat0.isra	0	static
../drivers/mmc/mmc.c:844:12:__mmc_switch.constprop	128	static
../drivers/mmc/mmc-uclass.c:67:5:mmc_set_ios.isra	0	static
../drivers/mmc/mmc.c:1687:5:mmc_set_clock.constprop.isra	0	static
../drivers/mmc/mmc.c:2829:12:mmc_power_on.isra	32	static
../drivers/mmc/mmc.c:227:12:mmc_select_mode.isra	0	static
../drivers/firmware/scmi/smt.c:103:5:scmi_read_resp_from_smt.isra	48	static
../drivers/firmware/scmi/smt.c:66:5:scmi_write_msg_to_smt.isra	48	static
../drivers/core/ofnode.c:465:5:ofnode_read_u64.isra	48	static
../drivers/core/fdtaddr.c:115:12:devfdt_get_addr_size_index.isra	64	static
../drivers/core/fdtaddr.c:94:12:devfdt_get_addr_index.isra	32	static
../drivers/usb/dwc3/dwc3-generic.c:297:6:dwc3_imx8mp_glue_configure	48	static
../drivers/core/fdtaddr.c:105:7:devfdt_get_addr_index_ptr.isra	16	static
../drivers/core/device.c:1183:6:device_is_compatible.isra	16	static
../drivers/usb/dwc3/dwc3-generic.c:204:12:dwc3_generic_peripheral_remove	64	static
../drivers/usb/dwc3/dwc3-generic.c:348:6:dwc3_ti_glue_configure	48	static
../drivers/clk/clk-uclass.c:398:5:clk_get_by_name.isra	32	static
../drivers/clk/clk-uclass.c:137:5:clk_get_by_index.isra	0	static
../drivers/usb/dwc3/dwc3-generic.c:607:12:dwc3_glue_clk_init	64	static
../drivers/usb/dwc3/dwc3-generic.c:629:5:dwc3_glue_probe	64	static
../drivers/block/blk-uclass.c:334:5:blk_dselect_hwpart.isra	0	static
../lib/string.c:95:8:strncpy.isra	0	static
../lib/string.c:74:8:strcpy.isra	0	static
../drivers/usb/dwc3/dwc3-generic.c:197:12:dwc3_generic_peripheral_probe	112	static
../common/xyzModem.c:67:1:CYGACC_COMM_IF_GETC_TIMEOUT.isra	32	static
../common/spl/spl.c:291:5:spl_parse_image_header.isra	0	static
../common/spl/spl.c:373:5:spl_load.constprop.isra	48	static
../drivers/usb/dwc3/gadget.c:512:12:__dwc3_gadget_ep_enable.constprop	80	static
../drivers/usb/dwc3/gadget.c:2031:13:dwc3_stop_active_transfer.constprop	64	static
../drivers/mtd/mtdcore.c:1233:12:mtd_ooblayout_find_region.constprop	64	static
../drivers/usb/dwc3/dwc3-generic.c:211:12:dwc3_gadget_handle_interrupts	192	static
../fs/fat/fat.c:253:1:get_cluster	80	dynamic
../common/xyzModem.c:517:1:xyzModem_stream_read.constprop	96	static
../drivers/usb/gadget/f_dfu.c:240:12:handle_upload.isra	96	static
../drivers/mtd/mtdpart.c:563:25:allocate_partition.isra	80	static
../lib/string.c:120:8:strlcpy.isra	48	static
../lib/string.c:194:8:strlcat.constprop.isra	32	static
../drivers/dfu/dfu.c:624:5:dfu_alt_add.isra	144	static
../lib/libfdt/../../scripts/dtc/libfdt/fdt_rw.c:277:5:fdt_setprop.isra	128	static
../drivers/pinctrl/pinctrl-uclass.c:55:12:pinctrl_select_state_full.constprop.isra	112	static
../drivers/core/uclass.c:509:5:uclass_get_device_by_name.constprop.isra	96	static
