../drivers/sysreset/sysreset_psci.c:11:12:psci_sysreset_get_status	0	static
../drivers/firmware/psci.c:344:12:psci_power_domain_xlate	0	static
../drivers/firmware/psci.c:354:12:psci_power_domain_probe	0	static
../drivers/i2c/i2c-uclass.c:58:12:i2c_setup_offset	0	static
../drivers/mmc/mmc-uclass.c:100:12:dm_mmc_get_cd	0	static
../drivers/mmc/am654_sdhci.c:405:13:am654_sdhci_write_b	0	static
../drivers/mtd/mtdpart.c:325:22:part_get_unmapped_area	0	static
../drivers/mtd/mtdpart.c:371:12:part_read_user_prot_reg	0	static
../drivers/mtd/mtdpart.c:378:12:part_get_user_prot_info	0	static
../drivers/mtd/mtdpart.c:385:12:part_read_fact_prot_reg	0	static
../drivers/mtd/mtdpart.c:392:12:part_get_fact_prot_info	0	static
../drivers/mtd/mtdpart.c:399:12:part_write	0	static
../drivers/mtd/mtdpart.c:406:12:part_panic_write	0	static
../drivers/mtd/mtdpart.c:413:12:part_write_oob	0	static
../drivers/mtd/mtdpart.c:423:12:part_write_user_prot_reg	0	static
../drivers/mtd/mtdpart.c:430:12:part_lock_user_prot_reg	0	static
../drivers/mtd/mtdpart.c:445:12:part_erase	32	static
../drivers/mtd/mtdpart.c:460:12:part_lock	0	static
../drivers/mtd/mtdpart.c:465:12:part_unlock	0	static
../drivers/mtd/mtdpart.c:470:12:part_is_locked	0	static
../drivers/mtd/mtdpart.c:475:13:part_sync	0	static
../drivers/mtd/mtdpart.c:492:12:part_block_isreserved	0	static
../drivers/mtd/mtdpart.c:498:12:part_block_isbad	0	static
../drivers/mtd/mtdpart.c:504:12:part_block_markbad	32	static
../drivers/mtd/mtdpart.c:1073:27:part_get_info_mtd	0	static
../drivers/gpio/da8xx_gpio.c:522:12:davinci_gpio_probe	48	static
../drivers/gpio/da8xx_gpio.c:543:12:davinci_gpio_of_to_plat	64	static
../drivers/sysreset/sysreset_psci.c:16:12:psci_sysreset_request	48	static
../drivers/firmware/psci.c:173:12:psci_bind	48	static
../drivers/firmware/psci.c:208:12:psci_probe	32	static
../drivers/firmware/scmi/scmi_agent-uclass.c:50:13:scmi_protocol_is_supported	16	static
../drivers/firmware/scmi/scmi_agent-uclass.c:122:12:scmi_add_protocol	16	static
../drivers/firmware/scmi/scmi_agent-uclass.c:172:24:find_scmi_protocol_device	16	static
../drivers/mtd/mtdpart.c:525:12:do_del_mtd_partitions	80	static
../drivers/i2c/i2c-uclass.c:724:12:i2c_pre_probe	64	static
../drivers/firmware/scmi/scmi_agent-uclass.c:360:12:scmi_bind_protocols	128	static
../drivers/firmware/scmi/smt.c:27:5:scmi_dt_get_smt_buffer	240	static
../drivers/firmware/scmi/smccc_agent.c:63:12:setup_channel	48	static
../drivers/firmware/scmi/smccc_agent.c:82:12:scmi_smccc_get_channel	64	static
../drivers/firmware/scmi/smccc_agent.c:114:12:scmi_smccc_of_to_plat	0	static
../drivers/firmware/scmi/smccc_agent.c:40:12:scmi_smccc_process_msg	96	static
../drivers/firmware/scmi/mailbox_agent.c:41:12:scmi_mbox_process_msg	96	static
../drivers/firmware/scmi/mailbox_agent.c:74:12:setup_channel	160	static
../drivers/firmware/scmi/mailbox_agent.c:126:5:scmi_mbox_of_to_plat	0	static
../drivers/firmware/scmi/mailbox_agent.c:95:12:scmi_mbox_get_channel	48	static
../drivers/i2c/i2c-uclass.c:747:12:i2c_post_probe	48	static
../drivers/i2c/i2c-uclass.c:761:12:i2c_child_post_bind	32	static
../drivers/i2c/omap24xx_i2c.c:1143:12:omap_i2c_of_to_plat	32	static
../drivers/i2c/i2c-uclass.c:774:12:i2c_post_bind	0	static
../drivers/i2c/omap24xx_i2c.c:222:12:wait_for_bb	64	static
../drivers/i2c/omap24xx_i2c.c:254:12:wait_for_event	64	static
../drivers/i2c/omap24xx_i2c.c:284:13:flush_fifo	32	static
../drivers/i2c/omap24xx_i2c.c:1117:12:omap_i2c_probe_chip	64	static
../drivers/i2c/omap24xx_i2c.c:304:12:__omap24_i2c_setspeed	16	static
../drivers/i2c/omap24xx_i2c.c:1107:12:omap_i2c_set_bus_speed	0	static
../drivers/i2c/omap24xx_i2c.c:1126:12:omap_i2c_probe	112	static
../drivers/i2c/omap24xx_i2c.c:1062:12:omap_i2c_xfer	144	static
../drivers/mmc/mmc.c:565:12:mmc_go_idle	64	static
../drivers/mmc/mmc.c:728:12:mmc_send_op_cond_iter	64	static
../drivers/mmc/mmc.c:823:5:mmc_send_ext_csd	80	static
../drivers/mmc/mmc.c:951:12:mmc_set_card_speed	624	static
../drivers/mmc/mmc.c:1076:12:mmc_set_capacity	32	static
../drivers/mmc/mmc.c:1757:12:mmc_set_signal_voltage	0	static
../drivers/mmc/mmc.c:1823:12:sd_select_mode_and_width	304	static
../drivers/mmc/mmc.c:2862:12:mmc_power_cycle	32	static
../drivers/mmc/sdhci.c:26:13:sdhci_reset	48	static
../drivers/mtd/mtdpart.c:293:12:part_read	48	static
../drivers/mtd/mtdpart.c:334:12:part_read_oob	32	static
../drivers/mmc/am654_sdhci.c:232:13:am654_sdhci_write_itapdly	32	static
../drivers/mmc/am654_sdhci.c:568:12:j721e_4bit_sdhci_set_ios_post	32	static
../drivers/mmc/am654_sdhci.c:258:12:am654_sdhci_set_ios_post	80	static
../drivers/mtd/mtdpart.c:1111:12:part_test_mtd	0	static
../drivers/mmc/am654_sdhci.c:527:6:am654_sdhci_set_control_reg	64	static
../drivers/mmc/am654_sdhci.c:741:12:am654_sdhci_of_to_plat	64	static
../drivers/mmc/am654_sdhci.c:797:12:am654_sdhci_bind	112	static
../drivers/mtd/nand/spi/core.c:686:12:spinand_mtd_block_isbad	48	static
../drivers/firmware/scmi/scmi_agent-uclass.c:158:5:scmi_to_linux_errno	0	static
../drivers/firmware/scmi/scmi_agent-uclass.c:217:5:devm_scmi_of_get_channel	32	static
../drivers/firmware/scmi/scmi_agent-uclass.c:264:5:devm_scmi_process_msg	32	static
../drivers/firmware/scmi/base.c:78:12:scmi_protocol_attrs_int	80	static
../drivers/firmware/scmi/base.c:113:12:scmi_protocol_message_attrs_int	96	static
../drivers/firmware/scmi/base.c:148:12:scmi_base_discover_vendor_int	96	static
../drivers/firmware/scmi/base.c:185:12:scmi_base_discover_sub_vendor_int	96	static
../drivers/firmware/scmi/base.c:222:12:scmi_base_discover_impl_version_int	80	static
../drivers/firmware/scmi/base.c:258:12:scmi_base_discover_list_protocols_int	128	static
../drivers/firmware/scmi/base.c:319:12:scmi_base_discover_agent_int	112	static
../drivers/firmware/scmi/base.c:362:12:scmi_base_set_device_permissions_int	80	static
../drivers/firmware/scmi/base.c:405:12:scmi_base_set_protocol_permissions_int	80	static
../drivers/firmware/scmi/base.c:446:12:scmi_base_reset_agent_configuration_int	80	static
../drivers/firmware/scmi/base.c:28:5:scmi_generic_protocol_version	80	static
../drivers/firmware/scmi/base.c:60:12:scmi_base_protocol_version_int	0	static
../drivers/firmware/scmi/base.c:481:12:scmi_base_probe	48	static
../drivers/firmware/scmi/pwdom.c:104:5:scmi_pwd_state_set	80	static
../drivers/i2c/i2c-uclass.c:133:5:dm_i2c_read	144	static
../drivers/mmc/mmc.c:260:12:mmc_send_cmd_retry	48	static
../drivers/mmc/mmc.c:1364:12:sd_get_capabilities	464	static
../drivers/mmc/mmc.c:2969:5:mmc_start_init	160	static
../drivers/mmc/mmc-uclass.c:285:13:mmc_get_mmc_dev	0	static
../drivers/mmc/mmc-uclass.c:468:12:mmc_select_hwpart	64	static
../drivers/mmc/sdhci.c:353:12:sdhci_execute_tuning	16	static
../drivers/mmc/sdhci.c:645:12:sdhci_set_ios	32	static
../drivers/mmc/sdhci.c:765:12:sdhci_deferred_probe	16	static
../drivers/mmc/sdhci.c:779:12:sdhci_get_cd	32	static
../drivers/mmc/sdhci.c:809:12:sdhci_wait_dat0	48	static
../drivers/mmc/am654_sdhci.c:380:12:am654_sdhci_deferred_probe	80	static
../drivers/mmc/am654_sdhci.c:678:12:am654_sdhci_probe	160	static
../drivers/mmc/mmc-uclass.c:296:13:find_mmc_device	48	static
../drivers/mmc/mmc.c:507:7:mmc_bread	192	static
../drivers/mtd/mtdcore.c:156:18:__mtd_next_device	0	static
../drivers/mtd/mtdcore.c:162:6:mtd_dev_list_updated	0	static
../drivers/mtd/mtdcore.c:409:5:add_mtd_device	32	static
../drivers/mtd/mtdcore.c:803:18:get_mtd_device_nm	80	static
../drivers/mtd/mtdcore.c:895:6:__put_mtd_device	16	static
../drivers/mtd/mtdcore.c:1643:5:mtd_block_isbad	0	static
../drivers/mtd/mtd_uboot.c:22:20:get_mtdids	32	static
../drivers/mtd/mtd_uboot.c:157:12:mtd_del_parts	16	static
../drivers/mtd/nand/spi/core.c:61:5:spinand_read_reg_op	96	static
../drivers/mtd/nand/spi/core.c:75:5:spinand_write_reg_op	80	static
../drivers/mtd/nand/spi/core.c:131:5:spinand_upd_cfg	32	static
../drivers/mtd/nand/spi/core.c:155:5:spinand_select_target	32	static
../drivers/mtd/nand/spi/core.c:241:12:spinand_load_page_op	80	static
../drivers/mtd/nand/spi/core.c:428:12:spinand_wait	64	static
../drivers/i2c/i2c-uclass.c:163:5:dm_i2c_write	176	static
../drivers/mmc/mmc.c:2311:12:mmc_startup_v4	624	static
../drivers/mmc/sdhci.c:199:12:sdhci_send_command	144	static
../drivers/mtd/nand/spi/core.c:460:12:spinand_read_id_op	112	static
../drivers/mmc/mmc.c:1922:12:mmc_read_and_compare_ext_csd	608	static
../drivers/mmc/mmc.c:2157:12:mmc_select_mode_and_width	112	static
../drivers/mmc/mmc.c:3057:5:mmc_init	64	static
../drivers/mmc/mmc.c:3090:5:mmc_deinit	0	static
../drivers/mmc/mmc-uclass.c:488:12:mmc_blk_probe	48	static
../drivers/mmc/mmc-uclass.c:513:12:mmc_blk_remove	0	static
../drivers/mmc/am654_sdhci.c:478:12:am654_sdhci_execute_tuning	304	dynamic
../drivers/mtd/mtdcore.c:1201:5:mtd_ooblayout_free	48	static
../drivers/mtd/nand/spi/core.c:521:12:spinand_read_page	176	static
../drivers/mtd/nand/spi/core.c:571:12:spinand_mtd_read	192	static
../drivers/mtd/nand/spi/core.c:666:13:spinand_isbad	112	static
../drivers/mtd/mtdpart.c:95:12:mtd_parse_partition	80	static
../drivers/mtd/nand/spi/core.c:546:12:spinand_write_page	192	static
../drivers/mtd/nand/spi/core.c:625:12:spinand_mtd_write	160	static
../drivers/mtd/nand/spi/core.c:706:12:spinand_markbad	112	static
